---
http_interactions:
- request:
    method: get
    uri: https://laa-fee-calculator.service.justice.gov.uk/api/v1/fee-schemes/?case_date=2016-01-01&main_hearing_date=2016-01-01&type=AGFS
    body:
      encoding: US-ASCII
      string: ''
    headers:
      Accept:
      - application/json
      User-Agent:
      - laa-fee-calculator-client/1.4.0
      Accept-Encoding:
      - gzip;q=1.0,deflate;q=0.6,identity;q=0.3
  response:
    status:
      code: 200
      message: OK
    headers:
      Date:
      - Mon, 05 Dec 2022 16:21:30 GMT
      Content-Type:
      - application/json
      Content-Length:
      - '192'
      Connection:
      - keep-alive
      Vary:
      - Accept, Origin, Cookie
      Allow:
      - GET, HEAD, OPTIONS
      Cache-Control:
      - public, max-age=7200
      X-Frame-Options:
      - DENY
      X-Content-Type-Options:
      - nosniff
      Referrer-Policy:
      - same-origin
      Strict-Transport-Security:
      - max-age=15724800; includeSubDomains
    body:
      encoding: UTF-8
      string: '{"count":1,"next":null,"previous":null,"results":[{"id":1,"start_date":"2012-04-01","end_date":"2018-03-31","earliest_main_hearing_date":null,"type":"AGFS","description":"AGFS
        Fee Scheme 9"}]}'
  recorded_at: Mon, 05 Dec 2022 16:21:30 GMT
- request:
    method: get
    uri: https://laa-fee-calculator.service.justice.gov.uk/api/v1/fee-schemes/?case_date=2016-01-01&main_hearing_date=2016-01-01&type=AGFS
    body:
      encoding: US-ASCII
      string: ''
    headers:
      Accept:
      - application/json
      User-Agent:
      - laa-fee-calculator-client/1.4.0
      Accept-Encoding:
      - gzip;q=1.0,deflate;q=0.6,identity;q=0.3
  response:
    status:
      code: 200
      message: OK
    headers:
      Date:
      - Mon, 05 Dec 2022 16:21:30 GMT
      Content-Type:
      - application/json
      Content-Length:
      - '192'
      Connection:
      - keep-alive
      Vary:
      - Accept, Origin, Cookie
      Allow:
      - GET, HEAD, OPTIONS
      Cache-Control:
      - public, max-age=7200
      X-Frame-Options:
      - DENY
      X-Content-Type-Options:
      - nosniff
      Referrer-Policy:
      - same-origin
      Strict-Transport-Security:
      - max-age=15724800; includeSubDomains
    body:
      encoding: UTF-8
      string: '{"count":1,"next":null,"previous":null,"results":[{"id":1,"start_date":"2012-04-01","end_date":"2018-03-31","earliest_main_hearing_date":null,"type":"AGFS","description":"AGFS
        Fee Scheme 9"}]}'
  recorded_at: Mon, 05 Dec 2022 16:21:30 GMT
- request:
    method: get
    uri: https://laa-fee-calculator.service.justice.gov.uk/api/v1/fee-schemes/?case_date=2016-01-01&main_hearing_date=2016-01-01&type=AGFS
    body:
      encoding: US-ASCII
      string: ''
    headers:
      Accept:
      - application/json
      User-Agent:
      - laa-fee-calculator-client/1.4.0
      Accept-Encoding:
      - gzip;q=1.0,deflate;q=0.6,identity;q=0.3
  response:
    status:
      code: 200
      message: OK
    headers:
      Date:
      - Mon, 05 Dec 2022 16:21:30 GMT
      Content-Type:
      - application/json
      Content-Length:
      - '192'
      Connection:
      - keep-alive
      Vary:
      - Accept, Origin, Cookie
      Allow:
      - GET, HEAD, OPTIONS
      Cache-Control:
      - public, max-age=7200
      X-Frame-Options:
      - DENY
      X-Content-Type-Options:
      - nosniff
      Referrer-Policy:
      - same-origin
      Strict-Transport-Security:
      - max-age=15724800; includeSubDomains
    body:
      encoding: UTF-8
      string: '{"count":1,"next":null,"previous":null,"results":[{"id":1,"start_date":"2012-04-01","end_date":"2018-03-31","earliest_main_hearing_date":null,"type":"AGFS","description":"AGFS
        Fee Scheme 9"}]}'
  recorded_at: Mon, 05 Dec 2022 16:21:30 GMT
- request:
    method: get
    uri: https://laa-fee-calculator.service.justice.gov.uk/api/v1/fee-schemes/?case_date=2016-01-01&main_hearing_date=2016-01-01&type=AGFS
    body:
      encoding: US-ASCII
      string: ''
    headers:
      Accept:
      - application/json
      User-Agent:
      - laa-fee-calculator-client/1.4.0
      Accept-Encoding:
      - gzip;q=1.0,deflate;q=0.6,identity;q=0.3
  response:
    status:
      code: 200
      message: OK
    headers:
      Date:
      - Mon, 05 Dec 2022 16:21:30 GMT
      Content-Type:
      - application/json
      Content-Length:
      - '192'
      Connection:
      - keep-alive
      Vary:
      - Accept, Origin, Cookie
      Allow:
      - GET, HEAD, OPTIONS
      Cache-Control:
      - public, max-age=7200
      X-Frame-Options:
      - DENY
      X-Content-Type-Options:
      - nosniff
      Referrer-Policy:
      - same-origin
      Strict-Transport-Security:
      - max-age=15724800; includeSubDomains
    body:
      encoding: UTF-8
      string: '{"count":1,"next":null,"previous":null,"results":[{"id":1,"start_date":"2012-04-01","end_date":"2018-03-31","earliest_main_hearing_date":null,"type":"AGFS","description":"AGFS
        Fee Scheme 9"}]}'
  recorded_at: Mon, 05 Dec 2022 16:21:30 GMT
- request:
    method: get
    uri: https://laa-fee-calculator.service.justice.gov.uk/api/v1/fee-schemes/1/scenarios/
    body:
      encoding: US-ASCII
      string: ''
    headers:
      Accept:
      - application/json
      User-Agent:
      - laa-fee-calculator-client/1.4.0
      Accept-Encoding:
      - gzip;q=1.0,deflate;q=0.6,identity;q=0.3
  response:
    status:
      code: 200
      message: OK
    headers:
      Date:
      - Mon, 05 Dec 2022 16:21:30 GMT
      Content-Type:
      - application/json
      Content-Length:
      - '702'
      Connection:
      - keep-alive
      Vary:
      - Accept, Origin, Cookie
      Allow:
      - GET, HEAD, OPTIONS
      Cache-Control:
      - public, max-age=7200
      X-Frame-Options:
      - DENY
      X-Content-Type-Options:
      - nosniff
      Referrer-Policy:
      - same-origin
      Strict-Transport-Security:
      - max-age=15724800; includeSubDomains
    body:
      encoding: UTF-8
      string: '{"count":12,"next":null,"previous":null,"results":[{"id":1,"name":"Discontinuance","code":"AS000001"},{"id":2,"name":"Guilty
        plea","code":"AS000002"},{"id":3,"name":"Cracked trial","code":"AS000003"},{"id":4,"name":"Trial","code":"AS000004"},{"id":5,"name":"Appeal
        against conviction","code":"AS000005"},{"id":6,"name":"Appeal against sentence","code":"AS000006"},{"id":7,"name":"Committal
        for sentence","code":"AS000007"},{"id":8,"name":"Contempt","code":"AS000008"},{"id":9,"name":"Breach
        of crown court order","code":"AS000009"},{"id":10,"name":"Cracked before retrial","code":"AS000010"},{"id":11,"name":"Retrial","code":"AS000011"},{"id":12,"name":"Elected
        case not proceeded","code":"AS000014"}]}'
  recorded_at: Mon, 05 Dec 2022 16:21:30 GMT
- request:
    method: get
    uri: https://laa-fee-calculator.service.justice.gov.uk/api/v1/fee-schemes/1/scenarios/
    body:
      encoding: US-ASCII
      string: ''
    headers:
      Accept:
      - application/json
      User-Agent:
      - laa-fee-calculator-client/1.4.0
      Accept-Encoding:
      - gzip;q=1.0,deflate;q=0.6,identity;q=0.3
  response:
    status:
      code: 200
      message: OK
    headers:
      Date:
      - Mon, 05 Dec 2022 16:21:30 GMT
      Content-Type:
      - application/json
      Content-Length:
      - '702'
      Connection:
      - keep-alive
      Vary:
      - Accept, Origin, Cookie
      Allow:
      - GET, HEAD, OPTIONS
      Cache-Control:
      - public, max-age=7200
      X-Frame-Options:
      - DENY
      X-Content-Type-Options:
      - nosniff
      Referrer-Policy:
      - same-origin
      Strict-Transport-Security:
      - max-age=15724800; includeSubDomains
    body:
      encoding: UTF-8
      string: '{"count":12,"next":null,"previous":null,"results":[{"id":1,"name":"Discontinuance","code":"AS000001"},{"id":2,"name":"Guilty
        plea","code":"AS000002"},{"id":3,"name":"Cracked trial","code":"AS000003"},{"id":4,"name":"Trial","code":"AS000004"},{"id":5,"name":"Appeal
        against conviction","code":"AS000005"},{"id":6,"name":"Appeal against sentence","code":"AS000006"},{"id":7,"name":"Committal
        for sentence","code":"AS000007"},{"id":8,"name":"Contempt","code":"AS000008"},{"id":9,"name":"Breach
        of crown court order","code":"AS000009"},{"id":10,"name":"Cracked before retrial","code":"AS000010"},{"id":11,"name":"Retrial","code":"AS000011"},{"id":12,"name":"Elected
        case not proceeded","code":"AS000014"}]}'
  recorded_at: Mon, 05 Dec 2022 16:21:30 GMT
- request:
    method: get
    uri: https://laa-fee-calculator.service.justice.gov.uk/api/v1/fee-schemes/1/scenarios/
    body:
      encoding: US-ASCII
      string: ''
    headers:
      Accept:
      - application/json
      User-Agent:
      - laa-fee-calculator-client/1.4.0
      Accept-Encoding:
      - gzip;q=1.0,deflate;q=0.6,identity;q=0.3
  response:
    status:
      code: 200
      message: OK
    headers:
      Date:
      - Mon, 05 Dec 2022 16:21:30 GMT
      Content-Type:
      - application/json
      Content-Length:
      - '702'
      Connection:
      - keep-alive
      Vary:
      - Accept, Origin, Cookie
      Allow:
      - GET, HEAD, OPTIONS
      Cache-Control:
      - public, max-age=7200
      X-Frame-Options:
      - DENY
      X-Content-Type-Options:
      - nosniff
      Referrer-Policy:
      - same-origin
      Strict-Transport-Security:
      - max-age=15724800; includeSubDomains
    body:
      encoding: UTF-8
      string: '{"count":12,"next":null,"previous":null,"results":[{"id":1,"name":"Discontinuance","code":"AS000001"},{"id":2,"name":"Guilty
        plea","code":"AS000002"},{"id":3,"name":"Cracked trial","code":"AS000003"},{"id":4,"name":"Trial","code":"AS000004"},{"id":5,"name":"Appeal
        against conviction","code":"AS000005"},{"id":6,"name":"Appeal against sentence","code":"AS000006"},{"id":7,"name":"Committal
        for sentence","code":"AS000007"},{"id":8,"name":"Contempt","code":"AS000008"},{"id":9,"name":"Breach
        of crown court order","code":"AS000009"},{"id":10,"name":"Cracked before retrial","code":"AS000010"},{"id":11,"name":"Retrial","code":"AS000011"},{"id":12,"name":"Elected
        case not proceeded","code":"AS000014"}]}'
  recorded_at: Mon, 05 Dec 2022 16:21:30 GMT
- request:
    method: get
    uri: https://laa-fee-calculator.service.justice.gov.uk/api/v1/fee-schemes/1/scenarios/
    body:
      encoding: US-ASCII
      string: ''
    headers:
      Accept:
      - application/json
      User-Agent:
      - laa-fee-calculator-client/1.4.0
      Accept-Encoding:
      - gzip;q=1.0,deflate;q=0.6,identity;q=0.3
  response:
    status:
      code: 200
      message: OK
    headers:
      Date:
      - Mon, 05 Dec 2022 16:21:30 GMT
      Content-Type:
      - application/json
      Content-Length:
      - '702'
      Connection:
      - keep-alive
      Vary:
      - Accept, Origin, Cookie
      Allow:
      - GET, HEAD, OPTIONS
      Cache-Control:
      - public, max-age=7200
      X-Frame-Options:
      - DENY
      X-Content-Type-Options:
      - nosniff
      Referrer-Policy:
      - same-origin
      Strict-Transport-Security:
      - max-age=15724800; includeSubDomains
    body:
      encoding: UTF-8
      string: '{"count":12,"next":null,"previous":null,"results":[{"id":1,"name":"Discontinuance","code":"AS000001"},{"id":2,"name":"Guilty
        plea","code":"AS000002"},{"id":3,"name":"Cracked trial","code":"AS000003"},{"id":4,"name":"Trial","code":"AS000004"},{"id":5,"name":"Appeal
        against conviction","code":"AS000005"},{"id":6,"name":"Appeal against sentence","code":"AS000006"},{"id":7,"name":"Committal
        for sentence","code":"AS000007"},{"id":8,"name":"Contempt","code":"AS000008"},{"id":9,"name":"Breach
        of crown court order","code":"AS000009"},{"id":10,"name":"Cracked before retrial","code":"AS000010"},{"id":11,"name":"Retrial","code":"AS000011"},{"id":12,"name":"Elected
        case not proceeded","code":"AS000014"}]}'
  recorded_at: Mon, 05 Dec 2022 16:21:30 GMT
- request:
    method: get
    uri: https://laa-fee-calculator.service.justice.gov.uk/api/v1/fee-schemes/1/calculate/?day=0&fee_type_code=AGFS_FEE&offence_class=G&pages_of_prosecuting_evidence=0&scenario=4
    body:
      encoding: US-ASCII
      string: ''
    headers:
      Accept:
      - application/json
      User-Agent:
      - laa-fee-calculator-client/1.4.0
      Accept-Encoding:
      - gzip;q=1.0,deflate;q=0.6,identity;q=0.3
  response:
    status:
      code: 200
      message: OK
    headers:
      Date:
      - Mon, 05 Dec 2022 16:21:30 GMT
      Content-Type:
      - application/json
      Content-Length:
      - '14'
      Connection:
      - keep-alive
      Vary:
      - Accept, Origin, Cookie
      Allow:
      - GET
      Cache-Control:
      - public, max-age=7200
      X-Frame-Options:
      - DENY
      X-Content-Type-Options:
      - nosniff
      Referrer-Policy:
      - same-origin
      Strict-Transport-Security:
      - max-age=15724800; includeSubDomains
    body:
      encoding: UTF-8
      string: '{"amount":0.0}'
  recorded_at: Mon, 05 Dec 2022 16:21:30 GMT
- request:
    method: get
    uri: https://laa-fee-calculator.service.justice.gov.uk/api/v1/fee-schemes/1/calculate/?day=0&fee_type_code=AGFS_FEE&offence_class=G&pages_of_prosecuting_evidence=0&scenario=4
    body:
      encoding: US-ASCII
      string: ''
    headers:
      Accept:
      - application/json
      User-Agent:
      - laa-fee-calculator-client/1.4.0
      Accept-Encoding:
      - gzip;q=1.0,deflate;q=0.6,identity;q=0.3
  response:
    status:
      code: 200
      message: OK
    headers:
      Date:
      - Mon, 05 Dec 2022 16:21:30 GMT
      Content-Type:
      - application/json
      Content-Length:
      - '14'
      Connection:
      - keep-alive
      Vary:
      - Accept, Origin, Cookie
      Allow:
      - GET
      Cache-Control:
      - public, max-age=7200
      X-Frame-Options:
      - DENY
      X-Content-Type-Options:
      - nosniff
      Referrer-Policy:
      - same-origin
      Strict-Transport-Security:
      - max-age=15724800; includeSubDomains
    body:
      encoding: UTF-8
      string: '{"amount":0.0}'
  recorded_at: Mon, 05 Dec 2022 16:21:30 GMT
- request:
    method: get
    uri: https://laa-fee-calculator.service.justice.gov.uk/api/v1/fee-schemes/1/calculate/?day=1&fee_type_code=AGFS_FEE&offence_class=G&pages_of_prosecuting_evidence=0&scenario=4
    body:
      encoding: US-ASCII
      string: ''
    headers:
      Accept:
      - application/json
      User-Agent:
      - laa-fee-calculator-client/1.4.0
      Accept-Encoding:
      - gzip;q=1.0,deflate;q=0.6,identity;q=0.3
  response:
    status:
      code: 200
      message: OK
    headers:
      Date:
      - Mon, 05 Dec 2022 16:21:30 GMT
      Content-Type:
      - application/json
      Content-Length:
      - '14'
      Connection:
      - keep-alive
      Vary:
      - Accept, Origin, Cookie
      Allow:
      - GET
      Cache-Control:
      - public, max-age=7200
      X-Frame-Options:
      - DENY
      X-Content-Type-Options:
      - nosniff
      Referrer-Policy:
      - same-origin
      Strict-Transport-Security:
      - max-age=15724800; includeSubDomains
    body:
      encoding: UTF-8
      string: '{"amount":0.0}'
  recorded_at: Mon, 05 Dec 2022 16:21:30 GMT
- request:
    method: get
    uri: https://laa-fee-calculator.service.justice.gov.uk/api/v1/fee-schemes/1/calculate/?day=0&fee_type_code=AGFS_FEE&offence_class=G&pages_of_prosecuting_evidence=0&scenario=4
    body:
      encoding: US-ASCII
      string: ''
    headers:
      Accept:
      - application/json
      User-Agent:
      - laa-fee-calculator-client/1.4.0
      Accept-Encoding:
      - gzip;q=1.0,deflate;q=0.6,identity;q=0.3
  response:
    status:
      code: 200
      message: OK
    headers:
      Date:
      - Mon, 05 Dec 2022 16:21:30 GMT
      Content-Type:
      - application/json
      Content-Length:
      - '14'
      Connection:
      - keep-alive
      Vary:
      - Accept, Origin, Cookie
      Allow:
      - GET
      Cache-Control:
      - public, max-age=7200
      X-Frame-Options:
      - DENY
      X-Content-Type-Options:
      - nosniff
      Referrer-Policy:
      - same-origin
      Strict-Transport-Security:
      - max-age=15724800; includeSubDomains
    body:
      encoding: UTF-8
      string: '{"amount":0.0}'
  recorded_at: Mon, 05 Dec 2022 16:21:30 GMT
- request:
    method: get
    uri: https://laa-fee-calculator.service.justice.gov.uk/api/v1/fee-schemes/?case_date=2016-01-01&main_hearing_date=2016-01-01&type=AGFS
    body:
      encoding: US-ASCII
      string: ''
    headers:
      Accept:
      - application/json
      User-Agent:
      - laa-fee-calculator-client/1.4.0
      Accept-Encoding:
      - gzip;q=1.0,deflate;q=0.6,identity;q=0.3
  response:
    status:
      code: 200
      message: OK
    headers:
      Date:
      - Mon, 05 Dec 2022 16:21:30 GMT
      Content-Type:
      - application/json
      Content-Length:
      - '192'
      Connection:
      - keep-alive
      Vary:
      - Accept, Origin, Cookie
      Allow:
      - GET, HEAD, OPTIONS
      Cache-Control:
      - public, max-age=7200
      X-Frame-Options:
      - DENY
      X-Content-Type-Options:
      - nosniff
      Referrer-Policy:
      - same-origin
      Strict-Transport-Security:
      - max-age=15724800; includeSubDomains
    body:
      encoding: UTF-8
      string: '{"count":1,"next":null,"previous":null,"results":[{"id":1,"start_date":"2012-04-01","end_date":"2018-03-31","earliest_main_hearing_date":null,"type":"AGFS","description":"AGFS
        Fee Scheme 9"}]}'
  recorded_at: Mon, 05 Dec 2022 16:21:30 GMT
- request:
    method: get
    uri: https://laa-fee-calculator.service.justice.gov.uk/api/v1/fee-schemes/?case_date=2016-01-01&main_hearing_date=2016-01-01&type=AGFS
    body:
      encoding: US-ASCII
      string: ''
    headers:
      Accept:
      - application/json
      User-Agent:
      - laa-fee-calculator-client/1.4.0
      Accept-Encoding:
      - gzip;q=1.0,deflate;q=0.6,identity;q=0.3
  response:
    status:
      code: 200
      message: OK
    headers:
      Date:
      - Mon, 05 Dec 2022 16:21:30 GMT
      Content-Type:
      - application/json
      Content-Length:
      - '192'
      Connection:
      - keep-alive
      Vary:
      - Accept, Origin, Cookie
      Allow:
      - GET, HEAD, OPTIONS
      Cache-Control:
      - public, max-age=7200
      X-Frame-Options:
      - DENY
      X-Content-Type-Options:
      - nosniff
      Referrer-Policy:
      - same-origin
      Strict-Transport-Security:
      - max-age=15724800; includeSubDomains
    body:
      encoding: UTF-8
      string: '{"count":1,"next":null,"previous":null,"results":[{"id":1,"start_date":"2012-04-01","end_date":"2018-03-31","earliest_main_hearing_date":null,"type":"AGFS","description":"AGFS
        Fee Scheme 9"}]}'
  recorded_at: Mon, 05 Dec 2022 16:21:30 GMT
- request:
    method: get
    uri: https://laa-fee-calculator.service.justice.gov.uk/api/v1/fee-schemes/?case_date=2016-01-01&main_hearing_date=2016-01-01&type=AGFS
    body:
      encoding: US-ASCII
      string: ''
    headers:
      Accept:
      - application/json
      User-Agent:
      - laa-fee-calculator-client/1.4.0
      Accept-Encoding:
      - gzip;q=1.0,deflate;q=0.6,identity;q=0.3
  response:
    status:
      code: 200
      message: OK
    headers:
      Date:
      - Mon, 05 Dec 2022 16:21:30 GMT
      Content-Type:
      - application/json
      Content-Length:
      - '192'
      Connection:
      - keep-alive
      Vary:
      - Accept, Origin, Cookie
      Allow:
      - GET, HEAD, OPTIONS
      Cache-Control:
      - public, max-age=7200
      X-Frame-Options:
      - DENY
      X-Content-Type-Options:
      - nosniff
      Referrer-Policy:
      - same-origin
      Strict-Transport-Security:
      - max-age=15724800; includeSubDomains
    body:
      encoding: UTF-8
      string: '{"count":1,"next":null,"previous":null,"results":[{"id":1,"start_date":"2012-04-01","end_date":"2018-03-31","earliest_main_hearing_date":null,"type":"AGFS","description":"AGFS
        Fee Scheme 9"}]}'
  recorded_at: Mon, 05 Dec 2022 16:21:30 GMT
- request:
    method: get
    uri: https://laa-fee-calculator.service.justice.gov.uk/api/v1/fee-schemes/?case_date=2016-01-01&main_hearing_date=2016-01-01&type=AGFS
    body:
      encoding: US-ASCII
      string: ''
    headers:
      Accept:
      - application/json
      User-Agent:
      - laa-fee-calculator-client/1.4.0
      Accept-Encoding:
      - gzip;q=1.0,deflate;q=0.6,identity;q=0.3
  response:
    status:
      code: 200
      message: OK
    headers:
      Date:
      - Mon, 05 Dec 2022 16:21:30 GMT
      Content-Type:
      - application/json
      Content-Length:
      - '192'
      Connection:
      - keep-alive
      Vary:
      - Accept, Origin, Cookie
      Allow:
      - GET, HEAD, OPTIONS
      Cache-Control:
      - public, max-age=7200
      X-Frame-Options:
      - DENY
      X-Content-Type-Options:
      - nosniff
      Referrer-Policy:
      - same-origin
      Strict-Transport-Security:
      - max-age=15724800; includeSubDomains
    body:
      encoding: UTF-8
      string: '{"count":1,"next":null,"previous":null,"results":[{"id":1,"start_date":"2012-04-01","end_date":"2018-03-31","earliest_main_hearing_date":null,"type":"AGFS","description":"AGFS
        Fee Scheme 9"}]}'
  recorded_at: Mon, 05 Dec 2022 16:21:30 GMT
- request:
    method: get
    uri: https://laa-fee-calculator.service.justice.gov.uk/api/v1/fee-schemes/1/scenarios/
    body:
      encoding: US-ASCII
      string: ''
    headers:
      Accept:
      - application/json
      User-Agent:
      - laa-fee-calculator-client/1.4.0
      Accept-Encoding:
      - gzip;q=1.0,deflate;q=0.6,identity;q=0.3
  response:
    status:
      code: 200
      message: OK
    headers:
      Date:
      - Mon, 05 Dec 2022 16:21:30 GMT
      Content-Type:
      - application/json
      Content-Length:
      - '702'
      Connection:
      - keep-alive
      Vary:
      - Accept, Origin, Cookie
      Allow:
      - GET, HEAD, OPTIONS
      Cache-Control:
      - public, max-age=7200
      X-Frame-Options:
      - DENY
      X-Content-Type-Options:
      - nosniff
      Referrer-Policy:
      - same-origin
      Strict-Transport-Security:
      - max-age=15724800; includeSubDomains
    body:
      encoding: UTF-8
      string: '{"count":12,"next":null,"previous":null,"results":[{"id":1,"name":"Discontinuance","code":"AS000001"},{"id":2,"name":"Guilty
        plea","code":"AS000002"},{"id":3,"name":"Cracked trial","code":"AS000003"},{"id":4,"name":"Trial","code":"AS000004"},{"id":5,"name":"Appeal
        against conviction","code":"AS000005"},{"id":6,"name":"Appeal against sentence","code":"AS000006"},{"id":7,"name":"Committal
        for sentence","code":"AS000007"},{"id":8,"name":"Contempt","code":"AS000008"},{"id":9,"name":"Breach
        of crown court order","code":"AS000009"},{"id":10,"name":"Cracked before retrial","code":"AS000010"},{"id":11,"name":"Retrial","code":"AS000011"},{"id":12,"name":"Elected
        case not proceeded","code":"AS000014"}]}'
  recorded_at: Mon, 05 Dec 2022 16:21:30 GMT
- request:
    method: get
    uri: https://laa-fee-calculator.service.justice.gov.uk/api/v1/fee-schemes/1/scenarios/
    body:
      encoding: US-ASCII
      string: ''
    headers:
      Accept:
      - application/json
      User-Agent:
      - laa-fee-calculator-client/1.4.0
      Accept-Encoding:
      - gzip;q=1.0,deflate;q=0.6,identity;q=0.3
  response:
    status:
      code: 200
      message: OK
    headers:
      Date:
      - Mon, 05 Dec 2022 16:21:30 GMT
      Content-Type:
      - application/json
      Content-Length:
      - '702'
      Connection:
      - keep-alive
      Vary:
      - Accept, Origin, Cookie
      Allow:
      - GET, HEAD, OPTIONS
      Cache-Control:
      - public, max-age=7200
      X-Frame-Options:
      - DENY
      X-Content-Type-Options:
      - nosniff
      Referrer-Policy:
      - same-origin
      Strict-Transport-Security:
      - max-age=15724800; includeSubDomains
    body:
      encoding: UTF-8
      string: '{"count":12,"next":null,"previous":null,"results":[{"id":1,"name":"Discontinuance","code":"AS000001"},{"id":2,"name":"Guilty
        plea","code":"AS000002"},{"id":3,"name":"Cracked trial","code":"AS000003"},{"id":4,"name":"Trial","code":"AS000004"},{"id":5,"name":"Appeal
        against conviction","code":"AS000005"},{"id":6,"name":"Appeal against sentence","code":"AS000006"},{"id":7,"name":"Committal
        for sentence","code":"AS000007"},{"id":8,"name":"Contempt","code":"AS000008"},{"id":9,"name":"Breach
        of crown court order","code":"AS000009"},{"id":10,"name":"Cracked before retrial","code":"AS000010"},{"id":11,"name":"Retrial","code":"AS000011"},{"id":12,"name":"Elected
        case not proceeded","code":"AS000014"}]}'
  recorded_at: Mon, 05 Dec 2022 16:21:30 GMT
- request:
    method: get
    uri: https://laa-fee-calculator.service.justice.gov.uk/api/v1/fee-schemes/1/scenarios/
    body:
      encoding: US-ASCII
      string: ''
    headers:
      Accept:
      - application/json
      User-Agent:
      - laa-fee-calculator-client/1.4.0
      Accept-Encoding:
      - gzip;q=1.0,deflate;q=0.6,identity;q=0.3
  response:
    status:
      code: 200
      message: OK
    headers:
      Date:
      - Mon, 05 Dec 2022 16:21:30 GMT
      Content-Type:
      - application/json
      Content-Length:
      - '702'
      Connection:
      - keep-alive
      Vary:
      - Accept, Origin, Cookie
      Allow:
      - GET, HEAD, OPTIONS
      Cache-Control:
      - public, max-age=7200
      X-Frame-Options:
      - DENY
      X-Content-Type-Options:
      - nosniff
      Referrer-Policy:
      - same-origin
      Strict-Transport-Security:
      - max-age=15724800; includeSubDomains
    body:
      encoding: UTF-8
      string: '{"count":12,"next":null,"previous":null,"results":[{"id":1,"name":"Discontinuance","code":"AS000001"},{"id":2,"name":"Guilty
        plea","code":"AS000002"},{"id":3,"name":"Cracked trial","code":"AS000003"},{"id":4,"name":"Trial","code":"AS000004"},{"id":5,"name":"Appeal
        against conviction","code":"AS000005"},{"id":6,"name":"Appeal against sentence","code":"AS000006"},{"id":7,"name":"Committal
        for sentence","code":"AS000007"},{"id":8,"name":"Contempt","code":"AS000008"},{"id":9,"name":"Breach
        of crown court order","code":"AS000009"},{"id":10,"name":"Cracked before retrial","code":"AS000010"},{"id":11,"name":"Retrial","code":"AS000011"},{"id":12,"name":"Elected
        case not proceeded","code":"AS000014"}]}'
  recorded_at: Mon, 05 Dec 2022 16:21:30 GMT
- request:
    method: get
    uri: https://laa-fee-calculator.service.justice.gov.uk/api/v1/fee-schemes/1/scenarios/
    body:
      encoding: US-ASCII
      string: ''
    headers:
      Accept:
      - application/json
      User-Agent:
      - laa-fee-calculator-client/1.4.0
      Accept-Encoding:
      - gzip;q=1.0,deflate;q=0.6,identity;q=0.3
  response:
    status:
      code: 200
      message: OK
    headers:
      Date:
      - Mon, 05 Dec 2022 16:21:30 GMT
      Content-Type:
      - application/json
      Content-Length:
      - '702'
      Connection:
      - keep-alive
      Vary:
      - Accept, Origin, Cookie
      Allow:
      - GET, HEAD, OPTIONS
      Cache-Control:
      - public, max-age=7200
      X-Frame-Options:
      - DENY
      X-Content-Type-Options:
      - nosniff
      Referrer-Policy:
      - same-origin
      Strict-Transport-Security:
      - max-age=15724800; includeSubDomains
    body:
      encoding: UTF-8
      string: '{"count":12,"next":null,"previous":null,"results":[{"id":1,"name":"Discontinuance","code":"AS000001"},{"id":2,"name":"Guilty
        plea","code":"AS000002"},{"id":3,"name":"Cracked trial","code":"AS000003"},{"id":4,"name":"Trial","code":"AS000004"},{"id":5,"name":"Appeal
        against conviction","code":"AS000005"},{"id":6,"name":"Appeal against sentence","code":"AS000006"},{"id":7,"name":"Committal
        for sentence","code":"AS000007"},{"id":8,"name":"Contempt","code":"AS000008"},{"id":9,"name":"Breach
        of crown court order","code":"AS000009"},{"id":10,"name":"Cracked before retrial","code":"AS000010"},{"id":11,"name":"Retrial","code":"AS000011"},{"id":12,"name":"Elected
        case not proceeded","code":"AS000014"}]}'
  recorded_at: Mon, 05 Dec 2022 16:21:30 GMT
- request:
    method: get
    uri: https://laa-fee-calculator.service.justice.gov.uk/api/v1/fee-schemes/1/calculate/?day=0&fee_type_code=AGFS_FEE&offence_class=G&pages_of_prosecuting_evidence=0&scenario=4
    body:
      encoding: US-ASCII
      string: ''
    headers:
      Accept:
      - application/json
      User-Agent:
      - laa-fee-calculator-client/1.4.0
      Accept-Encoding:
      - gzip;q=1.0,deflate;q=0.6,identity;q=0.3
  response:
    status:
      code: 200
      message: OK
    headers:
      Date:
      - Mon, 05 Dec 2022 16:21:30 GMT
      Content-Type:
      - application/json
      Content-Length:
      - '14'
      Connection:
      - keep-alive
      Vary:
      - Accept, Origin, Cookie
      Allow:
      - GET
      Cache-Control:
      - public, max-age=7200
      X-Frame-Options:
      - DENY
      X-Content-Type-Options:
      - nosniff
      Referrer-Policy:
      - same-origin
      Strict-Transport-Security:
      - max-age=15724800; includeSubDomains
    body:
      encoding: UTF-8
      string: '{"amount":0.0}'
  recorded_at: Mon, 05 Dec 2022 16:21:30 GMT
- request:
    method: get
    uri: https://laa-fee-calculator.service.justice.gov.uk/api/v1/fee-schemes/1/calculate/?day=1&fee_type_code=AGFS_FEE&offence_class=G&pages_of_prosecuting_evidence=0&scenario=4
    body:
      encoding: US-ASCII
      string: ''
    headers:
      Accept:
      - application/json
      User-Agent:
      - laa-fee-calculator-client/1.4.0
      Accept-Encoding:
      - gzip;q=1.0,deflate;q=0.6,identity;q=0.3
  response:
    status:
      code: 200
      message: OK
    headers:
      Date:
      - Mon, 05 Dec 2022 16:21:30 GMT
      Content-Type:
      - application/json
      Content-Length:
      - '14'
      Connection:
      - keep-alive
      Vary:
      - Accept, Origin, Cookie
      Allow:
      - GET
      Cache-Control:
      - public, max-age=7200
      X-Frame-Options:
      - DENY
      X-Content-Type-Options:
      - nosniff
      Referrer-Policy:
      - same-origin
      Strict-Transport-Security:
      - max-age=15724800; includeSubDomains
    body:
      encoding: UTF-8
      string: '{"amount":0.0}'
  recorded_at: Mon, 05 Dec 2022 16:21:30 GMT
- request:
    method: get
    uri: https://laa-fee-calculator.service.justice.gov.uk/api/v1/fee-schemes/1/calculate/?day=0&fee_type_code=AGFS_FEE&offence_class=G&pages_of_prosecuting_evidence=0&scenario=4
    body:
      encoding: US-ASCII
      string: ''
    headers:
      Accept:
      - application/json
      User-Agent:
      - laa-fee-calculator-client/1.4.0
      Accept-Encoding:
      - gzip;q=1.0,deflate;q=0.6,identity;q=0.3
  response:
    status:
      code: 200
      message: OK
    headers:
      Date:
      - Mon, 05 Dec 2022 16:21:30 GMT
      Content-Type:
      - application/json
      Content-Length:
      - '14'
      Connection:
      - keep-alive
      Vary:
      - Accept, Origin, Cookie
      Allow:
      - GET
      Cache-Control:
      - public, max-age=7200
      X-Frame-Options:
      - DENY
      X-Content-Type-Options:
      - nosniff
      Referrer-Policy:
      - same-origin
      Strict-Transport-Security:
      - max-age=15724800; includeSubDomains
    body:
      encoding: UTF-8
      string: '{"amount":0.0}'
  recorded_at: Mon, 05 Dec 2022 16:21:30 GMT
- request:
    method: get
    uri: https://laa-fee-calculator.service.justice.gov.uk/api/v1/fee-schemes/1/calculate/?day=1&fee_type_code=AGFS_FEE&offence_class=G&pages_of_prosecuting_evidence=0&scenario=4
    body:
      encoding: US-ASCII
      string: ''
    headers:
      Accept:
      - application/json
      User-Agent:
      - laa-fee-calculator-client/1.4.0
      Accept-Encoding:
      - gzip;q=1.0,deflate;q=0.6,identity;q=0.3
  response:
    status:
      code: 200
      message: OK
    headers:
      Date:
      - Mon, 05 Dec 2022 16:21:30 GMT
      Content-Type:
      - application/json
      Content-Length:
      - '14'
      Connection:
      - keep-alive
      Vary:
      - Accept, Origin, Cookie
      Allow:
      - GET
      Cache-Control:
      - public, max-age=7200
      X-Frame-Options:
      - DENY
      X-Content-Type-Options:
      - nosniff
      Referrer-Policy:
      - same-origin
      Strict-Transport-Security:
      - max-age=15724800; includeSubDomains
    body:
      encoding: UTF-8
      string: '{"amount":0.0}'
  recorded_at: Mon, 05 Dec 2022 16:21:30 GMT
- request:
    method: get
    uri: https://laa-fee-calculator.service.justice.gov.uk/api/v1/fee-schemes/?case_date=2016-01-01&main_hearing_date=2016-01-01&type=AGFS
    body:
      encoding: US-ASCII
      string: ''
    headers:
      Accept:
      - application/json
      User-Agent:
      - laa-fee-calculator-client/1.4.0
      Accept-Encoding:
      - gzip;q=1.0,deflate;q=0.6,identity;q=0.3
  response:
    status:
      code: 200
      message: OK
    headers:
      Date:
      - Mon, 05 Dec 2022 16:21:31 GMT
      Content-Type:
      - application/json
      Content-Length:
      - '192'
      Connection:
      - keep-alive
      Vary:
      - Accept, Origin, Cookie
      Allow:
      - GET, HEAD, OPTIONS
      Cache-Control:
      - public, max-age=7200
      X-Frame-Options:
      - DENY
      X-Content-Type-Options:
      - nosniff
      Referrer-Policy:
      - same-origin
      Strict-Transport-Security:
      - max-age=15724800; includeSubDomains
    body:
      encoding: UTF-8
      string: '{"count":1,"next":null,"previous":null,"results":[{"id":1,"start_date":"2012-04-01","end_date":"2018-03-31","earliest_main_hearing_date":null,"type":"AGFS","description":"AGFS
        Fee Scheme 9"}]}'
  recorded_at: Mon, 05 Dec 2022 16:21:30 GMT
- request:
    method: get
    uri: https://laa-fee-calculator.service.justice.gov.uk/api/v1/fee-schemes/1/scenarios/
    body:
      encoding: US-ASCII
      string: ''
    headers:
      Accept:
      - application/json
      User-Agent:
      - laa-fee-calculator-client/1.4.0
      Accept-Encoding:
      - gzip;q=1.0,deflate;q=0.6,identity;q=0.3
  response:
    status:
      code: 200
      message: OK
    headers:
      Date:
      - Mon, 05 Dec 2022 16:21:31 GMT
      Content-Type:
      - application/json
      Content-Length:
      - '702'
      Connection:
      - keep-alive
      Vary:
      - Accept, Origin, Cookie
      Allow:
      - GET, HEAD, OPTIONS
      Cache-Control:
      - public, max-age=7200
      X-Frame-Options:
      - DENY
      X-Content-Type-Options:
      - nosniff
      Referrer-Policy:
      - same-origin
      Strict-Transport-Security:
      - max-age=15724800; includeSubDomains
    body:
      encoding: UTF-8
      string: '{"count":12,"next":null,"previous":null,"results":[{"id":1,"name":"Discontinuance","code":"AS000001"},{"id":2,"name":"Guilty
        plea","code":"AS000002"},{"id":3,"name":"Cracked trial","code":"AS000003"},{"id":4,"name":"Trial","code":"AS000004"},{"id":5,"name":"Appeal
        against conviction","code":"AS000005"},{"id":6,"name":"Appeal against sentence","code":"AS000006"},{"id":7,"name":"Committal
        for sentence","code":"AS000007"},{"id":8,"name":"Contempt","code":"AS000008"},{"id":9,"name":"Breach
        of crown court order","code":"AS000009"},{"id":10,"name":"Cracked before retrial","code":"AS000010"},{"id":11,"name":"Retrial","code":"AS000011"},{"id":12,"name":"Elected
        case not proceeded","code":"AS000014"}]}'
  recorded_at: Mon, 05 Dec 2022 16:21:31 GMT
- request:
    method: get
    uri: https://laa-fee-calculator.service.justice.gov.uk/api/v1/fee-schemes/1/calculate/?day=0&fee_type_code=AGFS_FEE&offence_class=G&pages_of_prosecuting_evidence=0&scenario=4
    body:
      encoding: US-ASCII
      string: ''
    headers:
      Accept:
      - application/json
      User-Agent:
      - laa-fee-calculator-client/1.4.0
      Accept-Encoding:
      - gzip;q=1.0,deflate;q=0.6,identity;q=0.3
  response:
    status:
      code: 200
      message: OK
    headers:
      Date:
      - Mon, 05 Dec 2022 16:21:31 GMT
      Content-Type:
      - application/json
      Content-Length:
      - '14'
      Connection:
      - keep-alive
      Vary:
      - Accept, Origin, Cookie
      Allow:
      - GET
      Cache-Control:
      - public, max-age=7200
      X-Frame-Options:
      - DENY
      X-Content-Type-Options:
      - nosniff
      Referrer-Policy:
      - same-origin
      Strict-Transport-Security:
      - max-age=15724800; includeSubDomains
    body:
      encoding: UTF-8
      string: '{"amount":0.0}'
  recorded_at: Mon, 05 Dec 2022 16:21:31 GMT
- request:
    method: get
    uri: https://laa-fee-calculator.service.justice.gov.uk/api/v1/fee-schemes/?case_date=2016-01-01&main_hearing_date=2016-01-01&type=AGFS
    body:
      encoding: US-ASCII
      string: ''
    headers:
      Accept:
      - application/json
      User-Agent:
      - laa-fee-calculator-client/1.4.0
      Accept-Encoding:
      - gzip;q=1.0,deflate;q=0.6,identity;q=0.3
  response:
    status:
      code: 200
      message: OK
    headers:
      Date:
      - Mon, 05 Dec 2022 16:21:32 GMT
      Content-Type:
      - application/json
      Content-Length:
      - '192'
      Connection:
      - keep-alive
      Vary:
      - Accept, Origin, Cookie
      Allow:
      - GET, HEAD, OPTIONS
      Cache-Control:
      - public, max-age=7200
      X-Frame-Options:
      - DENY
      X-Content-Type-Options:
      - nosniff
      Referrer-Policy:
      - same-origin
      Strict-Transport-Security:
      - max-age=15724800; includeSubDomains
    body:
      encoding: UTF-8
      string: '{"count":1,"next":null,"previous":null,"results":[{"id":1,"start_date":"2012-04-01","end_date":"2018-03-31","earliest_main_hearing_date":null,"type":"AGFS","description":"AGFS
        Fee Scheme 9"}]}'
  recorded_at: Mon, 05 Dec 2022 16:21:32 GMT
- request:
    method: get
    uri: https://laa-fee-calculator.service.justice.gov.uk/api/v1/fee-schemes/?case_date=2016-01-01&main_hearing_date=2016-01-01&type=AGFS
    body:
      encoding: US-ASCII
      string: ''
    headers:
      Accept:
      - application/json
      User-Agent:
      - laa-fee-calculator-client/1.4.0
      Accept-Encoding:
      - gzip;q=1.0,deflate;q=0.6,identity;q=0.3
  response:
    status:
      code: 200
      message: OK
    headers:
      Date:
      - Mon, 05 Dec 2022 16:21:32 GMT
      Content-Type:
      - application/json
      Content-Length:
      - '192'
      Connection:
      - keep-alive
      Vary:
      - Accept, Origin, Cookie
      Allow:
      - GET, HEAD, OPTIONS
      Cache-Control:
      - public, max-age=7200
      X-Frame-Options:
      - DENY
      X-Content-Type-Options:
      - nosniff
      Referrer-Policy:
      - same-origin
      Strict-Transport-Security:
      - max-age=15724800; includeSubDomains
    body:
      encoding: UTF-8
      string: '{"count":1,"next":null,"previous":null,"results":[{"id":1,"start_date":"2012-04-01","end_date":"2018-03-31","earliest_main_hearing_date":null,"type":"AGFS","description":"AGFS
        Fee Scheme 9"}]}'
  recorded_at: Mon, 05 Dec 2022 16:21:32 GMT
- request:
    method: get
    uri: https://laa-fee-calculator.service.justice.gov.uk/api/v1/fee-schemes/?case_date=2016-01-01&main_hearing_date=2016-01-01&type=AGFS
    body:
      encoding: US-ASCII
      string: ''
    headers:
      Accept:
      - application/json
      User-Agent:
      - laa-fee-calculator-client/1.4.0
      Accept-Encoding:
      - gzip;q=1.0,deflate;q=0.6,identity;q=0.3
  response:
    status:
      code: 200
      message: OK
    headers:
      Date:
      - Mon, 05 Dec 2022 16:21:32 GMT
      Content-Type:
      - application/json
      Content-Length:
      - '192'
      Connection:
      - keep-alive
      Vary:
      - Accept, Origin, Cookie
      Allow:
      - GET, HEAD, OPTIONS
      Cache-Control:
      - public, max-age=7200
      X-Frame-Options:
      - DENY
      X-Content-Type-Options:
      - nosniff
      Referrer-Policy:
      - same-origin
      Strict-Transport-Security:
      - max-age=15724800; includeSubDomains
    body:
      encoding: UTF-8
      string: '{"count":1,"next":null,"previous":null,"results":[{"id":1,"start_date":"2012-04-01","end_date":"2018-03-31","earliest_main_hearing_date":null,"type":"AGFS","description":"AGFS
        Fee Scheme 9"}]}'
  recorded_at: Mon, 05 Dec 2022 16:21:32 GMT
- request:
    method: get
    uri: https://laa-fee-calculator.service.justice.gov.uk/api/v1/fee-schemes/1/scenarios/
    body:
      encoding: US-ASCII
      string: ''
    headers:
      Accept:
      - application/json
      User-Agent:
      - laa-fee-calculator-client/1.4.0
      Accept-Encoding:
      - gzip;q=1.0,deflate;q=0.6,identity;q=0.3
  response:
    status:
      code: 200
      message: OK
    headers:
      Date:
      - Mon, 05 Dec 2022 16:21:32 GMT
      Content-Type:
      - application/json
      Content-Length:
      - '702'
      Connection:
      - keep-alive
      Vary:
      - Accept, Origin, Cookie
      Allow:
      - GET, HEAD, OPTIONS
      Cache-Control:
      - public, max-age=7200
      X-Frame-Options:
      - DENY
      X-Content-Type-Options:
      - nosniff
      Referrer-Policy:
      - same-origin
      Strict-Transport-Security:
      - max-age=15724800; includeSubDomains
    body:
      encoding: UTF-8
      string: '{"count":12,"next":null,"previous":null,"results":[{"id":1,"name":"Discontinuance","code":"AS000001"},{"id":2,"name":"Guilty
        plea","code":"AS000002"},{"id":3,"name":"Cracked trial","code":"AS000003"},{"id":4,"name":"Trial","code":"AS000004"},{"id":5,"name":"Appeal
        against conviction","code":"AS000005"},{"id":6,"name":"Appeal against sentence","code":"AS000006"},{"id":7,"name":"Committal
        for sentence","code":"AS000007"},{"id":8,"name":"Contempt","code":"AS000008"},{"id":9,"name":"Breach
        of crown court order","code":"AS000009"},{"id":10,"name":"Cracked before retrial","code":"AS000010"},{"id":11,"name":"Retrial","code":"AS000011"},{"id":12,"name":"Elected
        case not proceeded","code":"AS000014"}]}'
  recorded_at: Mon, 05 Dec 2022 16:21:32 GMT
- request:
    method: get
    uri: https://laa-fee-calculator.service.justice.gov.uk/api/v1/fee-schemes/1/scenarios/
    body:
      encoding: US-ASCII
      string: ''
    headers:
      Accept:
      - application/json
      User-Agent:
      - laa-fee-calculator-client/1.4.0
      Accept-Encoding:
      - gzip;q=1.0,deflate;q=0.6,identity;q=0.3
  response:
    status:
      code: 200
      message: OK
    headers:
      Date:
      - Mon, 05 Dec 2022 16:21:32 GMT
      Content-Type:
      - application/json
      Content-Length:
      - '702'
      Connection:
      - keep-alive
      Vary:
      - Accept, Origin, Cookie
      Allow:
      - GET, HEAD, OPTIONS
      Cache-Control:
      - public, max-age=7200
      X-Frame-Options:
      - DENY
      X-Content-Type-Options:
      - nosniff
      Referrer-Policy:
      - same-origin
      Strict-Transport-Security:
      - max-age=15724800; includeSubDomains
    body:
      encoding: UTF-8
      string: '{"count":12,"next":null,"previous":null,"results":[{"id":1,"name":"Discontinuance","code":"AS000001"},{"id":2,"name":"Guilty
        plea","code":"AS000002"},{"id":3,"name":"Cracked trial","code":"AS000003"},{"id":4,"name":"Trial","code":"AS000004"},{"id":5,"name":"Appeal
        against conviction","code":"AS000005"},{"id":6,"name":"Appeal against sentence","code":"AS000006"},{"id":7,"name":"Committal
        for sentence","code":"AS000007"},{"id":8,"name":"Contempt","code":"AS000008"},{"id":9,"name":"Breach
        of crown court order","code":"AS000009"},{"id":10,"name":"Cracked before retrial","code":"AS000010"},{"id":11,"name":"Retrial","code":"AS000011"},{"id":12,"name":"Elected
        case not proceeded","code":"AS000014"}]}'
  recorded_at: Mon, 05 Dec 2022 16:21:32 GMT
- request:
    method: get
    uri: https://laa-fee-calculator.service.justice.gov.uk/api/v1/fee-schemes/1/scenarios/
    body:
      encoding: US-ASCII
      string: ''
    headers:
      Accept:
      - application/json
      User-Agent:
      - laa-fee-calculator-client/1.4.0
      Accept-Encoding:
      - gzip;q=1.0,deflate;q=0.6,identity;q=0.3
  response:
    status:
      code: 200
      message: OK
    headers:
      Date:
      - Mon, 05 Dec 2022 16:21:32 GMT
      Content-Type:
      - application/json
      Content-Length:
      - '702'
      Connection:
      - keep-alive
      Vary:
      - Accept, Origin, Cookie
      Allow:
      - GET, HEAD, OPTIONS
      Cache-Control:
      - public, max-age=7200
      X-Frame-Options:
      - DENY
      X-Content-Type-Options:
      - nosniff
      Referrer-Policy:
      - same-origin
      Strict-Transport-Security:
      - max-age=15724800; includeSubDomains
    body:
      encoding: UTF-8
      string: '{"count":12,"next":null,"previous":null,"results":[{"id":1,"name":"Discontinuance","code":"AS000001"},{"id":2,"name":"Guilty
        plea","code":"AS000002"},{"id":3,"name":"Cracked trial","code":"AS000003"},{"id":4,"name":"Trial","code":"AS000004"},{"id":5,"name":"Appeal
        against conviction","code":"AS000005"},{"id":6,"name":"Appeal against sentence","code":"AS000006"},{"id":7,"name":"Committal
        for sentence","code":"AS000007"},{"id":8,"name":"Contempt","code":"AS000008"},{"id":9,"name":"Breach
        of crown court order","code":"AS000009"},{"id":10,"name":"Cracked before retrial","code":"AS000010"},{"id":11,"name":"Retrial","code":"AS000011"},{"id":12,"name":"Elected
        case not proceeded","code":"AS000014"}]}'
  recorded_at: Mon, 05 Dec 2022 16:21:32 GMT
- request:
    method: get
    uri: https://laa-fee-calculator.service.justice.gov.uk/api/v1/fee-schemes/1/calculate/?advocate_type=JRALONE&day=1&fee_type_code=AGFS_FEE&offence_class=G&pages_of_prosecuting_evidence=0&scenario=4
    body:
      encoding: US-ASCII
      string: ''
    headers:
      Accept:
      - application/json
      User-Agent:
      - laa-fee-calculator-client/1.4.0
      Accept-Encoding:
      - gzip;q=1.0,deflate;q=0.6,identity;q=0.3
  response:
    status:
      code: 200
      message: OK
    headers:
      Date:
      - Mon, 05 Dec 2022 16:21:32 GMT
      Content-Type:
      - application/json
      Content-Length:
      - '16'
      Connection:
      - keep-alive
      Vary:
      - Accept, Origin, Cookie
      Allow:
      - GET
      Cache-Control:
      - public, max-age=7200
      X-Frame-Options:
      - DENY
      X-Content-Type-Options:
      - nosniff
      Referrer-Policy:
      - same-origin
      Strict-Transport-Security:
      - max-age=15724800; includeSubDomains
    body:
      encoding: UTF-8
      string: '{"amount":694.0}'
  recorded_at: Mon, 05 Dec 2022 16:21:32 GMT
- request:
    method: get
    uri: https://laa-fee-calculator.service.justice.gov.uk/api/v1/fee-schemes/1/calculate/?advocate_type=JRALONE&day=0&fee_type_code=AGFS_FEE&offence_class=G&pages_of_prosecuting_evidence=0&scenario=4
    body:
      encoding: US-ASCII
      string: ''
    headers:
      Accept:
      - application/json
      User-Agent:
      - laa-fee-calculator-client/1.4.0
      Accept-Encoding:
      - gzip;q=1.0,deflate;q=0.6,identity;q=0.3
  response:
    status:
      code: 200
      message: OK
    headers:
      Date:
      - Mon, 05 Dec 2022 16:21:32 GMT
      Content-Type:
      - application/json
      Content-Length:
      - '14'
      Connection:
      - keep-alive
      Vary:
      - Accept, Origin, Cookie
      Allow:
      - GET
      Cache-Control:
      - public, max-age=7200
      X-Frame-Options:
      - DENY
      X-Content-Type-Options:
      - nosniff
      Referrer-Policy:
      - same-origin
      Strict-Transport-Security:
      - max-age=15724800; includeSubDomains
    body:
      encoding: UTF-8
      string: '{"amount":0.0}'
  recorded_at: Mon, 05 Dec 2022 16:21:32 GMT
- request:
    method: get
    uri: https://laa-fee-calculator.service.justice.gov.uk/api/v1/fee-schemes/1/calculate/?advocate_type=JRALONE&day=0&fee_type_code=AGFS_FEE&offence_class=G&pages_of_prosecuting_evidence=0&scenario=4
    body:
      encoding: US-ASCII
      string: ''
    headers:
      Accept:
      - application/json
      User-Agent:
      - laa-fee-calculator-client/1.4.0
      Accept-Encoding:
      - gzip;q=1.0,deflate;q=0.6,identity;q=0.3
  response:
    status:
      code: 200
      message: OK
    headers:
      Date:
      - Mon, 05 Dec 2022 16:21:32 GMT
      Content-Type:
      - application/json
      Content-Length:
      - '14'
      Connection:
      - keep-alive
      Vary:
      - Accept, Origin, Cookie
      Allow:
      - GET
      Cache-Control:
      - public, max-age=7200
      X-Frame-Options:
      - DENY
      X-Content-Type-Options:
      - nosniff
      Referrer-Policy:
      - same-origin
      Strict-Transport-Security:
      - max-age=15724800; includeSubDomains
    body:
      encoding: UTF-8
      string: '{"amount":0.0}'
  recorded_at: Mon, 05 Dec 2022 16:21:32 GMT
- request:
    method: get
    uri: https://laa-fee-calculator.service.justice.gov.uk/api/v1/fee-schemes/?case_date=2016-01-01&main_hearing_date=2016-01-01&type=AGFS
    body:
      encoding: US-ASCII
      string: ''
    headers:
      Accept:
      - application/json
      User-Agent:
      - laa-fee-calculator-client/1.4.0
      Accept-Encoding:
      - gzip;q=1.0,deflate;q=0.6,identity;q=0.3
  response:
    status:
      code: 200
      message: OK
    headers:
      Date:
      - Mon, 05 Dec 2022 16:21:32 GMT
      Content-Type:
      - application/json
      Content-Length:
      - '192'
      Connection:
      - keep-alive
      Vary:
      - Accept, Origin, Cookie
      Allow:
      - GET, HEAD, OPTIONS
      Cache-Control:
      - public, max-age=7200
      X-Frame-Options:
      - DENY
      X-Content-Type-Options:
      - nosniff
      Referrer-Policy:
      - same-origin
      Strict-Transport-Security:
      - max-age=15724800; includeSubDomains
    body:
      encoding: UTF-8
      string: '{"count":1,"next":null,"previous":null,"results":[{"id":1,"start_date":"2012-04-01","end_date":"2018-03-31","earliest_main_hearing_date":null,"type":"AGFS","description":"AGFS
        Fee Scheme 9"}]}'
  recorded_at: Mon, 05 Dec 2022 16:21:32 GMT
- request:
    method: get
    uri: https://laa-fee-calculator.service.justice.gov.uk/api/v1/fee-schemes/1/scenarios/
    body:
      encoding: US-ASCII
      string: ''
    headers:
      Accept:
      - application/json
      User-Agent:
      - laa-fee-calculator-client/1.4.0
      Accept-Encoding:
      - gzip;q=1.0,deflate;q=0.6,identity;q=0.3
  response:
    status:
      code: 200
      message: OK
    headers:
      Date:
      - Mon, 05 Dec 2022 16:21:32 GMT
      Content-Type:
      - application/json
      Content-Length:
      - '702'
      Connection:
      - keep-alive
      Vary:
      - Accept, Origin, Cookie
      Allow:
      - GET, HEAD, OPTIONS
      Cache-Control:
      - public, max-age=7200
      X-Frame-Options:
      - DENY
      X-Content-Type-Options:
      - nosniff
      Referrer-Policy:
      - same-origin
      Strict-Transport-Security:
      - max-age=15724800; includeSubDomains
    body:
      encoding: UTF-8
      string: '{"count":12,"next":null,"previous":null,"results":[{"id":1,"name":"Discontinuance","code":"AS000001"},{"id":2,"name":"Guilty
        plea","code":"AS000002"},{"id":3,"name":"Cracked trial","code":"AS000003"},{"id":4,"name":"Trial","code":"AS000004"},{"id":5,"name":"Appeal
        against conviction","code":"AS000005"},{"id":6,"name":"Appeal against sentence","code":"AS000006"},{"id":7,"name":"Committal
        for sentence","code":"AS000007"},{"id":8,"name":"Contempt","code":"AS000008"},{"id":9,"name":"Breach
        of crown court order","code":"AS000009"},{"id":10,"name":"Cracked before retrial","code":"AS000010"},{"id":11,"name":"Retrial","code":"AS000011"},{"id":12,"name":"Elected
        case not proceeded","code":"AS000014"}]}'
  recorded_at: Mon, 05 Dec 2022 16:21:32 GMT
- request:
    method: get
    uri: https://laa-fee-calculator.service.justice.gov.uk/api/v1/fee-schemes/1/prices/?advocate_type=JRALONE&fee_type_code=AGFS_FEE&limit_from=3&limit_to=40&offence_class=G&scenario=4
    body:
      encoding: US-ASCII
      string: ''
    headers:
      Accept:
      - application/json
      User-Agent:
      - laa-fee-calculator-client/1.4.0
      Accept-Encoding:
      - gzip;q=1.0,deflate;q=0.6,identity;q=0.3
  response:
    status:
      code: 200
      message: OK
    headers:
      Date:
      - Mon, 05 Dec 2022 16:21:32 GMT
      Content-Type:
      - application/json
      Content-Length:
      - '273'
      Connection:
      - keep-alive
      Vary:
      - Accept, Origin, Cookie
      Allow:
      - GET, HEAD, OPTIONS
      Cache-Control:
      - public, max-age=7200
      X-Frame-Options:
      - DENY
      X-Content-Type-Options:
      - nosniff
      Referrer-Policy:
      - same-origin
      Strict-Transport-Security:
      - max-age=15724800; includeSubDomains
    body:
      encoding: UTF-8
      string: '{"count":1,"next":null,"previous":null,"results":[{"id":315,"scenario":4,"advocate_type":"JRALONE","fee_type":34,"offence_class":"G","scheme":1,"unit":"DAY","fee_per_unit":"326.00000","fixed_fee":"0.00000","limit_from":3,"limit_to":40,"modifiers":[],"strict_range":false}]}'
  recorded_at: Mon, 05 Dec 2022 16:21:32 GMT
- request:
    method: get
    uri: https://laa-fee-calculator.service.justice.gov.uk/api/v1/fee-schemes/?case_date=2016-01-01&main_hearing_date=2016-01-01&type=AGFS
    body:
      encoding: US-ASCII
      string: ''
    headers:
      Accept:
      - application/json
      User-Agent:
      - laa-fee-calculator-client/1.4.0
      Accept-Encoding:
      - gzip;q=1.0,deflate;q=0.6,identity;q=0.3
  response:
    status:
      code: 200
      message: OK
    headers:
      Date:
      - Mon, 05 Dec 2022 16:21:33 GMT
      Content-Type:
      - application/json
      Content-Length:
      - '192'
      Connection:
      - keep-alive
      Vary:
      - Accept, Origin, Cookie
      Allow:
      - GET, HEAD, OPTIONS
      Cache-Control:
      - public, max-age=7200
      X-Frame-Options:
      - DENY
      X-Content-Type-Options:
      - nosniff
      Referrer-Policy:
      - same-origin
      Strict-Transport-Security:
      - max-age=15724800; includeSubDomains
    body:
      encoding: UTF-8
      string: '{"count":1,"next":null,"previous":null,"results":[{"id":1,"start_date":"2012-04-01","end_date":"2018-03-31","earliest_main_hearing_date":null,"type":"AGFS","description":"AGFS
        Fee Scheme 9"}]}'
  recorded_at: Mon, 05 Dec 2022 16:21:33 GMT
- request:
    method: get
    uri: https://laa-fee-calculator.service.justice.gov.uk/api/v1/fee-schemes/1/scenarios/
    body:
      encoding: US-ASCII
      string: ''
    headers:
      Accept:
      - application/json
      User-Agent:
      - laa-fee-calculator-client/1.4.0
      Accept-Encoding:
      - gzip;q=1.0,deflate;q=0.6,identity;q=0.3
  response:
    status:
      code: 200
      message: OK
    headers:
      Date:
      - Mon, 05 Dec 2022 16:21:33 GMT
      Content-Type:
      - application/json
      Content-Length:
      - '702'
      Connection:
      - keep-alive
      Vary:
      - Accept, Origin, Cookie
      Allow:
      - GET, HEAD, OPTIONS
      Cache-Control:
      - public, max-age=7200
      X-Frame-Options:
      - DENY
      X-Content-Type-Options:
      - nosniff
      Referrer-Policy:
      - same-origin
      Strict-Transport-Security:
      - max-age=15724800; includeSubDomains
    body:
      encoding: UTF-8
      string: '{"count":12,"next":null,"previous":null,"results":[{"id":1,"name":"Discontinuance","code":"AS000001"},{"id":2,"name":"Guilty
        plea","code":"AS000002"},{"id":3,"name":"Cracked trial","code":"AS000003"},{"id":4,"name":"Trial","code":"AS000004"},{"id":5,"name":"Appeal
        against conviction","code":"AS000005"},{"id":6,"name":"Appeal against sentence","code":"AS000006"},{"id":7,"name":"Committal
        for sentence","code":"AS000007"},{"id":8,"name":"Contempt","code":"AS000008"},{"id":9,"name":"Breach
        of crown court order","code":"AS000009"},{"id":10,"name":"Cracked before retrial","code":"AS000010"},{"id":11,"name":"Retrial","code":"AS000011"},{"id":12,"name":"Elected
        case not proceeded","code":"AS000014"}]}'
  recorded_at: Mon, 05 Dec 2022 16:21:33 GMT
- request:
    method: get
    uri: https://laa-fee-calculator.service.justice.gov.uk/api/v1/fee-schemes/1/prices/?advocate_type=JRALONE&fee_type_code=AGFS_FEE&limit_from=3&limit_to=40&offence_class=G&scenario=4
    body:
      encoding: US-ASCII
      string: ''
    headers:
      Accept:
      - application/json
      User-Agent:
      - laa-fee-calculator-client/1.4.0
      Accept-Encoding:
      - gzip;q=1.0,deflate;q=0.6,identity;q=0.3
  response:
    status:
      code: 200
      message: OK
    headers:
      Date:
      - Mon, 05 Dec 2022 16:21:33 GMT
      Content-Type:
      - application/json
      Content-Length:
      - '273'
      Connection:
      - keep-alive
      Vary:
      - Accept, Origin, Cookie
      Allow:
      - GET, HEAD, OPTIONS
      Cache-Control:
      - public, max-age=7200
      X-Frame-Options:
      - DENY
      X-Content-Type-Options:
      - nosniff
      Referrer-Policy:
      - same-origin
      Strict-Transport-Security:
      - max-age=15724800; includeSubDomains
    body:
      encoding: UTF-8
      string: '{"count":1,"next":null,"previous":null,"results":[{"id":315,"scenario":4,"advocate_type":"JRALONE","fee_type":34,"offence_class":"G","scheme":1,"unit":"DAY","fee_per_unit":"326.00000","fixed_fee":"0.00000","limit_from":3,"limit_to":40,"modifiers":[],"strict_range":false}]}'
  recorded_at: Mon, 05 Dec 2022 16:21:33 GMT
- request:
    method: get
    uri: https://laa-fee-calculator.service.justice.gov.uk/api/v1/fee-schemes/?case_date=2016-01-01&main_hearing_date=2016-01-01&type=AGFS
    body:
      encoding: US-ASCII
      string: ''
    headers:
      Accept:
      - application/json
      User-Agent:
      - laa-fee-calculator-client/1.4.0
      Accept-Encoding:
      - gzip;q=1.0,deflate;q=0.6,identity;q=0.3
  response:
    status:
      code: 200
      message: OK
    headers:
      Date:
      - Mon, 05 Dec 2022 16:21:36 GMT
      Content-Type:
      - application/json
      Content-Length:
      - '192'
      Connection:
      - keep-alive
      Vary:
      - Accept, Origin, Cookie
      Allow:
      - GET, HEAD, OPTIONS
      Cache-Control:
      - public, max-age=7200
      X-Frame-Options:
      - DENY
      X-Content-Type-Options:
      - nosniff
      Referrer-Policy:
      - same-origin
      Strict-Transport-Security:
      - max-age=15724800; includeSubDomains
    body:
      encoding: UTF-8
      string: '{"count":1,"next":null,"previous":null,"results":[{"id":1,"start_date":"2012-04-01","end_date":"2018-03-31","earliest_main_hearing_date":null,"type":"AGFS","description":"AGFS
        Fee Scheme 9"}]}'
  recorded_at: Mon, 05 Dec 2022 16:21:36 GMT
- request:
    method: get
    uri: https://laa-fee-calculator.service.justice.gov.uk/api/v1/fee-schemes/1/scenarios/
    body:
      encoding: US-ASCII
      string: ''
    headers:
      Accept:
      - application/json
      User-Agent:
      - laa-fee-calculator-client/1.4.0
      Accept-Encoding:
      - gzip;q=1.0,deflate;q=0.6,identity;q=0.3
  response:
    status:
      code: 200
      message: OK
    headers:
      Date:
      - Mon, 05 Dec 2022 16:21:36 GMT
      Content-Type:
      - application/json
      Content-Length:
      - '702'
      Connection:
      - keep-alive
      Vary:
      - Accept, Origin, Cookie
      Allow:
      - GET, HEAD, OPTIONS
      Cache-Control:
      - public, max-age=7200
      X-Frame-Options:
      - DENY
      X-Content-Type-Options:
      - nosniff
      Referrer-Policy:
      - same-origin
      Strict-Transport-Security:
      - max-age=15724800; includeSubDomains
    body:
      encoding: UTF-8
      string: '{"count":12,"next":null,"previous":null,"results":[{"id":1,"name":"Discontinuance","code":"AS000001"},{"id":2,"name":"Guilty
        plea","code":"AS000002"},{"id":3,"name":"Cracked trial","code":"AS000003"},{"id":4,"name":"Trial","code":"AS000004"},{"id":5,"name":"Appeal
        against conviction","code":"AS000005"},{"id":6,"name":"Appeal against sentence","code":"AS000006"},{"id":7,"name":"Committal
        for sentence","code":"AS000007"},{"id":8,"name":"Contempt","code":"AS000008"},{"id":9,"name":"Breach
        of crown court order","code":"AS000009"},{"id":10,"name":"Cracked before retrial","code":"AS000010"},{"id":11,"name":"Retrial","code":"AS000011"},{"id":12,"name":"Elected
        case not proceeded","code":"AS000014"}]}'
  recorded_at: Mon, 05 Dec 2022 16:21:36 GMT
- request:
    method: get
    uri: https://laa-fee-calculator.service.justice.gov.uk/api/v1/fee-schemes/1/prices/?advocate_type=JRALONE&fee_type_code=AGFS_SPCL_PREP&limit_from=1&offence_class=G&scenario=4
    body:
      encoding: US-ASCII
      string: ''
    headers:
      Accept:
      - application/json
      User-Agent:
      - laa-fee-calculator-client/1.4.0
      Accept-Encoding:
      - gzip;q=1.0,deflate;q=0.6,identity;q=0.3
  response:
    status:
      code: 200
      message: OK
    headers:
      Date:
      - Mon, 05 Dec 2022 16:21:36 GMT
      Content-Type:
      - application/json
      Content-Length:
      - '276'
      Connection:
      - keep-alive
      Vary:
      - Accept, Origin, Cookie
      Allow:
      - GET, HEAD, OPTIONS
      Cache-Control:
      - public, max-age=7200
      X-Frame-Options:
      - DENY
      X-Content-Type-Options:
      - nosniff
      Referrer-Policy:
      - same-origin
      Strict-Transport-Security:
      - max-age=15724800; includeSubDomains
    body:
      encoding: UTF-8
      string: '{"count":1,"next":null,"previous":null,"results":[{"id":2968,"scenario":4,"advocate_type":"JRALONE","fee_type":29,"offence_class":null,"scheme":1,"unit":"HOUR","fee_per_unit":"39.00000","fixed_fee":"0.00000","limit_from":1,"limit_to":240,"modifiers":[],"strict_range":false}]}'
  recorded_at: Mon, 05 Dec 2022 16:21:36 GMT
- request:
    method: get
    uri: https://laa-fee-calculator.service.justice.gov.uk/api/v1/fee-schemes/?case_date=2016-01-01&main_hearing_date=2016-01-01&type=AGFS
    body:
      encoding: US-ASCII
      string: ''
    headers:
      Accept:
      - application/json
      User-Agent:
      - laa-fee-calculator-client/1.4.0
      Accept-Encoding:
      - gzip;q=1.0,deflate;q=0.6,identity;q=0.3
  response:
    status:
      code: 200
      message: OK
    headers:
      Date:
      - Mon, 05 Dec 2022 16:21:37 GMT
      Content-Type:
      - application/json
      Content-Length:
      - '192'
      Connection:
      - keep-alive
      Vary:
      - Accept, Origin, Cookie
      Allow:
      - GET, HEAD, OPTIONS
      Cache-Control:
      - public, max-age=7200
      X-Frame-Options:
      - DENY
      X-Content-Type-Options:
      - nosniff
      Referrer-Policy:
      - same-origin
      Strict-Transport-Security:
      - max-age=15724800; includeSubDomains
    body:
      encoding: UTF-8
      string: '{"count":1,"next":null,"previous":null,"results":[{"id":1,"start_date":"2012-04-01","end_date":"2018-03-31","earliest_main_hearing_date":null,"type":"AGFS","description":"AGFS
        Fee Scheme 9"}]}'
  recorded_at: Mon, 05 Dec 2022 16:21:37 GMT
- request:
    method: get
    uri: https://laa-fee-calculator.service.justice.gov.uk/api/v1/fee-schemes/1/scenarios/
    body:
      encoding: US-ASCII
      string: ''
    headers:
      Accept:
      - application/json
      User-Agent:
      - laa-fee-calculator-client/1.4.0
      Accept-Encoding:
      - gzip;q=1.0,deflate;q=0.6,identity;q=0.3
  response:
    status:
      code: 200
      message: OK
    headers:
      Date:
      - Mon, 05 Dec 2022 16:21:37 GMT
      Content-Type:
      - application/json
      Content-Length:
      - '702'
      Connection:
      - keep-alive
      Vary:
      - Accept, Origin, Cookie
      Allow:
      - GET, HEAD, OPTIONS
      Cache-Control:
      - public, max-age=7200
      X-Frame-Options:
      - DENY
      X-Content-Type-Options:
      - nosniff
      Referrer-Policy:
      - same-origin
      Strict-Transport-Security:
      - max-age=15724800; includeSubDomains
    body:
      encoding: UTF-8
      string: '{"count":12,"next":null,"previous":null,"results":[{"id":1,"name":"Discontinuance","code":"AS000001"},{"id":2,"name":"Guilty
        plea","code":"AS000002"},{"id":3,"name":"Cracked trial","code":"AS000003"},{"id":4,"name":"Trial","code":"AS000004"},{"id":5,"name":"Appeal
        against conviction","code":"AS000005"},{"id":6,"name":"Appeal against sentence","code":"AS000006"},{"id":7,"name":"Committal
        for sentence","code":"AS000007"},{"id":8,"name":"Contempt","code":"AS000008"},{"id":9,"name":"Breach
        of crown court order","code":"AS000009"},{"id":10,"name":"Cracked before retrial","code":"AS000010"},{"id":11,"name":"Retrial","code":"AS000011"},{"id":12,"name":"Elected
        case not proceeded","code":"AS000014"}]}'
  recorded_at: Mon, 05 Dec 2022 16:21:37 GMT
- request:
    method: get
    uri: https://laa-fee-calculator.service.justice.gov.uk/api/v1/fee-schemes/1/prices/?advocate_type=JRALONE&fee_type_code=AGFS_SPCL_PREP&limit_from=1&offence_class=G&scenario=4
    body:
      encoding: US-ASCII
      string: ''
    headers:
      Accept:
      - application/json
      User-Agent:
      - laa-fee-calculator-client/1.4.0
      Accept-Encoding:
      - gzip;q=1.0,deflate;q=0.6,identity;q=0.3
  response:
    status:
      code: 200
      message: OK
    headers:
      Date:
      - Mon, 05 Dec 2022 16:21:37 GMT
      Content-Type:
      - application/json
      Content-Length:
      - '276'
      Connection:
      - keep-alive
      Vary:
      - Accept, Origin, Cookie
      Allow:
      - GET, HEAD, OPTIONS
      Cache-Control:
      - public, max-age=7200
      X-Frame-Options:
      - DENY
      X-Content-Type-Options:
      - nosniff
      Referrer-Policy:
      - same-origin
      Strict-Transport-Security:
      - max-age=15724800; includeSubDomains
    body:
      encoding: UTF-8
      string: '{"count":1,"next":null,"previous":null,"results":[{"id":2968,"scenario":4,"advocate_type":"JRALONE","fee_type":29,"offence_class":null,"scheme":1,"unit":"HOUR","fee_per_unit":"39.00000","fixed_fee":"0.00000","limit_from":1,"limit_to":240,"modifiers":[],"strict_range":false}]}'
  recorded_at: Mon, 05 Dec 2022 16:21:37 GMT
- request:
    method: get
    uri: https://laa-fee-calculator.service.justice.gov.uk/api/v1/fee-schemes/?case_date=2016-01-01&main_hearing_date=2016-01-01&type=AGFS
    body:
      encoding: US-ASCII
      string: ''
    headers:
      Accept:
      - application/json
      User-Agent:
      - laa-fee-calculator-client/1.4.0
      Accept-Encoding:
      - gzip;q=1.0,deflate;q=0.6,identity;q=0.3
  response:
    status:
      code: 200
      message: OK
    headers:
      Date:
      - Mon, 05 Dec 2022 16:21:39 GMT
      Content-Type:
      - application/json
      Content-Length:
      - '192'
      Connection:
      - keep-alive
      Vary:
      - Accept, Origin, Cookie
      Allow:
      - GET, HEAD, OPTIONS
      Cache-Control:
      - public, max-age=7200
      X-Frame-Options:
      - DENY
      X-Content-Type-Options:
      - nosniff
      Referrer-Policy:
      - same-origin
      Strict-Transport-Security:
      - max-age=15724800; includeSubDomains
    body:
      encoding: UTF-8
      string: '{"count":1,"next":null,"previous":null,"results":[{"id":1,"start_date":"2012-04-01","end_date":"2018-03-31","earliest_main_hearing_date":null,"type":"AGFS","description":"AGFS
        Fee Scheme 9"}]}'
  recorded_at: Mon, 05 Dec 2022 16:21:39 GMT
- request:
    method: get
    uri: https://laa-fee-calculator.service.justice.gov.uk/api/v1/fee-schemes/?case_date=2016-01-01&main_hearing_date=2016-01-01&type=AGFS
    body:
      encoding: US-ASCII
      string: ''
    headers:
      Accept:
      - application/json
      User-Agent:
      - laa-fee-calculator-client/1.4.0
      Accept-Encoding:
      - gzip;q=1.0,deflate;q=0.6,identity;q=0.3
  response:
    status:
      code: 200
      message: OK
    headers:
      Date:
      - Mon, 05 Dec 2022 16:21:39 GMT
      Content-Type:
      - application/json
      Content-Length:
      - '192'
      Connection:
      - keep-alive
      Vary:
      - Accept, Origin, Cookie
      Allow:
      - GET, HEAD, OPTIONS
      Cache-Control:
      - public, max-age=7200
      X-Frame-Options:
      - DENY
      X-Content-Type-Options:
      - nosniff
      Referrer-Policy:
      - same-origin
      Strict-Transport-Security:
      - max-age=15724800; includeSubDomains
    body:
      encoding: UTF-8
      string: '{"count":1,"next":null,"previous":null,"results":[{"id":1,"start_date":"2012-04-01","end_date":"2018-03-31","earliest_main_hearing_date":null,"type":"AGFS","description":"AGFS
        Fee Scheme 9"}]}'
  recorded_at: Mon, 05 Dec 2022 16:21:39 GMT
- request:
    method: get
    uri: https://laa-fee-calculator.service.justice.gov.uk/api/v1/fee-schemes/1/scenarios/
    body:
      encoding: US-ASCII
      string: ''
    headers:
      Accept:
      - application/json
      User-Agent:
      - laa-fee-calculator-client/1.4.0
      Accept-Encoding:
      - gzip;q=1.0,deflate;q=0.6,identity;q=0.3
  response:
    status:
      code: 200
      message: OK
    headers:
      Date:
      - Mon, 05 Dec 2022 16:21:39 GMT
      Content-Type:
      - application/json
      Content-Length:
      - '702'
      Connection:
      - keep-alive
      Vary:
      - Accept, Origin, Cookie
      Allow:
      - GET, HEAD, OPTIONS
      Cache-Control:
      - public, max-age=7200
      X-Frame-Options:
      - DENY
      X-Content-Type-Options:
      - nosniff
      Referrer-Policy:
      - same-origin
      Strict-Transport-Security:
      - max-age=15724800; includeSubDomains
    body:
      encoding: UTF-8
      string: '{"count":12,"next":null,"previous":null,"results":[{"id":1,"name":"Discontinuance","code":"AS000001"},{"id":2,"name":"Guilty
        plea","code":"AS000002"},{"id":3,"name":"Cracked trial","code":"AS000003"},{"id":4,"name":"Trial","code":"AS000004"},{"id":5,"name":"Appeal
        against conviction","code":"AS000005"},{"id":6,"name":"Appeal against sentence","code":"AS000006"},{"id":7,"name":"Committal
        for sentence","code":"AS000007"},{"id":8,"name":"Contempt","code":"AS000008"},{"id":9,"name":"Breach
        of crown court order","code":"AS000009"},{"id":10,"name":"Cracked before retrial","code":"AS000010"},{"id":11,"name":"Retrial","code":"AS000011"},{"id":12,"name":"Elected
        case not proceeded","code":"AS000014"}]}'
  recorded_at: Mon, 05 Dec 2022 16:21:39 GMT
- request:
    method: get
    uri: https://laa-fee-calculator.service.justice.gov.uk/api/v1/fee-schemes/1/scenarios/
    body:
      encoding: US-ASCII
      string: ''
    headers:
      Accept:
      - application/json
      User-Agent:
      - laa-fee-calculator-client/1.4.0
      Accept-Encoding:
      - gzip;q=1.0,deflate;q=0.6,identity;q=0.3
  response:
    status:
      code: 200
      message: OK
    headers:
      Date:
      - Mon, 05 Dec 2022 16:21:39 GMT
      Content-Type:
      - application/json
      Content-Length:
      - '702'
      Connection:
      - keep-alive
      Vary:
      - Accept, Origin, Cookie
      Allow:
      - GET, HEAD, OPTIONS
      Cache-Control:
      - public, max-age=7200
      X-Frame-Options:
      - DENY
      X-Content-Type-Options:
      - nosniff
      Referrer-Policy:
      - same-origin
      Strict-Transport-Security:
      - max-age=15724800; includeSubDomains
    body:
      encoding: UTF-8
      string: '{"count":12,"next":null,"previous":null,"results":[{"id":1,"name":"Discontinuance","code":"AS000001"},{"id":2,"name":"Guilty
        plea","code":"AS000002"},{"id":3,"name":"Cracked trial","code":"AS000003"},{"id":4,"name":"Trial","code":"AS000004"},{"id":5,"name":"Appeal
        against conviction","code":"AS000005"},{"id":6,"name":"Appeal against sentence","code":"AS000006"},{"id":7,"name":"Committal
        for sentence","code":"AS000007"},{"id":8,"name":"Contempt","code":"AS000008"},{"id":9,"name":"Breach
        of crown court order","code":"AS000009"},{"id":10,"name":"Cracked before retrial","code":"AS000010"},{"id":11,"name":"Retrial","code":"AS000011"},{"id":12,"name":"Elected
        case not proceeded","code":"AS000014"}]}'
  recorded_at: Mon, 05 Dec 2022 16:21:39 GMT
- request:
    method: get
    uri: https://laa-fee-calculator.service.justice.gov.uk/api/v1/fee-schemes/1/prices/?advocate_type=JRALONE&fee_type_code=AGFS_SPCL_PREP&limit_from=1&offence_class=G&scenario=4
    body:
      encoding: US-ASCII
      string: ''
    headers:
      Accept:
      - application/json
      User-Agent:
      - laa-fee-calculator-client/1.4.0
      Accept-Encoding:
      - gzip;q=1.0,deflate;q=0.6,identity;q=0.3
  response:
    status:
      code: 200
      message: OK
    headers:
      Date:
      - Mon, 05 Dec 2022 16:21:39 GMT
      Content-Type:
      - application/json
      Content-Length:
      - '276'
      Connection:
      - keep-alive
      Vary:
      - Accept, Origin, Cookie
      Allow:
      - GET, HEAD, OPTIONS
      Cache-Control:
      - public, max-age=7200
      X-Frame-Options:
      - DENY
      X-Content-Type-Options:
      - nosniff
      Referrer-Policy:
      - same-origin
      Strict-Transport-Security:
      - max-age=15724800; includeSubDomains
    body:
      encoding: UTF-8
      string: '{"count":1,"next":null,"previous":null,"results":[{"id":2968,"scenario":4,"advocate_type":"JRALONE","fee_type":29,"offence_class":null,"scheme":1,"unit":"HOUR","fee_per_unit":"39.00000","fixed_fee":"0.00000","limit_from":1,"limit_to":240,"modifiers":[],"strict_range":false}]}'
  recorded_at: Mon, 05 Dec 2022 16:21:39 GMT
- request:
    method: get
    uri: https://laa-fee-calculator.service.justice.gov.uk/api/v1/fee-schemes/1/prices/?advocate_type=JRALONE&fee_type_code=AGFS_NOTING_BRF&limit_from=1&offence_class=G&scenario=4
    body:
      encoding: US-ASCII
      string: ''
    headers:
      Accept:
      - application/json
      User-Agent:
      - laa-fee-calculator-client/1.4.0
      Accept-Encoding:
      - gzip;q=1.0,deflate;q=0.6,identity;q=0.3
  response:
    status:
      code: 200
      message: OK
    headers:
      Date:
      - Mon, 05 Dec 2022 16:21:39 GMT
      Content-Type:
      - application/json
      Content-Length:
      - '275'
      Connection:
      - keep-alive
      Vary:
      - Accept, Origin, Cookie
      Allow:
      - GET, HEAD, OPTIONS
      Cache-Control:
      - public, max-age=7200
      X-Frame-Options:
      - DENY
      X-Content-Type-Options:
      - nosniff
      Referrer-Policy:
      - same-origin
      Strict-Transport-Security:
      - max-age=15724800; includeSubDomains
    body:
      encoding: UTF-8
      string: '{"count":1,"next":null,"previous":null,"results":[{"id":2590,"scenario":4,"advocate_type":"JRALONE","fee_type":20,"offence_class":null,"scheme":1,"unit":"DAY","fee_per_unit":"108.00000","fixed_fee":"0.00000","limit_from":1,"limit_to":30,"modifiers":[],"strict_range":false}]}'
  recorded_at: Mon, 05 Dec 2022 16:21:39 GMT
- request:
    method: get
    uri: https://laa-fee-calculator.service.justice.gov.uk/api/v1/fee-schemes/?case_date=2016-01-01&main_hearing_date=2016-01-01&type=AGFS
    body:
      encoding: US-ASCII
      string: ''
    headers:
      Accept:
      - application/json
      User-Agent:
      - laa-fee-calculator-client/1.4.0
      Accept-Encoding:
      - gzip;q=1.0,deflate;q=0.6,identity;q=0.3
  response:
    status:
      code: 200
      message: OK
    headers:
      Date:
      - Mon, 05 Dec 2022 16:21:40 GMT
      Content-Type:
      - application/json
      Content-Length:
      - '192'
      Connection:
      - keep-alive
      Vary:
      - Accept, Origin, Cookie
      Allow:
      - GET, HEAD, OPTIONS
      Cache-Control:
      - public, max-age=7200
      X-Frame-Options:
      - DENY
      X-Content-Type-Options:
      - nosniff
      Referrer-Policy:
      - same-origin
      Strict-Transport-Security:
      - max-age=15724800; includeSubDomains
    body:
      encoding: UTF-8
      string: '{"count":1,"next":null,"previous":null,"results":[{"id":1,"start_date":"2012-04-01","end_date":"2018-03-31","earliest_main_hearing_date":null,"type":"AGFS","description":"AGFS
        Fee Scheme 9"}]}'
  recorded_at: Mon, 05 Dec 2022 16:21:40 GMT
- request:
    method: get
    uri: https://laa-fee-calculator.service.justice.gov.uk/api/v1/fee-schemes/?case_date=2016-01-01&main_hearing_date=2016-01-01&type=AGFS
    body:
      encoding: US-ASCII
      string: ''
    headers:
      Accept:
      - application/json
      User-Agent:
      - laa-fee-calculator-client/1.4.0
      Accept-Encoding:
      - gzip;q=1.0,deflate;q=0.6,identity;q=0.3
  response:
    status:
      code: 200
      message: OK
    headers:
      Date:
      - Mon, 05 Dec 2022 16:21:40 GMT
      Content-Type:
      - application/json
      Content-Length:
      - '192'
      Connection:
      - keep-alive
      Vary:
      - Accept, Origin, Cookie
      Allow:
      - GET, HEAD, OPTIONS
      Cache-Control:
      - public, max-age=7200
      X-Frame-Options:
      - DENY
      X-Content-Type-Options:
      - nosniff
      Referrer-Policy:
      - same-origin
      Strict-Transport-Security:
      - max-age=15724800; includeSubDomains
    body:
      encoding: UTF-8
      string: '{"count":1,"next":null,"previous":null,"results":[{"id":1,"start_date":"2012-04-01","end_date":"2018-03-31","earliest_main_hearing_date":null,"type":"AGFS","description":"AGFS
        Fee Scheme 9"}]}'
  recorded_at: Mon, 05 Dec 2022 16:21:40 GMT
- request:
    method: get
    uri: https://laa-fee-calculator.service.justice.gov.uk/api/v1/fee-schemes/1/scenarios/
    body:
      encoding: US-ASCII
      string: ''
    headers:
      Accept:
      - application/json
      User-Agent:
      - laa-fee-calculator-client/1.4.0
      Accept-Encoding:
      - gzip;q=1.0,deflate;q=0.6,identity;q=0.3
  response:
    status:
      code: 200
      message: OK
    headers:
      Date:
      - Mon, 05 Dec 2022 16:21:40 GMT
      Content-Type:
      - application/json
      Content-Length:
      - '702'
      Connection:
      - keep-alive
      Vary:
      - Accept, Origin, Cookie
      Allow:
      - GET, HEAD, OPTIONS
      Cache-Control:
      - public, max-age=7200
      X-Frame-Options:
      - DENY
      X-Content-Type-Options:
      - nosniff
      Referrer-Policy:
      - same-origin
      Strict-Transport-Security:
      - max-age=15724800; includeSubDomains
    body:
      encoding: UTF-8
      string: '{"count":12,"next":null,"previous":null,"results":[{"id":1,"name":"Discontinuance","code":"AS000001"},{"id":2,"name":"Guilty
        plea","code":"AS000002"},{"id":3,"name":"Cracked trial","code":"AS000003"},{"id":4,"name":"Trial","code":"AS000004"},{"id":5,"name":"Appeal
        against conviction","code":"AS000005"},{"id":6,"name":"Appeal against sentence","code":"AS000006"},{"id":7,"name":"Committal
        for sentence","code":"AS000007"},{"id":8,"name":"Contempt","code":"AS000008"},{"id":9,"name":"Breach
        of crown court order","code":"AS000009"},{"id":10,"name":"Cracked before retrial","code":"AS000010"},{"id":11,"name":"Retrial","code":"AS000011"},{"id":12,"name":"Elected
        case not proceeded","code":"AS000014"}]}'
  recorded_at: Mon, 05 Dec 2022 16:21:40 GMT
- request:
    method: get
    uri: https://laa-fee-calculator.service.justice.gov.uk/api/v1/fee-schemes/1/scenarios/
    body:
      encoding: US-ASCII
      string: ''
    headers:
      Accept:
      - application/json
      User-Agent:
      - laa-fee-calculator-client/1.4.0
      Accept-Encoding:
      - gzip;q=1.0,deflate;q=0.6,identity;q=0.3
  response:
    status:
      code: 200
      message: OK
    headers:
      Date:
      - Mon, 05 Dec 2022 16:21:40 GMT
      Content-Type:
      - application/json
      Content-Length:
      - '702'
      Connection:
      - keep-alive
      Vary:
      - Accept, Origin, Cookie
      Allow:
      - GET, HEAD, OPTIONS
      Cache-Control:
      - public, max-age=7200
      X-Frame-Options:
      - DENY
      X-Content-Type-Options:
      - nosniff
      Referrer-Policy:
      - same-origin
      Strict-Transport-Security:
      - max-age=15724800; includeSubDomains
    body:
      encoding: UTF-8
      string: '{"count":12,"next":null,"previous":null,"results":[{"id":1,"name":"Discontinuance","code":"AS000001"},{"id":2,"name":"Guilty
        plea","code":"AS000002"},{"id":3,"name":"Cracked trial","code":"AS000003"},{"id":4,"name":"Trial","code":"AS000004"},{"id":5,"name":"Appeal
        against conviction","code":"AS000005"},{"id":6,"name":"Appeal against sentence","code":"AS000006"},{"id":7,"name":"Committal
        for sentence","code":"AS000007"},{"id":8,"name":"Contempt","code":"AS000008"},{"id":9,"name":"Breach
        of crown court order","code":"AS000009"},{"id":10,"name":"Cracked before retrial","code":"AS000010"},{"id":11,"name":"Retrial","code":"AS000011"},{"id":12,"name":"Elected
        case not proceeded","code":"AS000014"}]}'
  recorded_at: Mon, 05 Dec 2022 16:21:40 GMT
- request:
    method: get
    uri: https://laa-fee-calculator.service.justice.gov.uk/api/v1/fee-schemes/1/prices/?advocate_type=JRALONE&fee_type_code=AGFS_SPCL_PREP&limit_from=1&offence_class=G&scenario=4
    body:
      encoding: US-ASCII
      string: ''
    headers:
      Accept:
      - application/json
      User-Agent:
      - laa-fee-calculator-client/1.4.0
      Accept-Encoding:
      - gzip;q=1.0,deflate;q=0.6,identity;q=0.3
  response:
    status:
      code: 200
      message: OK
    headers:
      Date:
      - Mon, 05 Dec 2022 16:21:40 GMT
      Content-Type:
      - application/json
      Content-Length:
      - '276'
      Connection:
      - keep-alive
      Vary:
      - Accept, Origin, Cookie
      Allow:
      - GET, HEAD, OPTIONS
      Cache-Control:
      - public, max-age=7200
      X-Frame-Options:
      - DENY
      X-Content-Type-Options:
      - nosniff
      Referrer-Policy:
      - same-origin
      Strict-Transport-Security:
      - max-age=15724800; includeSubDomains
    body:
      encoding: UTF-8
      string: '{"count":1,"next":null,"previous":null,"results":[{"id":2968,"scenario":4,"advocate_type":"JRALONE","fee_type":29,"offence_class":null,"scheme":1,"unit":"HOUR","fee_per_unit":"39.00000","fixed_fee":"0.00000","limit_from":1,"limit_to":240,"modifiers":[],"strict_range":false}]}'
  recorded_at: Mon, 05 Dec 2022 16:21:40 GMT
- request:
    method: get
    uri: https://laa-fee-calculator.service.justice.gov.uk/api/v1/fee-schemes/1/prices/?advocate_type=JRALONE&fee_type_code=AGFS_NOTING_BRF&limit_from=1&offence_class=G&scenario=4
    body:
      encoding: US-ASCII
      string: ''
    headers:
      Accept:
      - application/json
      User-Agent:
      - laa-fee-calculator-client/1.4.0
      Accept-Encoding:
      - gzip;q=1.0,deflate;q=0.6,identity;q=0.3
  response:
    status:
      code: 200
      message: OK
    headers:
      Date:
      - Mon, 05 Dec 2022 16:21:40 GMT
      Content-Type:
      - application/json
      Content-Length:
      - '275'
      Connection:
      - keep-alive
      Vary:
      - Accept, Origin, Cookie
      Allow:
      - GET, HEAD, OPTIONS
      Cache-Control:
      - public, max-age=7200
      X-Frame-Options:
      - DENY
      X-Content-Type-Options:
      - nosniff
      Referrer-Policy:
      - same-origin
      Strict-Transport-Security:
      - max-age=15724800; includeSubDomains
    body:
      encoding: UTF-8
      string: '{"count":1,"next":null,"previous":null,"results":[{"id":2590,"scenario":4,"advocate_type":"JRALONE","fee_type":20,"offence_class":null,"scheme":1,"unit":"DAY","fee_per_unit":"108.00000","fixed_fee":"0.00000","limit_from":1,"limit_to":30,"modifiers":[],"strict_range":false}]}'
  recorded_at: Mon, 05 Dec 2022 16:21:40 GMT
recorded_with: VCR 6.1.0
