---
http_interactions:
- request:
    method: get
    uri: https://laa-fee-calculator.service.justice.gov.uk/api/v1/fee-schemes/?case_date=2016-01-01&type=AGFS
    body:
      encoding: US-ASCII
      string: ''
    headers:
      Accept:
      - application/json
      User-Agent:
      - laa-fee-calculator-client/1.2.0
      Accept-Encoding:
      - gzip;q=1.0,deflate;q=0.6,identity;q=0.3
  response:
    status:
      code: 200
      message: OK
    headers:
      Date:
      - Tue, 09 Feb 2021 18:16:41 GMT
      Content-Type:
      - application/json
      Content-Length:
      - '158'
      Connection:
      - keep-alive
      Vary:
      - Accept, Cookie
      X-Frame-Options:
      - SAMEORIGIN
      Allow:
      - GET, HEAD, OPTIONS
      Strict-Transport-Security:
      - max-age=15724800; includeSubDomains
    body:
      encoding: UTF-8
      string: '{"count":1,"next":null,"previous":null,"results":[{"id":1,"start_date":"2012-04-01","end_date":"2018-03-31","type":"AGFS","description":"AGFS
        Fee Scheme 9"}]}'
  recorded_at: Tue, 09 Feb 2021 18:16:41 GMT
- request:
    method: get
    uri: https://laa-fee-calculator.service.justice.gov.uk/api/v1/fee-schemes/?case_date=2016-01-01&type=AGFS
    body:
      encoding: US-ASCII
      string: ''
    headers:
      Accept:
      - application/json
      User-Agent:
      - laa-fee-calculator-client/1.2.0
      Accept-Encoding:
      - gzip;q=1.0,deflate;q=0.6,identity;q=0.3
  response:
    status:
      code: 200
      message: OK
    headers:
      Date:
      - Tue, 09 Feb 2021 18:16:41 GMT
      Content-Type:
      - application/json
      Content-Length:
      - '158'
      Connection:
      - keep-alive
      Vary:
      - Accept, Cookie
      Allow:
      - GET, HEAD, OPTIONS
      X-Frame-Options:
      - SAMEORIGIN
      Strict-Transport-Security:
      - max-age=15724800; includeSubDomains
    body:
      encoding: UTF-8
      string: '{"count":1,"next":null,"previous":null,"results":[{"id":1,"start_date":"2012-04-01","end_date":"2018-03-31","type":"AGFS","description":"AGFS
        Fee Scheme 9"}]}'
  recorded_at: Tue, 09 Feb 2021 18:16:41 GMT
- request:
    method: get
    uri: https://laa-fee-calculator.service.justice.gov.uk/api/v1/fee-schemes/?case_date=2016-01-01&type=AGFS
    body:
      encoding: US-ASCII
      string: ''
    headers:
      Accept:
      - application/json
      User-Agent:
      - laa-fee-calculator-client/1.2.0
      Accept-Encoding:
      - gzip;q=1.0,deflate;q=0.6,identity;q=0.3
  response:
    status:
      code: 200
      message: OK
    headers:
      Date:
      - Tue, 09 Feb 2021 18:16:41 GMT
      Content-Type:
      - application/json
      Content-Length:
      - '158'
      Connection:
      - keep-alive
      Allow:
      - GET, HEAD, OPTIONS
      X-Frame-Options:
      - SAMEORIGIN
      Vary:
      - Accept, Cookie
      Strict-Transport-Security:
      - max-age=15724800; includeSubDomains
    body:
      encoding: UTF-8
      string: '{"count":1,"next":null,"previous":null,"results":[{"id":1,"start_date":"2012-04-01","end_date":"2018-03-31","type":"AGFS","description":"AGFS
        Fee Scheme 9"}]}'
  recorded_at: Tue, 09 Feb 2021 18:16:41 GMT
- request:
    method: get
    uri: https://laa-fee-calculator.service.justice.gov.uk/api/v1/fee-schemes/?case_date=2016-01-01&type=AGFS
    body:
      encoding: US-ASCII
      string: ''
    headers:
      Accept:
      - application/json
      User-Agent:
      - laa-fee-calculator-client/1.2.0
      Accept-Encoding:
      - gzip;q=1.0,deflate;q=0.6,identity;q=0.3
  response:
    status:
      code: 200
      message: OK
    headers:
      Date:
      - Tue, 09 Feb 2021 18:16:41 GMT
      Content-Type:
      - application/json
      Content-Length:
      - '158'
      Connection:
      - keep-alive
      Vary:
      - Accept, Cookie
      Allow:
      - GET, HEAD, OPTIONS
      X-Frame-Options:
      - SAMEORIGIN
      Strict-Transport-Security:
      - max-age=15724800; includeSubDomains
    body:
      encoding: UTF-8
      string: '{"count":1,"next":null,"previous":null,"results":[{"id":1,"start_date":"2012-04-01","end_date":"2018-03-31","type":"AGFS","description":"AGFS
        Fee Scheme 9"}]}'
  recorded_at: Tue, 09 Feb 2021 18:16:41 GMT
- request:
    method: get
    uri: https://laa-fee-calculator.service.justice.gov.uk/api/v1/fee-schemes/1/scenarios/
    body:
      encoding: US-ASCII
      string: ''
    headers:
      Accept:
      - application/json
      User-Agent:
      - laa-fee-calculator-client/1.2.0
      Accept-Encoding:
      - gzip;q=1.0,deflate;q=0.6,identity;q=0.3
  response:
    status:
      code: 200
      message: OK
    headers:
      Date:
      - Tue, 09 Feb 2021 18:16:41 GMT
      Content-Type:
      - application/json
      Content-Length:
      - '702'
      Connection:
      - keep-alive
      Allow:
      - GET, HEAD, OPTIONS
      X-Frame-Options:
      - SAMEORIGIN
      Vary:
      - Accept, Cookie
      Strict-Transport-Security:
      - max-age=15724800; includeSubDomains
    body:
      encoding: UTF-8
      string: '{"count":12,"next":null,"previous":null,"results":[{"id":1,"name":"Discontinuance","code":"AS000001"},{"id":2,"name":"Guilty
        plea","code":"AS000002"},{"id":3,"name":"Cracked trial","code":"AS000003"},{"id":4,"name":"Trial","code":"AS000004"},{"id":5,"name":"Appeal
        against conviction","code":"AS000005"},{"id":6,"name":"Appeal against sentence","code":"AS000006"},{"id":7,"name":"Committal
        for sentence","code":"AS000007"},{"id":8,"name":"Contempt","code":"AS000008"},{"id":9,"name":"Breach
        of crown court order","code":"AS000009"},{"id":10,"name":"Cracked before retrial","code":"AS000010"},{"id":11,"name":"Retrial","code":"AS000011"},{"id":12,"name":"Elected
        case not proceeded","code":"AS000014"}]}'
  recorded_at: Tue, 09 Feb 2021 18:16:41 GMT
- request:
    method: get
    uri: https://laa-fee-calculator.service.justice.gov.uk/api/v1/fee-schemes/1/scenarios/
    body:
      encoding: US-ASCII
      string: ''
    headers:
      Accept:
      - application/json
      User-Agent:
      - laa-fee-calculator-client/1.2.0
      Accept-Encoding:
      - gzip;q=1.0,deflate;q=0.6,identity;q=0.3
  response:
    status:
      code: 200
      message: OK
    headers:
      Date:
      - Tue, 09 Feb 2021 18:16:41 GMT
      Content-Type:
      - application/json
      Content-Length:
      - '702'
      Connection:
      - keep-alive
      Allow:
      - GET, HEAD, OPTIONS
      X-Frame-Options:
      - SAMEORIGIN
      Vary:
      - Accept, Cookie
      Strict-Transport-Security:
      - max-age=15724800; includeSubDomains
    body:
      encoding: UTF-8
      string: '{"count":12,"next":null,"previous":null,"results":[{"id":1,"name":"Discontinuance","code":"AS000001"},{"id":2,"name":"Guilty
        plea","code":"AS000002"},{"id":3,"name":"Cracked trial","code":"AS000003"},{"id":4,"name":"Trial","code":"AS000004"},{"id":5,"name":"Appeal
        against conviction","code":"AS000005"},{"id":6,"name":"Appeal against sentence","code":"AS000006"},{"id":7,"name":"Committal
        for sentence","code":"AS000007"},{"id":8,"name":"Contempt","code":"AS000008"},{"id":9,"name":"Breach
        of crown court order","code":"AS000009"},{"id":10,"name":"Cracked before retrial","code":"AS000010"},{"id":11,"name":"Retrial","code":"AS000011"},{"id":12,"name":"Elected
        case not proceeded","code":"AS000014"}]}'
  recorded_at: Tue, 09 Feb 2021 18:16:41 GMT
- request:
    method: get
    uri: https://laa-fee-calculator.service.justice.gov.uk/api/v1/fee-schemes/1/scenarios/
    body:
      encoding: US-ASCII
      string: ''
    headers:
      Accept:
      - application/json
      User-Agent:
      - laa-fee-calculator-client/1.2.0
      Accept-Encoding:
      - gzip;q=1.0,deflate;q=0.6,identity;q=0.3
  response:
    status:
      code: 200
      message: OK
    headers:
      Date:
      - Tue, 09 Feb 2021 18:16:41 GMT
      Content-Type:
      - application/json
      Content-Length:
      - '702'
      Connection:
      - keep-alive
      Vary:
      - Accept, Cookie
      Allow:
      - GET, HEAD, OPTIONS
      X-Frame-Options:
      - SAMEORIGIN
      Strict-Transport-Security:
      - max-age=15724800; includeSubDomains
    body:
      encoding: UTF-8
      string: '{"count":12,"next":null,"previous":null,"results":[{"id":1,"name":"Discontinuance","code":"AS000001"},{"id":2,"name":"Guilty
        plea","code":"AS000002"},{"id":3,"name":"Cracked trial","code":"AS000003"},{"id":4,"name":"Trial","code":"AS000004"},{"id":5,"name":"Appeal
        against conviction","code":"AS000005"},{"id":6,"name":"Appeal against sentence","code":"AS000006"},{"id":7,"name":"Committal
        for sentence","code":"AS000007"},{"id":8,"name":"Contempt","code":"AS000008"},{"id":9,"name":"Breach
        of crown court order","code":"AS000009"},{"id":10,"name":"Cracked before retrial","code":"AS000010"},{"id":11,"name":"Retrial","code":"AS000011"},{"id":12,"name":"Elected
        case not proceeded","code":"AS000014"}]}'
  recorded_at: Tue, 09 Feb 2021 18:16:41 GMT
- request:
    method: get
    uri: https://laa-fee-calculator.service.justice.gov.uk/api/v1/fee-schemes/1/scenarios/
    body:
      encoding: US-ASCII
      string: ''
    headers:
      Accept:
      - application/json
      User-Agent:
      - laa-fee-calculator-client/1.2.0
      Accept-Encoding:
      - gzip;q=1.0,deflate;q=0.6,identity;q=0.3
  response:
    status:
      code: 200
      message: OK
    headers:
      Date:
      - Tue, 09 Feb 2021 18:16:41 GMT
      Content-Type:
      - application/json
      Content-Length:
      - '702'
      Connection:
      - keep-alive
      Vary:
      - Accept, Cookie
      Allow:
      - GET, HEAD, OPTIONS
      X-Frame-Options:
      - SAMEORIGIN
      Strict-Transport-Security:
      - max-age=15724800; includeSubDomains
    body:
      encoding: UTF-8
      string: '{"count":12,"next":null,"previous":null,"results":[{"id":1,"name":"Discontinuance","code":"AS000001"},{"id":2,"name":"Guilty
        plea","code":"AS000002"},{"id":3,"name":"Cracked trial","code":"AS000003"},{"id":4,"name":"Trial","code":"AS000004"},{"id":5,"name":"Appeal
        against conviction","code":"AS000005"},{"id":6,"name":"Appeal against sentence","code":"AS000006"},{"id":7,"name":"Committal
        for sentence","code":"AS000007"},{"id":8,"name":"Contempt","code":"AS000008"},{"id":9,"name":"Breach
        of crown court order","code":"AS000009"},{"id":10,"name":"Cracked before retrial","code":"AS000010"},{"id":11,"name":"Retrial","code":"AS000011"},{"id":12,"name":"Elected
        case not proceeded","code":"AS000014"}]}'
  recorded_at: Tue, 09 Feb 2021 18:16:41 GMT
- request:
    method: get
    uri: https://laa-fee-calculator.service.justice.gov.uk/api/v1/fee-schemes/1/calculate/?day=0&fee_type_code=AGFS_FEE&offence_class=B&pages_of_prosecuting_evidence=0&scenario=4
    body:
      encoding: US-ASCII
      string: ''
    headers:
      Accept:
      - application/json
      User-Agent:
      - laa-fee-calculator-client/1.2.0
      Accept-Encoding:
      - gzip;q=1.0,deflate;q=0.6,identity;q=0.3
  response:
    status:
      code: 200
      message: OK
    headers:
      Date:
      - Tue, 09 Feb 2021 18:16:41 GMT
      Content-Type:
      - application/json
      Content-Length:
      - '14'
      Connection:
      - keep-alive
      Vary:
      - Accept, Cookie
      X-Frame-Options:
      - SAMEORIGIN
      Allow:
      - GET
      Strict-Transport-Security:
      - max-age=15724800; includeSubDomains
    body:
      encoding: UTF-8
      string: '{"amount":0.0}'
  recorded_at: Tue, 09 Feb 2021 18:16:41 GMT
- request:
    method: get
    uri: https://laa-fee-calculator.service.justice.gov.uk/api/v1/fee-schemes/1/calculate/?day=0&fee_type_code=AGFS_FEE&offence_class=B&pages_of_prosecuting_evidence=0&scenario=4
    body:
      encoding: US-ASCII
      string: ''
    headers:
      Accept:
      - application/json
      User-Agent:
      - laa-fee-calculator-client/1.2.0
      Accept-Encoding:
      - gzip;q=1.0,deflate;q=0.6,identity;q=0.3
  response:
    status:
      code: 200
      message: OK
    headers:
      Date:
      - Tue, 09 Feb 2021 18:16:41 GMT
      Content-Type:
      - application/json
      Content-Length:
      - '14'
      Connection:
      - keep-alive
      Allow:
      - GET
      X-Frame-Options:
      - SAMEORIGIN
      Vary:
      - Accept, Cookie
      Strict-Transport-Security:
      - max-age=15724800; includeSubDomains
    body:
      encoding: UTF-8
      string: '{"amount":0.0}'
  recorded_at: Tue, 09 Feb 2021 18:16:41 GMT
- request:
    method: get
    uri: https://laa-fee-calculator.service.justice.gov.uk/api/v1/fee-schemes/1/calculate/?day=1&fee_type_code=AGFS_FEE&offence_class=B&pages_of_prosecuting_evidence=0&scenario=4
    body:
      encoding: US-ASCII
      string: ''
    headers:
      Accept:
      - application/json
      User-Agent:
      - laa-fee-calculator-client/1.2.0
      Accept-Encoding:
      - gzip;q=1.0,deflate;q=0.6,identity;q=0.3
  response:
    status:
      code: 200
      message: OK
    headers:
      Date:
      - Tue, 09 Feb 2021 18:16:41 GMT
      Content-Type:
      - application/json
      Content-Length:
      - '14'
      Connection:
      - keep-alive
      Vary:
      - Accept, Cookie
      Allow:
      - GET
      X-Frame-Options:
      - SAMEORIGIN
      Strict-Transport-Security:
      - max-age=15724800; includeSubDomains
    body:
      encoding: UTF-8
      string: '{"amount":0.0}'
  recorded_at: Tue, 09 Feb 2021 18:16:41 GMT
- request:
    method: get
    uri: https://laa-fee-calculator.service.justice.gov.uk/api/v1/fee-schemes/1/calculate/?day=0&fee_type_code=AGFS_FEE&offence_class=B&pages_of_prosecuting_evidence=0&scenario=4
    body:
      encoding: US-ASCII
      string: ''
    headers:
      Accept:
      - application/json
      User-Agent:
      - laa-fee-calculator-client/1.2.0
      Accept-Encoding:
      - gzip;q=1.0,deflate;q=0.6,identity;q=0.3
  response:
    status:
      code: 200
      message: OK
    headers:
      Date:
      - Tue, 09 Feb 2021 18:16:41 GMT
      Content-Type:
      - application/json
      Content-Length:
      - '14'
      Connection:
      - keep-alive
      Vary:
      - Accept, Cookie
      X-Frame-Options:
      - SAMEORIGIN
      Allow:
      - GET
      Strict-Transport-Security:
      - max-age=15724800; includeSubDomains
    body:
      encoding: UTF-8
      string: '{"amount":0.0}'
  recorded_at: Tue, 09 Feb 2021 18:16:41 GMT
- request:
    method: get
    uri: https://laa-fee-calculator.service.justice.gov.uk/api/v1/fee-schemes/?case_date=2016-01-01&type=AGFS
    body:
      encoding: US-ASCII
      string: ''
    headers:
      Accept:
      - application/json
      User-Agent:
      - laa-fee-calculator-client/1.2.0
      Accept-Encoding:
      - gzip;q=1.0,deflate;q=0.6,identity;q=0.3
  response:
    status:
      code: 200
      message: OK
    headers:
      Date:
      - Tue, 09 Feb 2021 18:16:41 GMT
      Content-Type:
      - application/json
      Content-Length:
      - '158'
      Connection:
      - keep-alive
      Vary:
      - Accept, Cookie
      X-Frame-Options:
      - SAMEORIGIN
      Allow:
      - GET, HEAD, OPTIONS
      Strict-Transport-Security:
      - max-age=15724800; includeSubDomains
    body:
      encoding: UTF-8
      string: '{"count":1,"next":null,"previous":null,"results":[{"id":1,"start_date":"2012-04-01","end_date":"2018-03-31","type":"AGFS","description":"AGFS
        Fee Scheme 9"}]}'
  recorded_at: Tue, 09 Feb 2021 18:16:41 GMT
- request:
    method: get
    uri: https://laa-fee-calculator.service.justice.gov.uk/api/v1/fee-schemes/?case_date=2016-01-01&type=AGFS
    body:
      encoding: US-ASCII
      string: ''
    headers:
      Accept:
      - application/json
      User-Agent:
      - laa-fee-calculator-client/1.2.0
      Accept-Encoding:
      - gzip;q=1.0,deflate;q=0.6,identity;q=0.3
  response:
    status:
      code: 200
      message: OK
    headers:
      Date:
      - Tue, 09 Feb 2021 18:16:41 GMT
      Content-Type:
      - application/json
      Content-Length:
      - '158'
      Connection:
      - keep-alive
      Allow:
      - GET, HEAD, OPTIONS
      X-Frame-Options:
      - SAMEORIGIN
      Vary:
      - Accept, Cookie
      Strict-Transport-Security:
      - max-age=15724800; includeSubDomains
    body:
      encoding: UTF-8
      string: '{"count":1,"next":null,"previous":null,"results":[{"id":1,"start_date":"2012-04-01","end_date":"2018-03-31","type":"AGFS","description":"AGFS
        Fee Scheme 9"}]}'
  recorded_at: Tue, 09 Feb 2021 18:16:41 GMT
- request:
    method: get
    uri: https://laa-fee-calculator.service.justice.gov.uk/api/v1/fee-schemes/?case_date=2016-01-01&type=AGFS
    body:
      encoding: US-ASCII
      string: ''
    headers:
      Accept:
      - application/json
      User-Agent:
      - laa-fee-calculator-client/1.2.0
      Accept-Encoding:
      - gzip;q=1.0,deflate;q=0.6,identity;q=0.3
  response:
    status:
      code: 200
      message: OK
    headers:
      Date:
      - Tue, 09 Feb 2021 18:16:41 GMT
      Content-Type:
      - application/json
      Content-Length:
      - '158'
      Connection:
      - keep-alive
      Vary:
      - Accept, Cookie
      Allow:
      - GET, HEAD, OPTIONS
      X-Frame-Options:
      - SAMEORIGIN
      Strict-Transport-Security:
      - max-age=15724800; includeSubDomains
    body:
      encoding: UTF-8
      string: '{"count":1,"next":null,"previous":null,"results":[{"id":1,"start_date":"2012-04-01","end_date":"2018-03-31","type":"AGFS","description":"AGFS
        Fee Scheme 9"}]}'
  recorded_at: Tue, 09 Feb 2021 18:16:41 GMT
- request:
    method: get
    uri: https://laa-fee-calculator.service.justice.gov.uk/api/v1/fee-schemes/?case_date=2016-01-01&type=AGFS
    body:
      encoding: US-ASCII
      string: ''
    headers:
      Accept:
      - application/json
      User-Agent:
      - laa-fee-calculator-client/1.2.0
      Accept-Encoding:
      - gzip;q=1.0,deflate;q=0.6,identity;q=0.3
  response:
    status:
      code: 200
      message: OK
    headers:
      Date:
      - Tue, 09 Feb 2021 18:16:41 GMT
      Content-Type:
      - application/json
      Content-Length:
      - '158'
      Connection:
      - keep-alive
      Allow:
      - GET, HEAD, OPTIONS
      X-Frame-Options:
      - SAMEORIGIN
      Vary:
      - Accept, Cookie
      Strict-Transport-Security:
      - max-age=15724800; includeSubDomains
    body:
      encoding: UTF-8
      string: '{"count":1,"next":null,"previous":null,"results":[{"id":1,"start_date":"2012-04-01","end_date":"2018-03-31","type":"AGFS","description":"AGFS
        Fee Scheme 9"}]}'
  recorded_at: Tue, 09 Feb 2021 18:16:41 GMT
- request:
    method: get
    uri: https://laa-fee-calculator.service.justice.gov.uk/api/v1/fee-schemes/1/scenarios/
    body:
      encoding: US-ASCII
      string: ''
    headers:
      Accept:
      - application/json
      User-Agent:
      - laa-fee-calculator-client/1.2.0
      Accept-Encoding:
      - gzip;q=1.0,deflate;q=0.6,identity;q=0.3
  response:
    status:
      code: 200
      message: OK
    headers:
      Date:
      - Tue, 09 Feb 2021 18:16:41 GMT
      Content-Type:
      - application/json
      Content-Length:
      - '702'
      Connection:
      - keep-alive
      Vary:
      - Accept, Cookie
      X-Frame-Options:
      - SAMEORIGIN
      Allow:
      - GET, HEAD, OPTIONS
      Strict-Transport-Security:
      - max-age=15724800; includeSubDomains
    body:
      encoding: UTF-8
      string: '{"count":12,"next":null,"previous":null,"results":[{"id":1,"name":"Discontinuance","code":"AS000001"},{"id":2,"name":"Guilty
        plea","code":"AS000002"},{"id":3,"name":"Cracked trial","code":"AS000003"},{"id":4,"name":"Trial","code":"AS000004"},{"id":5,"name":"Appeal
        against conviction","code":"AS000005"},{"id":6,"name":"Appeal against sentence","code":"AS000006"},{"id":7,"name":"Committal
        for sentence","code":"AS000007"},{"id":8,"name":"Contempt","code":"AS000008"},{"id":9,"name":"Breach
        of crown court order","code":"AS000009"},{"id":10,"name":"Cracked before retrial","code":"AS000010"},{"id":11,"name":"Retrial","code":"AS000011"},{"id":12,"name":"Elected
        case not proceeded","code":"AS000014"}]}'
  recorded_at: Tue, 09 Feb 2021 18:16:41 GMT
- request:
    method: get
    uri: https://laa-fee-calculator.service.justice.gov.uk/api/v1/fee-schemes/1/scenarios/
    body:
      encoding: US-ASCII
      string: ''
    headers:
      Accept:
      - application/json
      User-Agent:
      - laa-fee-calculator-client/1.2.0
      Accept-Encoding:
      - gzip;q=1.0,deflate;q=0.6,identity;q=0.3
  response:
    status:
      code: 200
      message: OK
    headers:
      Date:
      - Tue, 09 Feb 2021 18:16:41 GMT
      Content-Type:
      - application/json
      Content-Length:
      - '702'
      Connection:
      - keep-alive
      Allow:
      - GET, HEAD, OPTIONS
      X-Frame-Options:
      - SAMEORIGIN
      Vary:
      - Accept, Cookie
      Strict-Transport-Security:
      - max-age=15724800; includeSubDomains
    body:
      encoding: UTF-8
      string: '{"count":12,"next":null,"previous":null,"results":[{"id":1,"name":"Discontinuance","code":"AS000001"},{"id":2,"name":"Guilty
        plea","code":"AS000002"},{"id":3,"name":"Cracked trial","code":"AS000003"},{"id":4,"name":"Trial","code":"AS000004"},{"id":5,"name":"Appeal
        against conviction","code":"AS000005"},{"id":6,"name":"Appeal against sentence","code":"AS000006"},{"id":7,"name":"Committal
        for sentence","code":"AS000007"},{"id":8,"name":"Contempt","code":"AS000008"},{"id":9,"name":"Breach
        of crown court order","code":"AS000009"},{"id":10,"name":"Cracked before retrial","code":"AS000010"},{"id":11,"name":"Retrial","code":"AS000011"},{"id":12,"name":"Elected
        case not proceeded","code":"AS000014"}]}'
  recorded_at: Tue, 09 Feb 2021 18:16:41 GMT
- request:
    method: get
    uri: https://laa-fee-calculator.service.justice.gov.uk/api/v1/fee-schemes/1/scenarios/
    body:
      encoding: US-ASCII
      string: ''
    headers:
      Accept:
      - application/json
      User-Agent:
      - laa-fee-calculator-client/1.2.0
      Accept-Encoding:
      - gzip;q=1.0,deflate;q=0.6,identity;q=0.3
  response:
    status:
      code: 200
      message: OK
    headers:
      Date:
      - Tue, 09 Feb 2021 18:16:41 GMT
      Content-Type:
      - application/json
      Content-Length:
      - '702'
      Connection:
      - keep-alive
      Allow:
      - GET, HEAD, OPTIONS
      X-Frame-Options:
      - SAMEORIGIN
      Vary:
      - Accept, Cookie
      Strict-Transport-Security:
      - max-age=15724800; includeSubDomains
    body:
      encoding: UTF-8
      string: '{"count":12,"next":null,"previous":null,"results":[{"id":1,"name":"Discontinuance","code":"AS000001"},{"id":2,"name":"Guilty
        plea","code":"AS000002"},{"id":3,"name":"Cracked trial","code":"AS000003"},{"id":4,"name":"Trial","code":"AS000004"},{"id":5,"name":"Appeal
        against conviction","code":"AS000005"},{"id":6,"name":"Appeal against sentence","code":"AS000006"},{"id":7,"name":"Committal
        for sentence","code":"AS000007"},{"id":8,"name":"Contempt","code":"AS000008"},{"id":9,"name":"Breach
        of crown court order","code":"AS000009"},{"id":10,"name":"Cracked before retrial","code":"AS000010"},{"id":11,"name":"Retrial","code":"AS000011"},{"id":12,"name":"Elected
        case not proceeded","code":"AS000014"}]}'
  recorded_at: Tue, 09 Feb 2021 18:16:41 GMT
- request:
    method: get
    uri: https://laa-fee-calculator.service.justice.gov.uk/api/v1/fee-schemes/1/scenarios/
    body:
      encoding: US-ASCII
      string: ''
    headers:
      Accept:
      - application/json
      User-Agent:
      - laa-fee-calculator-client/1.2.0
      Accept-Encoding:
      - gzip;q=1.0,deflate;q=0.6,identity;q=0.3
  response:
    status:
      code: 200
      message: OK
    headers:
      Date:
      - Tue, 09 Feb 2021 18:16:41 GMT
      Content-Type:
      - application/json
      Content-Length:
      - '702'
      Connection:
      - keep-alive
      Allow:
      - GET, HEAD, OPTIONS
      X-Frame-Options:
      - SAMEORIGIN
      Vary:
      - Accept, Cookie
      Strict-Transport-Security:
      - max-age=15724800; includeSubDomains
    body:
      encoding: UTF-8
      string: '{"count":12,"next":null,"previous":null,"results":[{"id":1,"name":"Discontinuance","code":"AS000001"},{"id":2,"name":"Guilty
        plea","code":"AS000002"},{"id":3,"name":"Cracked trial","code":"AS000003"},{"id":4,"name":"Trial","code":"AS000004"},{"id":5,"name":"Appeal
        against conviction","code":"AS000005"},{"id":6,"name":"Appeal against sentence","code":"AS000006"},{"id":7,"name":"Committal
        for sentence","code":"AS000007"},{"id":8,"name":"Contempt","code":"AS000008"},{"id":9,"name":"Breach
        of crown court order","code":"AS000009"},{"id":10,"name":"Cracked before retrial","code":"AS000010"},{"id":11,"name":"Retrial","code":"AS000011"},{"id":12,"name":"Elected
        case not proceeded","code":"AS000014"}]}'
  recorded_at: Tue, 09 Feb 2021 18:16:41 GMT
- request:
    method: get
    uri: https://laa-fee-calculator.service.justice.gov.uk/api/v1/fee-schemes/1/calculate/?day=1&fee_type_code=AGFS_FEE&offence_class=B&pages_of_prosecuting_evidence=0&scenario=4
    body:
      encoding: US-ASCII
      string: ''
    headers:
      Accept:
      - application/json
      User-Agent:
      - laa-fee-calculator-client/1.2.0
      Accept-Encoding:
      - gzip;q=1.0,deflate;q=0.6,identity;q=0.3
  response:
    status:
      code: 200
      message: OK
    headers:
      Date:
      - Tue, 09 Feb 2021 18:16:41 GMT
      Content-Type:
      - application/json
      Content-Length:
      - '14'
      Connection:
      - keep-alive
      Vary:
      - Accept, Cookie
      X-Frame-Options:
      - SAMEORIGIN
      Allow:
      - GET
      Strict-Transport-Security:
      - max-age=15724800; includeSubDomains
    body:
      encoding: UTF-8
      string: '{"amount":0.0}'
  recorded_at: Tue, 09 Feb 2021 18:16:41 GMT
- request:
    method: get
    uri: https://laa-fee-calculator.service.justice.gov.uk/api/v1/fee-schemes/1/calculate/?day=0&fee_type_code=AGFS_FEE&offence_class=B&pages_of_prosecuting_evidence=0&scenario=4
    body:
      encoding: US-ASCII
      string: ''
    headers:
      Accept:
      - application/json
      User-Agent:
      - laa-fee-calculator-client/1.2.0
      Accept-Encoding:
      - gzip;q=1.0,deflate;q=0.6,identity;q=0.3
  response:
    status:
      code: 200
      message: OK
    headers:
      Date:
      - Tue, 09 Feb 2021 18:16:41 GMT
      Content-Type:
      - application/json
      Content-Length:
      - '14'
      Connection:
      - keep-alive
      Vary:
      - Accept, Cookie
      X-Frame-Options:
      - SAMEORIGIN
      Allow:
      - GET
      Strict-Transport-Security:
      - max-age=15724800; includeSubDomains
    body:
      encoding: UTF-8
      string: '{"amount":0.0}'
  recorded_at: Tue, 09 Feb 2021 18:16:41 GMT
- request:
    method: get
    uri: https://laa-fee-calculator.service.justice.gov.uk/api/v1/fee-schemes/1/calculate/?day=0&fee_type_code=AGFS_FEE&offence_class=B&pages_of_prosecuting_evidence=0&scenario=4
    body:
      encoding: US-ASCII
      string: ''
    headers:
      Accept:
      - application/json
      User-Agent:
      - laa-fee-calculator-client/1.2.0
      Accept-Encoding:
      - gzip;q=1.0,deflate;q=0.6,identity;q=0.3
  response:
    status:
      code: 200
      message: OK
    headers:
      Date:
      - Tue, 09 Feb 2021 18:16:41 GMT
      Content-Type:
      - application/json
      Content-Length:
      - '14'
      Connection:
      - keep-alive
      Vary:
      - Accept, Cookie
      X-Frame-Options:
      - SAMEORIGIN
      Allow:
      - GET
      Strict-Transport-Security:
      - max-age=15724800; includeSubDomains
    body:
      encoding: UTF-8
      string: '{"amount":0.0}'
  recorded_at: Tue, 09 Feb 2021 18:16:42 GMT
- request:
    method: get
    uri: https://laa-fee-calculator.service.justice.gov.uk/api/v1/fee-schemes/1/calculate/?day=1&fee_type_code=AGFS_FEE&offence_class=B&pages_of_prosecuting_evidence=0&scenario=4
    body:
      encoding: US-ASCII
      string: ''
    headers:
      Accept:
      - application/json
      User-Agent:
      - laa-fee-calculator-client/1.2.0
      Accept-Encoding:
      - gzip;q=1.0,deflate;q=0.6,identity;q=0.3
  response:
    status:
      code: 200
      message: OK
    headers:
      Date:
      - Tue, 09 Feb 2021 18:16:41 GMT
      Content-Type:
      - application/json
      Content-Length:
      - '14'
      Connection:
      - keep-alive
      Vary:
      - Accept, Cookie
      Allow:
      - GET
      X-Frame-Options:
      - SAMEORIGIN
      Strict-Transport-Security:
      - max-age=15724800; includeSubDomains
    body:
      encoding: UTF-8
      string: '{"amount":0.0}'
  recorded_at: Tue, 09 Feb 2021 18:16:42 GMT
- request:
    method: get
    uri: https://laa-fee-calculator.service.justice.gov.uk/api/v1/fee-schemes/?case_date=2016-01-01&type=AGFS
    body:
      encoding: US-ASCII
      string: ''
    headers:
      Accept:
      - application/json
      User-Agent:
      - laa-fee-calculator-client/1.2.0
      Accept-Encoding:
      - gzip;q=1.0,deflate;q=0.6,identity;q=0.3
  response:
    status:
      code: 200
      message: OK
    headers:
      Date:
      - Tue, 09 Feb 2021 18:16:42 GMT
      Content-Type:
      - application/json
      Content-Length:
      - '158'
      Connection:
      - keep-alive
      Allow:
      - GET, HEAD, OPTIONS
      X-Frame-Options:
      - SAMEORIGIN
      Vary:
      - Accept, Cookie
      Strict-Transport-Security:
      - max-age=15724800; includeSubDomains
    body:
      encoding: UTF-8
      string: '{"count":1,"next":null,"previous":null,"results":[{"id":1,"start_date":"2012-04-01","end_date":"2018-03-31","type":"AGFS","description":"AGFS
        Fee Scheme 9"}]}'
  recorded_at: Tue, 09 Feb 2021 18:16:42 GMT
- request:
    method: get
    uri: https://laa-fee-calculator.service.justice.gov.uk/api/v1/fee-schemes/1/scenarios/
    body:
      encoding: US-ASCII
      string: ''
    headers:
      Accept:
      - application/json
      User-Agent:
      - laa-fee-calculator-client/1.2.0
      Accept-Encoding:
      - gzip;q=1.0,deflate;q=0.6,identity;q=0.3
  response:
    status:
      code: 200
      message: OK
    headers:
      Date:
      - Tue, 09 Feb 2021 18:16:42 GMT
      Content-Type:
      - application/json
      Content-Length:
      - '702'
      Connection:
      - keep-alive
      Vary:
      - Accept, Cookie
      X-Frame-Options:
      - SAMEORIGIN
      Allow:
      - GET, HEAD, OPTIONS
      Strict-Transport-Security:
      - max-age=15724800; includeSubDomains
    body:
      encoding: UTF-8
      string: '{"count":12,"next":null,"previous":null,"results":[{"id":1,"name":"Discontinuance","code":"AS000001"},{"id":2,"name":"Guilty
        plea","code":"AS000002"},{"id":3,"name":"Cracked trial","code":"AS000003"},{"id":4,"name":"Trial","code":"AS000004"},{"id":5,"name":"Appeal
        against conviction","code":"AS000005"},{"id":6,"name":"Appeal against sentence","code":"AS000006"},{"id":7,"name":"Committal
        for sentence","code":"AS000007"},{"id":8,"name":"Contempt","code":"AS000008"},{"id":9,"name":"Breach
        of crown court order","code":"AS000009"},{"id":10,"name":"Cracked before retrial","code":"AS000010"},{"id":11,"name":"Retrial","code":"AS000011"},{"id":12,"name":"Elected
        case not proceeded","code":"AS000014"}]}'
  recorded_at: Tue, 09 Feb 2021 18:16:42 GMT
- request:
    method: get
    uri: https://laa-fee-calculator.service.justice.gov.uk/api/v1/fee-schemes/1/calculate/?day=0&fee_type_code=AGFS_FEE&offence_class=B&pages_of_prosecuting_evidence=0&scenario=4
    body:
      encoding: US-ASCII
      string: ''
    headers:
      Accept:
      - application/json
      User-Agent:
      - laa-fee-calculator-client/1.2.0
      Accept-Encoding:
      - gzip;q=1.0,deflate;q=0.6,identity;q=0.3
  response:
    status:
      code: 200
      message: OK
    headers:
      Date:
      - Tue, 09 Feb 2021 18:16:42 GMT
      Content-Type:
      - application/json
      Content-Length:
      - '14'
      Connection:
      - keep-alive
      Vary:
      - Accept, Cookie
      X-Frame-Options:
      - SAMEORIGIN
      Allow:
      - GET
      Strict-Transport-Security:
      - max-age=15724800; includeSubDomains
    body:
      encoding: UTF-8
      string: '{"amount":0.0}'
  recorded_at: Tue, 09 Feb 2021 18:16:42 GMT
- request:
    method: get
    uri: https://laa-fee-calculator.service.justice.gov.uk/api/v1/fee-schemes/?case_date=2016-01-01&type=AGFS
    body:
      encoding: US-ASCII
      string: ''
    headers:
      Accept:
      - application/json
      User-Agent:
      - laa-fee-calculator-client/1.2.0
      Accept-Encoding:
      - gzip;q=1.0,deflate;q=0.6,identity;q=0.3
  response:
    status:
      code: 200
      message: OK
    headers:
      Date:
      - Tue, 09 Feb 2021 18:16:43 GMT
      Content-Type:
      - application/json
      Content-Length:
      - '158'
      Connection:
      - keep-alive
      Vary:
      - Accept, Cookie
      X-Frame-Options:
      - SAMEORIGIN
      Allow:
      - GET, HEAD, OPTIONS
      Strict-Transport-Security:
      - max-age=15724800; includeSubDomains
    body:
      encoding: UTF-8
      string: '{"count":1,"next":null,"previous":null,"results":[{"id":1,"start_date":"2012-04-01","end_date":"2018-03-31","type":"AGFS","description":"AGFS
        Fee Scheme 9"}]}'
  recorded_at: Tue, 09 Feb 2021 18:16:43 GMT
- request:
    method: get
    uri: https://laa-fee-calculator.service.justice.gov.uk/api/v1/fee-schemes/?case_date=2016-01-01&type=AGFS
    body:
      encoding: US-ASCII
      string: ''
    headers:
      Accept:
      - application/json
      User-Agent:
      - laa-fee-calculator-client/1.2.0
      Accept-Encoding:
      - gzip;q=1.0,deflate;q=0.6,identity;q=0.3
  response:
    status:
      code: 200
      message: OK
    headers:
      Date:
      - Tue, 09 Feb 2021 18:16:43 GMT
      Content-Type:
      - application/json
      Content-Length:
      - '158'
      Connection:
      - keep-alive
      Allow:
      - GET, HEAD, OPTIONS
      X-Frame-Options:
      - SAMEORIGIN
      Vary:
      - Accept, Cookie
      Strict-Transport-Security:
      - max-age=15724800; includeSubDomains
    body:
      encoding: UTF-8
      string: '{"count":1,"next":null,"previous":null,"results":[{"id":1,"start_date":"2012-04-01","end_date":"2018-03-31","type":"AGFS","description":"AGFS
        Fee Scheme 9"}]}'
  recorded_at: Tue, 09 Feb 2021 18:16:43 GMT
- request:
    method: get
    uri: https://laa-fee-calculator.service.justice.gov.uk/api/v1/fee-schemes/?case_date=2016-01-01&type=AGFS
    body:
      encoding: US-ASCII
      string: ''
    headers:
      Accept:
      - application/json
      User-Agent:
      - laa-fee-calculator-client/1.2.0
      Accept-Encoding:
      - gzip;q=1.0,deflate;q=0.6,identity;q=0.3
  response:
    status:
      code: 200
      message: OK
    headers:
      Date:
      - Tue, 09 Feb 2021 18:16:43 GMT
      Content-Type:
      - application/json
      Content-Length:
      - '158'
      Connection:
      - keep-alive
      Vary:
      - Accept, Cookie
      Allow:
      - GET, HEAD, OPTIONS
      X-Frame-Options:
      - SAMEORIGIN
      Strict-Transport-Security:
      - max-age=15724800; includeSubDomains
    body:
      encoding: UTF-8
      string: '{"count":1,"next":null,"previous":null,"results":[{"id":1,"start_date":"2012-04-01","end_date":"2018-03-31","type":"AGFS","description":"AGFS
        Fee Scheme 9"}]}'
  recorded_at: Tue, 09 Feb 2021 18:16:43 GMT
- request:
    method: get
    uri: https://laa-fee-calculator.service.justice.gov.uk/api/v1/fee-schemes/1/scenarios/
    body:
      encoding: US-ASCII
      string: ''
    headers:
      Accept:
      - application/json
      User-Agent:
      - laa-fee-calculator-client/1.2.0
      Accept-Encoding:
      - gzip;q=1.0,deflate;q=0.6,identity;q=0.3
  response:
    status:
      code: 200
      message: OK
    headers:
      Date:
      - Tue, 09 Feb 2021 18:16:43 GMT
      Content-Type:
      - application/json
      Content-Length:
      - '702'
      Connection:
      - keep-alive
      Vary:
      - Accept, Cookie
      Allow:
      - GET, HEAD, OPTIONS
      X-Frame-Options:
      - SAMEORIGIN
      Strict-Transport-Security:
      - max-age=15724800; includeSubDomains
    body:
      encoding: UTF-8
      string: '{"count":12,"next":null,"previous":null,"results":[{"id":1,"name":"Discontinuance","code":"AS000001"},{"id":2,"name":"Guilty
        plea","code":"AS000002"},{"id":3,"name":"Cracked trial","code":"AS000003"},{"id":4,"name":"Trial","code":"AS000004"},{"id":5,"name":"Appeal
        against conviction","code":"AS000005"},{"id":6,"name":"Appeal against sentence","code":"AS000006"},{"id":7,"name":"Committal
        for sentence","code":"AS000007"},{"id":8,"name":"Contempt","code":"AS000008"},{"id":9,"name":"Breach
        of crown court order","code":"AS000009"},{"id":10,"name":"Cracked before retrial","code":"AS000010"},{"id":11,"name":"Retrial","code":"AS000011"},{"id":12,"name":"Elected
        case not proceeded","code":"AS000014"}]}'
  recorded_at: Tue, 09 Feb 2021 18:16:43 GMT
- request:
    method: get
    uri: https://laa-fee-calculator.service.justice.gov.uk/api/v1/fee-schemes/1/scenarios/
    body:
      encoding: US-ASCII
      string: ''
    headers:
      Accept:
      - application/json
      User-Agent:
      - laa-fee-calculator-client/1.2.0
      Accept-Encoding:
      - gzip;q=1.0,deflate;q=0.6,identity;q=0.3
  response:
    status:
      code: 200
      message: OK
    headers:
      Date:
      - Tue, 09 Feb 2021 18:16:43 GMT
      Content-Type:
      - application/json
      Content-Length:
      - '702'
      Connection:
      - keep-alive
      Vary:
      - Accept, Cookie
      Allow:
      - GET, HEAD, OPTIONS
      X-Frame-Options:
      - SAMEORIGIN
      Strict-Transport-Security:
      - max-age=15724800; includeSubDomains
    body:
      encoding: UTF-8
      string: '{"count":12,"next":null,"previous":null,"results":[{"id":1,"name":"Discontinuance","code":"AS000001"},{"id":2,"name":"Guilty
        plea","code":"AS000002"},{"id":3,"name":"Cracked trial","code":"AS000003"},{"id":4,"name":"Trial","code":"AS000004"},{"id":5,"name":"Appeal
        against conviction","code":"AS000005"},{"id":6,"name":"Appeal against sentence","code":"AS000006"},{"id":7,"name":"Committal
        for sentence","code":"AS000007"},{"id":8,"name":"Contempt","code":"AS000008"},{"id":9,"name":"Breach
        of crown court order","code":"AS000009"},{"id":10,"name":"Cracked before retrial","code":"AS000010"},{"id":11,"name":"Retrial","code":"AS000011"},{"id":12,"name":"Elected
        case not proceeded","code":"AS000014"}]}'
  recorded_at: Tue, 09 Feb 2021 18:16:43 GMT
- request:
    method: get
    uri: https://laa-fee-calculator.service.justice.gov.uk/api/v1/fee-schemes/1/scenarios/
    body:
      encoding: US-ASCII
      string: ''
    headers:
      Accept:
      - application/json
      User-Agent:
      - laa-fee-calculator-client/1.2.0
      Accept-Encoding:
      - gzip;q=1.0,deflate;q=0.6,identity;q=0.3
  response:
    status:
      code: 200
      message: OK
    headers:
      Date:
      - Tue, 09 Feb 2021 18:16:43 GMT
      Content-Type:
      - application/json
      Content-Length:
      - '702'
      Connection:
      - keep-alive
      Vary:
      - Accept, Cookie
      X-Frame-Options:
      - SAMEORIGIN
      Allow:
      - GET, HEAD, OPTIONS
      Strict-Transport-Security:
      - max-age=15724800; includeSubDomains
    body:
      encoding: UTF-8
      string: '{"count":12,"next":null,"previous":null,"results":[{"id":1,"name":"Discontinuance","code":"AS000001"},{"id":2,"name":"Guilty
        plea","code":"AS000002"},{"id":3,"name":"Cracked trial","code":"AS000003"},{"id":4,"name":"Trial","code":"AS000004"},{"id":5,"name":"Appeal
        against conviction","code":"AS000005"},{"id":6,"name":"Appeal against sentence","code":"AS000006"},{"id":7,"name":"Committal
        for sentence","code":"AS000007"},{"id":8,"name":"Contempt","code":"AS000008"},{"id":9,"name":"Breach
        of crown court order","code":"AS000009"},{"id":10,"name":"Cracked before retrial","code":"AS000010"},{"id":11,"name":"Retrial","code":"AS000011"},{"id":12,"name":"Elected
        case not proceeded","code":"AS000014"}]}'
  recorded_at: Tue, 09 Feb 2021 18:16:43 GMT
- request:
    method: get
    uri: https://laa-fee-calculator.service.justice.gov.uk/api/v1/fee-schemes/1/calculate/?advocate_type=JRALONE&day=0&fee_type_code=AGFS_FEE&offence_class=B&pages_of_prosecuting_evidence=0&scenario=4
    body:
      encoding: US-ASCII
      string: ''
    headers:
      Accept:
      - application/json
      User-Agent:
      - laa-fee-calculator-client/1.2.0
      Accept-Encoding:
      - gzip;q=1.0,deflate;q=0.6,identity;q=0.3
  response:
    status:
      code: 200
      message: OK
    headers:
      Date:
      - Tue, 09 Feb 2021 18:16:43 GMT
      Content-Type:
      - application/json
      Content-Length:
      - '14'
      Connection:
      - keep-alive
      Vary:
      - Accept, Cookie
      Allow:
      - GET
      X-Frame-Options:
      - SAMEORIGIN
      Strict-Transport-Security:
      - max-age=15724800; includeSubDomains
    body:
      encoding: UTF-8
      string: '{"amount":0.0}'
  recorded_at: Tue, 09 Feb 2021 18:16:43 GMT
- request:
    method: get
    uri: https://laa-fee-calculator.service.justice.gov.uk/api/v1/fee-schemes/1/calculate/?advocate_type=JRALONE&day=1&fee_type_code=AGFS_FEE&offence_class=B&pages_of_prosecuting_evidence=0&scenario=4
    body:
      encoding: US-ASCII
      string: ''
    headers:
      Accept:
      - application/json
      User-Agent:
      - laa-fee-calculator-client/1.2.0
      Accept-Encoding:
      - gzip;q=1.0,deflate;q=0.6,identity;q=0.3
  response:
    status:
      code: 200
      message: OK
    headers:
      Date:
      - Tue, 09 Feb 2021 18:16:43 GMT
      Content-Type:
      - application/json
      Content-Length:
      - '17'
      Connection:
      - keep-alive
      Vary:
      - Accept, Cookie
      X-Frame-Options:
      - SAMEORIGIN
      Allow:
      - GET
      Strict-Transport-Security:
      - max-age=15724800; includeSubDomains
    body:
      encoding: UTF-8
      string: '{"amount":1305.0}'
  recorded_at: Tue, 09 Feb 2021 18:16:43 GMT
- request:
    method: get
    uri: https://laa-fee-calculator.service.justice.gov.uk/api/v1/fee-schemes/1/calculate/?advocate_type=JRALONE&day=0&fee_type_code=AGFS_FEE&offence_class=B&pages_of_prosecuting_evidence=0&scenario=4
    body:
      encoding: US-ASCII
      string: ''
    headers:
      Accept:
      - application/json
      User-Agent:
      - laa-fee-calculator-client/1.2.0
      Accept-Encoding:
      - gzip;q=1.0,deflate;q=0.6,identity;q=0.3
  response:
    status:
      code: 200
      message: OK
    headers:
      Date:
      - Tue, 09 Feb 2021 18:16:43 GMT
      Content-Type:
      - application/json
      Content-Length:
      - '14'
      Connection:
      - keep-alive
      Allow:
      - GET
      X-Frame-Options:
      - SAMEORIGIN
      Vary:
      - Accept, Cookie
      Strict-Transport-Security:
      - max-age=15724800; includeSubDomains
    body:
      encoding: UTF-8
      string: '{"amount":0.0}'
  recorded_at: Tue, 09 Feb 2021 18:16:43 GMT
- request:
    method: get
    uri: https://laa-fee-calculator.service.justice.gov.uk/api/v1/fee-schemes/?case_date=2016-01-01&type=AGFS
    body:
      encoding: US-ASCII
      string: ''
    headers:
      Accept:
      - application/json
      User-Agent:
      - laa-fee-calculator-client/1.2.0
      Accept-Encoding:
      - gzip;q=1.0,deflate;q=0.6,identity;q=0.3
  response:
    status:
      code: 200
      message: OK
    headers:
      Date:
      - Tue, 09 Feb 2021 18:16:44 GMT
      Content-Type:
      - application/json
      Content-Length:
      - '158'
      Connection:
      - keep-alive
      Allow:
      - GET, HEAD, OPTIONS
      X-Frame-Options:
      - SAMEORIGIN
      Vary:
      - Accept, Cookie
      Strict-Transport-Security:
      - max-age=15724800; includeSubDomains
    body:
      encoding: UTF-8
      string: '{"count":1,"next":null,"previous":null,"results":[{"id":1,"start_date":"2012-04-01","end_date":"2018-03-31","type":"AGFS","description":"AGFS
        Fee Scheme 9"}]}'
  recorded_at: Tue, 09 Feb 2021 18:16:44 GMT
- request:
    method: get
    uri: https://laa-fee-calculator.service.justice.gov.uk/api/v1/fee-schemes/1/scenarios/
    body:
      encoding: US-ASCII
      string: ''
    headers:
      Accept:
      - application/json
      User-Agent:
      - laa-fee-calculator-client/1.2.0
      Accept-Encoding:
      - gzip;q=1.0,deflate;q=0.6,identity;q=0.3
  response:
    status:
      code: 200
      message: OK
    headers:
      Date:
      - Tue, 09 Feb 2021 18:16:44 GMT
      Content-Type:
      - application/json
      Content-Length:
      - '702'
      Connection:
      - keep-alive
      Vary:
      - Accept, Cookie
      Allow:
      - GET, HEAD, OPTIONS
      X-Frame-Options:
      - SAMEORIGIN
      Strict-Transport-Security:
      - max-age=15724800; includeSubDomains
    body:
      encoding: UTF-8
      string: '{"count":12,"next":null,"previous":null,"results":[{"id":1,"name":"Discontinuance","code":"AS000001"},{"id":2,"name":"Guilty
        plea","code":"AS000002"},{"id":3,"name":"Cracked trial","code":"AS000003"},{"id":4,"name":"Trial","code":"AS000004"},{"id":5,"name":"Appeal
        against conviction","code":"AS000005"},{"id":6,"name":"Appeal against sentence","code":"AS000006"},{"id":7,"name":"Committal
        for sentence","code":"AS000007"},{"id":8,"name":"Contempt","code":"AS000008"},{"id":9,"name":"Breach
        of crown court order","code":"AS000009"},{"id":10,"name":"Cracked before retrial","code":"AS000010"},{"id":11,"name":"Retrial","code":"AS000011"},{"id":12,"name":"Elected
        case not proceeded","code":"AS000014"}]}'
  recorded_at: Tue, 09 Feb 2021 18:16:44 GMT
- request:
    method: get
    uri: https://laa-fee-calculator.service.justice.gov.uk/api/v1/fee-schemes/1/prices/?advocate_type=JRALONE&fee_type_code=AGFS_FEE&limit_from=1&offence_class=B&scenario=4&unit=DAY
    body:
      encoding: US-ASCII
      string: ''
    headers:
      Accept:
      - application/json
      User-Agent:
      - laa-fee-calculator-client/1.2.0
      Accept-Encoding:
      - gzip;q=1.0,deflate;q=0.6,identity;q=0.3
  response:
    status:
      code: 200
      message: OK
    headers:
      Date:
      - Tue, 09 Feb 2021 18:16:44 GMT
      Content-Type:
      - application/json
      Content-Length:
      - '747'
      Connection:
      - keep-alive
      Vary:
      - Accept, Cookie
      Allow:
      - GET, HEAD, OPTIONS
      X-Frame-Options:
      - SAMEORIGIN
      Strict-Transport-Security:
      - max-age=15724800; includeSubDomains
    body:
      encoding: UTF-8
      string: '{"count":1,"next":null,"previous":null,"results":[{"id":273,"scenario":4,"advocate_type":"JRALONE","fee_type":34,"offence_class":"B","scheme":1,"unit":"DAY","fee_per_unit":"0.00000","fixed_fee":"1305.00000","limit_from":1,"limit_to":2,"modifiers":[{"limit_from":2,"limit_to":null,"fixed_percent":"0.00","percent_per_unit":"20.00","modifier_type":{"id":1,"name":"NUMBER_OF_CASES","description":"Number
        of cases","unit":"CASE"},"required":false,"priority":0,"strict_range":false},{"limit_from":2,"limit_to":null,"fixed_percent":"0.00","percent_per_unit":"20.00","modifier_type":{"id":2,"name":"NUMBER_OF_DEFENDANTS","description":"Number
        of defendants","unit":"DEFENDANT"},"required":false,"priority":0,"strict_range":false}],"strict_range":false}]}'
  recorded_at: Tue, 09 Feb 2021 18:16:44 GMT
- request:
    method: get
    uri: https://laa-fee-calculator.service.justice.gov.uk/api/v1/fee-schemes/?case_date=2016-01-01&type=AGFS
    body:
      encoding: US-ASCII
      string: ''
    headers:
      Accept:
      - application/json
      User-Agent:
      - laa-fee-calculator-client/1.2.0
      Accept-Encoding:
      - gzip;q=1.0,deflate;q=0.6,identity;q=0.3
  response:
    status:
      code: 200
      message: OK
    headers:
      Date:
      - Tue, 09 Feb 2021 18:16:45 GMT
      Content-Type:
      - application/json
      Content-Length:
      - '158'
      Connection:
      - keep-alive
      Allow:
      - GET, HEAD, OPTIONS
      X-Frame-Options:
      - SAMEORIGIN
      Vary:
      - Accept, Cookie
      Strict-Transport-Security:
      - max-age=15724800; includeSubDomains
    body:
      encoding: UTF-8
      string: '{"count":1,"next":null,"previous":null,"results":[{"id":1,"start_date":"2012-04-01","end_date":"2018-03-31","type":"AGFS","description":"AGFS
        Fee Scheme 9"}]}'
  recorded_at: Tue, 09 Feb 2021 18:16:45 GMT
- request:
    method: get
    uri: https://laa-fee-calculator.service.justice.gov.uk/api/v1/fee-schemes/1/scenarios/
    body:
      encoding: US-ASCII
      string: ''
    headers:
      Accept:
      - application/json
      User-Agent:
      - laa-fee-calculator-client/1.2.0
      Accept-Encoding:
      - gzip;q=1.0,deflate;q=0.6,identity;q=0.3
  response:
    status:
      code: 200
      message: OK
    headers:
      Date:
      - Tue, 09 Feb 2021 18:16:45 GMT
      Content-Type:
      - application/json
      Content-Length:
      - '702'
      Connection:
      - keep-alive
      Vary:
      - Accept, Cookie
      Allow:
      - GET, HEAD, OPTIONS
      X-Frame-Options:
      - SAMEORIGIN
      Strict-Transport-Security:
      - max-age=15724800; includeSubDomains
    body:
      encoding: UTF-8
      string: '{"count":12,"next":null,"previous":null,"results":[{"id":1,"name":"Discontinuance","code":"AS000001"},{"id":2,"name":"Guilty
        plea","code":"AS000002"},{"id":3,"name":"Cracked trial","code":"AS000003"},{"id":4,"name":"Trial","code":"AS000004"},{"id":5,"name":"Appeal
        against conviction","code":"AS000005"},{"id":6,"name":"Appeal against sentence","code":"AS000006"},{"id":7,"name":"Committal
        for sentence","code":"AS000007"},{"id":8,"name":"Contempt","code":"AS000008"},{"id":9,"name":"Breach
        of crown court order","code":"AS000009"},{"id":10,"name":"Cracked before retrial","code":"AS000010"},{"id":11,"name":"Retrial","code":"AS000011"},{"id":12,"name":"Elected
        case not proceeded","code":"AS000014"}]}'
  recorded_at: Tue, 09 Feb 2021 18:16:45 GMT
- request:
    method: get
    uri: https://laa-fee-calculator.service.justice.gov.uk/api/v1/fee-schemes/1/prices/?advocate_type=JRALONE&fee_type_code=AGFS_FEE&limit_from=1&offence_class=B&scenario=4&unit=DAY
    body:
      encoding: US-ASCII
      string: ''
    headers:
      Accept:
      - application/json
      User-Agent:
      - laa-fee-calculator-client/1.2.0
      Accept-Encoding:
      - gzip;q=1.0,deflate;q=0.6,identity;q=0.3
  response:
    status:
      code: 200
      message: OK
    headers:
      Date:
      - Tue, 09 Feb 2021 18:16:45 GMT
      Content-Type:
      - application/json
      Content-Length:
      - '747'
      Connection:
      - keep-alive
      Vary:
      - Accept, Cookie
      X-Frame-Options:
      - SAMEORIGIN
      Allow:
      - GET, HEAD, OPTIONS
      Strict-Transport-Security:
      - max-age=15724800; includeSubDomains
    body:
      encoding: UTF-8
      string: '{"count":1,"next":null,"previous":null,"results":[{"id":273,"scenario":4,"advocate_type":"JRALONE","fee_type":34,"offence_class":"B","scheme":1,"unit":"DAY","fee_per_unit":"0.00000","fixed_fee":"1305.00000","limit_from":1,"limit_to":2,"modifiers":[{"limit_from":2,"limit_to":null,"fixed_percent":"0.00","percent_per_unit":"20.00","modifier_type":{"id":1,"name":"NUMBER_OF_CASES","description":"Number
        of cases","unit":"CASE"},"required":false,"priority":0,"strict_range":false},{"limit_from":2,"limit_to":null,"fixed_percent":"0.00","percent_per_unit":"20.00","modifier_type":{"id":2,"name":"NUMBER_OF_DEFENDANTS","description":"Number
        of defendants","unit":"DEFENDANT"},"required":false,"priority":0,"strict_range":false}],"strict_range":false}]}'
  recorded_at: Tue, 09 Feb 2021 18:16:45 GMT
- request:
    method: get
    uri: https://laa-fee-calculator.service.justice.gov.uk/api/v1/fee-schemes/?case_date=2016-01-01&type=AGFS
    body:
      encoding: US-ASCII
      string: ''
    headers:
      Accept:
      - application/json
      User-Agent:
      - laa-fee-calculator-client/1.2.0
      Accept-Encoding:
      - gzip;q=1.0,deflate;q=0.6,identity;q=0.3
  response:
    status:
      code: 200
      message: OK
    headers:
      Date:
      - Tue, 09 Feb 2021 18:16:47 GMT
      Content-Type:
      - application/json
      Content-Length:
      - '158'
      Connection:
      - keep-alive
      Vary:
      - Accept, Cookie
      Allow:
      - GET, HEAD, OPTIONS
      X-Frame-Options:
      - SAMEORIGIN
      Strict-Transport-Security:
      - max-age=15724800; includeSubDomains
    body:
      encoding: UTF-8
      string: '{"count":1,"next":null,"previous":null,"results":[{"id":1,"start_date":"2012-04-01","end_date":"2018-03-31","type":"AGFS","description":"AGFS
        Fee Scheme 9"}]}'
  recorded_at: Tue, 09 Feb 2021 18:16:47 GMT
- request:
    method: get
    uri: https://laa-fee-calculator.service.justice.gov.uk/api/v1/fee-schemes/1/scenarios/
    body:
      encoding: US-ASCII
      string: ''
    headers:
      Accept:
      - application/json
      User-Agent:
      - laa-fee-calculator-client/1.2.0
      Accept-Encoding:
      - gzip;q=1.0,deflate;q=0.6,identity;q=0.3
  response:
    status:
      code: 200
      message: OK
    headers:
      Date:
      - Tue, 09 Feb 2021 18:16:47 GMT
      Content-Type:
      - application/json
      Content-Length:
      - '702'
      Connection:
      - keep-alive
      Vary:
      - Accept, Cookie
      X-Frame-Options:
      - SAMEORIGIN
      Allow:
      - GET, HEAD, OPTIONS
      Strict-Transport-Security:
      - max-age=15724800; includeSubDomains
    body:
      encoding: UTF-8
      string: '{"count":12,"next":null,"previous":null,"results":[{"id":1,"name":"Discontinuance","code":"AS000001"},{"id":2,"name":"Guilty
        plea","code":"AS000002"},{"id":3,"name":"Cracked trial","code":"AS000003"},{"id":4,"name":"Trial","code":"AS000004"},{"id":5,"name":"Appeal
        against conviction","code":"AS000005"},{"id":6,"name":"Appeal against sentence","code":"AS000006"},{"id":7,"name":"Committal
        for sentence","code":"AS000007"},{"id":8,"name":"Contempt","code":"AS000008"},{"id":9,"name":"Breach
        of crown court order","code":"AS000009"},{"id":10,"name":"Cracked before retrial","code":"AS000010"},{"id":11,"name":"Retrial","code":"AS000011"},{"id":12,"name":"Elected
        case not proceeded","code":"AS000014"}]}'
  recorded_at: Tue, 09 Feb 2021 18:16:47 GMT
- request:
    method: get
    uri: https://laa-fee-calculator.service.justice.gov.uk/api/v1/fee-schemes/1/prices/?advocate_type=JRALONE&fee_type_code=AGFS_SPCL_PREP&limit_from=1&offence_class=B&scenario=4
    body:
      encoding: US-ASCII
      string: ''
    headers:
      Accept:
      - application/json
      User-Agent:
      - laa-fee-calculator-client/1.2.0
      Accept-Encoding:
      - gzip;q=1.0,deflate;q=0.6,identity;q=0.3
  response:
    status:
      code: 200
      message: OK
    headers:
      Date:
      - Tue, 09 Feb 2021 18:16:47 GMT
      Content-Type:
      - application/json
      Content-Length:
      - '276'
      Connection:
      - keep-alive
      Vary:
      - Accept, Cookie
      X-Frame-Options:
      - SAMEORIGIN
      Allow:
      - GET, HEAD, OPTIONS
      Strict-Transport-Security:
      - max-age=15724800; includeSubDomains
    body:
      encoding: UTF-8
      string: '{"count":1,"next":null,"previous":null,"results":[{"id":2968,"scenario":4,"advocate_type":"JRALONE","fee_type":29,"offence_class":null,"scheme":1,"unit":"HOUR","fee_per_unit":"39.00000","fixed_fee":"0.00000","limit_from":1,"limit_to":240,"modifiers":[],"strict_range":false}]}'
  recorded_at: Tue, 09 Feb 2021 18:16:47 GMT
- request:
    method: get
    uri: https://laa-fee-calculator.service.justice.gov.uk/api/v1/fee-schemes/?case_date=2016-01-01&type=AGFS
    body:
      encoding: US-ASCII
      string: ''
    headers:
      Accept:
      - application/json
      User-Agent:
      - laa-fee-calculator-client/1.2.0
      Accept-Encoding:
      - gzip;q=1.0,deflate;q=0.6,identity;q=0.3
  response:
    status:
      code: 200
      message: OK
    headers:
      Date:
      - Tue, 09 Feb 2021 18:16:47 GMT
      Content-Type:
      - application/json
      Content-Length:
      - '158'
      Connection:
      - keep-alive
      Vary:
      - Accept, Cookie
      X-Frame-Options:
      - SAMEORIGIN
      Allow:
      - GET, HEAD, OPTIONS
      Strict-Transport-Security:
      - max-age=15724800; includeSubDomains
    body:
      encoding: UTF-8
      string: '{"count":1,"next":null,"previous":null,"results":[{"id":1,"start_date":"2012-04-01","end_date":"2018-03-31","type":"AGFS","description":"AGFS
        Fee Scheme 9"}]}'
  recorded_at: Tue, 09 Feb 2021 18:16:47 GMT
- request:
    method: get
    uri: https://laa-fee-calculator.service.justice.gov.uk/api/v1/fee-schemes/1/scenarios/
    body:
      encoding: US-ASCII
      string: ''
    headers:
      Accept:
      - application/json
      User-Agent:
      - laa-fee-calculator-client/1.2.0
      Accept-Encoding:
      - gzip;q=1.0,deflate;q=0.6,identity;q=0.3
  response:
    status:
      code: 200
      message: OK
    headers:
      Date:
      - Tue, 09 Feb 2021 18:16:47 GMT
      Content-Type:
      - application/json
      Content-Length:
      - '702'
      Connection:
      - keep-alive
      Vary:
      - Accept, Cookie
      X-Frame-Options:
      - SAMEORIGIN
      Allow:
      - GET, HEAD, OPTIONS
      Strict-Transport-Security:
      - max-age=15724800; includeSubDomains
    body:
      encoding: UTF-8
      string: '{"count":12,"next":null,"previous":null,"results":[{"id":1,"name":"Discontinuance","code":"AS000001"},{"id":2,"name":"Guilty
        plea","code":"AS000002"},{"id":3,"name":"Cracked trial","code":"AS000003"},{"id":4,"name":"Trial","code":"AS000004"},{"id":5,"name":"Appeal
        against conviction","code":"AS000005"},{"id":6,"name":"Appeal against sentence","code":"AS000006"},{"id":7,"name":"Committal
        for sentence","code":"AS000007"},{"id":8,"name":"Contempt","code":"AS000008"},{"id":9,"name":"Breach
        of crown court order","code":"AS000009"},{"id":10,"name":"Cracked before retrial","code":"AS000010"},{"id":11,"name":"Retrial","code":"AS000011"},{"id":12,"name":"Elected
        case not proceeded","code":"AS000014"}]}'
  recorded_at: Tue, 09 Feb 2021 18:16:47 GMT
- request:
    method: get
    uri: https://laa-fee-calculator.service.justice.gov.uk/api/v1/fee-schemes/1/prices/?advocate_type=JRALONE&fee_type_code=AGFS_SPCL_PREP&limit_from=1&offence_class=B&scenario=4
    body:
      encoding: US-ASCII
      string: ''
    headers:
      Accept:
      - application/json
      User-Agent:
      - laa-fee-calculator-client/1.2.0
      Accept-Encoding:
      - gzip;q=1.0,deflate;q=0.6,identity;q=0.3
  response:
    status:
      code: 200
      message: OK
    headers:
      Date:
      - Tue, 09 Feb 2021 18:16:47 GMT
      Content-Type:
      - application/json
      Content-Length:
      - '276'
      Connection:
      - keep-alive
      Allow:
      - GET, HEAD, OPTIONS
      X-Frame-Options:
      - SAMEORIGIN
      Vary:
      - Accept, Cookie
      Strict-Transport-Security:
      - max-age=15724800; includeSubDomains
    body:
      encoding: UTF-8
      string: '{"count":1,"next":null,"previous":null,"results":[{"id":2968,"scenario":4,"advocate_type":"JRALONE","fee_type":29,"offence_class":null,"scheme":1,"unit":"HOUR","fee_per_unit":"39.00000","fixed_fee":"0.00000","limit_from":1,"limit_to":240,"modifiers":[],"strict_range":false}]}'
  recorded_at: Tue, 09 Feb 2021 18:16:47 GMT
- request:
    method: get
    uri: https://laa-fee-calculator.service.justice.gov.uk/api/v1/fee-schemes/?case_date=2016-01-01&type=AGFS
    body:
      encoding: US-ASCII
      string: ''
    headers:
      Accept:
      - application/json
      User-Agent:
      - laa-fee-calculator-client/1.2.0
      Accept-Encoding:
      - gzip;q=1.0,deflate;q=0.6,identity;q=0.3
  response:
    status:
      code: 200
      message: OK
    headers:
      Date:
      - Tue, 09 Feb 2021 18:16:48 GMT
      Content-Type:
      - application/json
      Content-Length:
      - '158'
      Connection:
      - keep-alive
      Allow:
      - GET, HEAD, OPTIONS
      X-Frame-Options:
      - SAMEORIGIN
      Vary:
      - Accept, Cookie
      Strict-Transport-Security:
      - max-age=15724800; includeSubDomains
    body:
      encoding: UTF-8
      string: '{"count":1,"next":null,"previous":null,"results":[{"id":1,"start_date":"2012-04-01","end_date":"2018-03-31","type":"AGFS","description":"AGFS
        Fee Scheme 9"}]}'
  recorded_at: Tue, 09 Feb 2021 18:16:48 GMT
- request:
    method: get
    uri: https://laa-fee-calculator.service.justice.gov.uk/api/v1/fee-schemes/?case_date=2016-01-01&type=AGFS
    body:
      encoding: US-ASCII
      string: ''
    headers:
      Accept:
      - application/json
      User-Agent:
      - laa-fee-calculator-client/1.2.0
      Accept-Encoding:
      - gzip;q=1.0,deflate;q=0.6,identity;q=0.3
  response:
    status:
      code: 200
      message: OK
    headers:
      Date:
      - Tue, 09 Feb 2021 18:16:48 GMT
      Content-Type:
      - application/json
      Content-Length:
      - '158'
      Connection:
      - keep-alive
      Vary:
      - Accept, Cookie
      X-Frame-Options:
      - SAMEORIGIN
      Allow:
      - GET, HEAD, OPTIONS
      Strict-Transport-Security:
      - max-age=15724800; includeSubDomains
    body:
      encoding: UTF-8
      string: '{"count":1,"next":null,"previous":null,"results":[{"id":1,"start_date":"2012-04-01","end_date":"2018-03-31","type":"AGFS","description":"AGFS
        Fee Scheme 9"}]}'
  recorded_at: Tue, 09 Feb 2021 18:16:48 GMT
- request:
    method: get
    uri: https://laa-fee-calculator.service.justice.gov.uk/api/v1/fee-schemes/1/scenarios/
    body:
      encoding: US-ASCII
      string: ''
    headers:
      Accept:
      - application/json
      User-Agent:
      - laa-fee-calculator-client/1.2.0
      Accept-Encoding:
      - gzip;q=1.0,deflate;q=0.6,identity;q=0.3
  response:
    status:
      code: 200
      message: OK
    headers:
      Date:
      - Tue, 09 Feb 2021 18:16:48 GMT
      Content-Type:
      - application/json
      Content-Length:
      - '702'
      Connection:
      - keep-alive
      Allow:
      - GET, HEAD, OPTIONS
      X-Frame-Options:
      - SAMEORIGIN
      Vary:
      - Accept, Cookie
      Strict-Transport-Security:
      - max-age=15724800; includeSubDomains
    body:
      encoding: UTF-8
      string: '{"count":12,"next":null,"previous":null,"results":[{"id":1,"name":"Discontinuance","code":"AS000001"},{"id":2,"name":"Guilty
        plea","code":"AS000002"},{"id":3,"name":"Cracked trial","code":"AS000003"},{"id":4,"name":"Trial","code":"AS000004"},{"id":5,"name":"Appeal
        against conviction","code":"AS000005"},{"id":6,"name":"Appeal against sentence","code":"AS000006"},{"id":7,"name":"Committal
        for sentence","code":"AS000007"},{"id":8,"name":"Contempt","code":"AS000008"},{"id":9,"name":"Breach
        of crown court order","code":"AS000009"},{"id":10,"name":"Cracked before retrial","code":"AS000010"},{"id":11,"name":"Retrial","code":"AS000011"},{"id":12,"name":"Elected
        case not proceeded","code":"AS000014"}]}'
  recorded_at: Tue, 09 Feb 2021 18:16:48 GMT
- request:
    method: get
    uri: https://laa-fee-calculator.service.justice.gov.uk/api/v1/fee-schemes/?case_date=2016-01-01&type=AGFS
    body:
      encoding: US-ASCII
      string: ''
    headers:
      Accept:
      - application/json
      User-Agent:
      - laa-fee-calculator-client/1.2.0
      Accept-Encoding:
      - gzip;q=1.0,deflate;q=0.6,identity;q=0.3
  response:
    status:
      code: 200
      message: OK
    headers:
      Date:
      - Tue, 09 Feb 2021 18:16:48 GMT
      Content-Type:
      - application/json
      Content-Length:
      - '158'
      Connection:
      - keep-alive
      Allow:
      - GET, HEAD, OPTIONS
      X-Frame-Options:
      - SAMEORIGIN
      Vary:
      - Accept, Cookie
      Strict-Transport-Security:
      - max-age=15724800; includeSubDomains
    body:
      encoding: UTF-8
      string: '{"count":1,"next":null,"previous":null,"results":[{"id":1,"start_date":"2012-04-01","end_date":"2018-03-31","type":"AGFS","description":"AGFS
        Fee Scheme 9"}]}'
  recorded_at: Tue, 09 Feb 2021 18:16:48 GMT
- request:
    method: get
    uri: https://laa-fee-calculator.service.justice.gov.uk/api/v1/fee-schemes/1/scenarios/
    body:
      encoding: US-ASCII
      string: ''
    headers:
      Accept:
      - application/json
      User-Agent:
      - laa-fee-calculator-client/1.2.0
      Accept-Encoding:
      - gzip;q=1.0,deflate;q=0.6,identity;q=0.3
  response:
    status:
      code: 200
      message: OK
    headers:
      Date:
      - Tue, 09 Feb 2021 18:16:48 GMT
      Content-Type:
      - application/json
      Content-Length:
      - '702'
      Connection:
      - keep-alive
      Vary:
      - Accept, Cookie
      X-Frame-Options:
      - SAMEORIGIN
      Allow:
      - GET, HEAD, OPTIONS
      Strict-Transport-Security:
      - max-age=15724800; includeSubDomains
    body:
      encoding: UTF-8
      string: '{"count":12,"next":null,"previous":null,"results":[{"id":1,"name":"Discontinuance","code":"AS000001"},{"id":2,"name":"Guilty
        plea","code":"AS000002"},{"id":3,"name":"Cracked trial","code":"AS000003"},{"id":4,"name":"Trial","code":"AS000004"},{"id":5,"name":"Appeal
        against conviction","code":"AS000005"},{"id":6,"name":"Appeal against sentence","code":"AS000006"},{"id":7,"name":"Committal
        for sentence","code":"AS000007"},{"id":8,"name":"Contempt","code":"AS000008"},{"id":9,"name":"Breach
        of crown court order","code":"AS000009"},{"id":10,"name":"Cracked before retrial","code":"AS000010"},{"id":11,"name":"Retrial","code":"AS000011"},{"id":12,"name":"Elected
        case not proceeded","code":"AS000014"}]}'
  recorded_at: Tue, 09 Feb 2021 18:16:48 GMT
- request:
    method: get
    uri: https://laa-fee-calculator.service.justice.gov.uk/api/v1/fee-schemes/1/prices/?advocate_type=JRALONE&fee_type_code=AGFS_SPCL_PREP&limit_from=1&offence_class=B&scenario=4
    body:
      encoding: US-ASCII
      string: ''
    headers:
      Accept:
      - application/json
      User-Agent:
      - laa-fee-calculator-client/1.2.0
      Accept-Encoding:
      - gzip;q=1.0,deflate;q=0.6,identity;q=0.3
  response:
    status:
      code: 200
      message: OK
    headers:
      Date:
      - Tue, 09 Feb 2021 18:16:48 GMT
      Content-Type:
      - application/json
      Content-Length:
      - '276'
      Connection:
      - keep-alive
      Allow:
      - GET, HEAD, OPTIONS
      X-Frame-Options:
      - SAMEORIGIN
      Vary:
      - Accept, Cookie
      Strict-Transport-Security:
      - max-age=15724800; includeSubDomains
    body:
      encoding: UTF-8
      string: '{"count":1,"next":null,"previous":null,"results":[{"id":2968,"scenario":4,"advocate_type":"JRALONE","fee_type":29,"offence_class":null,"scheme":1,"unit":"HOUR","fee_per_unit":"39.00000","fixed_fee":"0.00000","limit_from":1,"limit_to":240,"modifiers":[],"strict_range":false}]}'
  recorded_at: Tue, 09 Feb 2021 18:16:48 GMT
- request:
    method: get
    uri: https://laa-fee-calculator.service.justice.gov.uk/api/v1/fee-schemes/1/scenarios/
    body:
      encoding: US-ASCII
      string: ''
    headers:
      Accept:
      - application/json
      User-Agent:
      - laa-fee-calculator-client/1.2.0
      Accept-Encoding:
      - gzip;q=1.0,deflate;q=0.6,identity;q=0.3
  response:
    status:
      code: 200
      message: OK
    headers:
      Date:
      - Tue, 09 Feb 2021 18:16:48 GMT
      Content-Type:
      - application/json
      Content-Length:
      - '702'
      Connection:
      - keep-alive
      Allow:
      - GET, HEAD, OPTIONS
      X-Frame-Options:
      - SAMEORIGIN
      Vary:
      - Accept, Cookie
      Strict-Transport-Security:
      - max-age=15724800; includeSubDomains
    body:
      encoding: UTF-8
      string: '{"count":12,"next":null,"previous":null,"results":[{"id":1,"name":"Discontinuance","code":"AS000001"},{"id":2,"name":"Guilty
        plea","code":"AS000002"},{"id":3,"name":"Cracked trial","code":"AS000003"},{"id":4,"name":"Trial","code":"AS000004"},{"id":5,"name":"Appeal
        against conviction","code":"AS000005"},{"id":6,"name":"Appeal against sentence","code":"AS000006"},{"id":7,"name":"Committal
        for sentence","code":"AS000007"},{"id":8,"name":"Contempt","code":"AS000008"},{"id":9,"name":"Breach
        of crown court order","code":"AS000009"},{"id":10,"name":"Cracked before retrial","code":"AS000010"},{"id":11,"name":"Retrial","code":"AS000011"},{"id":12,"name":"Elected
        case not proceeded","code":"AS000014"}]}'
  recorded_at: Tue, 09 Feb 2021 18:16:48 GMT
- request:
    method: get
    uri: https://laa-fee-calculator.service.justice.gov.uk/api/v1/fee-schemes/?case_date=2016-01-01&type=AGFS
    body:
      encoding: US-ASCII
      string: ''
    headers:
      Accept:
      - application/json
      User-Agent:
      - laa-fee-calculator-client/1.2.0
      Accept-Encoding:
      - gzip;q=1.0,deflate;q=0.6,identity;q=0.3
  response:
    status:
      code: 200
      message: OK
    headers:
      Date:
      - Tue, 09 Feb 2021 18:16:48 GMT
      Content-Type:
      - application/json
      Content-Length:
      - '158'
      Connection:
      - keep-alive
      Vary:
      - Accept, Cookie
      X-Frame-Options:
      - SAMEORIGIN
      Allow:
      - GET, HEAD, OPTIONS
      Strict-Transport-Security:
      - max-age=15724800; includeSubDomains
    body:
      encoding: UTF-8
      string: '{"count":1,"next":null,"previous":null,"results":[{"id":1,"start_date":"2012-04-01","end_date":"2018-03-31","type":"AGFS","description":"AGFS
        Fee Scheme 9"}]}'
  recorded_at: Tue, 09 Feb 2021 18:16:48 GMT
- request:
    method: get
    uri: https://laa-fee-calculator.service.justice.gov.uk/api/v1/fee-schemes/1/prices/?advocate_type=JRALONE&fee_type_code=AGFS_SPCL_PREP&limit_from=1&offence_class=B&scenario=4
    body:
      encoding: US-ASCII
      string: ''
    headers:
      Accept:
      - application/json
      User-Agent:
      - laa-fee-calculator-client/1.2.0
      Accept-Encoding:
      - gzip;q=1.0,deflate;q=0.6,identity;q=0.3
  response:
    status:
      code: 200
      message: OK
    headers:
      Date:
      - Tue, 09 Feb 2021 18:16:48 GMT
      Content-Type:
      - application/json
      Content-Length:
      - '276'
      Connection:
      - keep-alive
      Allow:
      - GET, HEAD, OPTIONS
      X-Frame-Options:
      - SAMEORIGIN
      Vary:
      - Accept, Cookie
      Strict-Transport-Security:
      - max-age=15724800; includeSubDomains
    body:
      encoding: UTF-8
      string: '{"count":1,"next":null,"previous":null,"results":[{"id":2968,"scenario":4,"advocate_type":"JRALONE","fee_type":29,"offence_class":null,"scheme":1,"unit":"HOUR","fee_per_unit":"39.00000","fixed_fee":"0.00000","limit_from":1,"limit_to":240,"modifiers":[],"strict_range":false}]}'
  recorded_at: Tue, 09 Feb 2021 18:16:48 GMT
- request:
    method: get
    uri: https://laa-fee-calculator.service.justice.gov.uk/api/v1/fee-schemes/1/prices/?advocate_type=JRALONE&fee_type_code=AGFS_NOTING_BRF&limit_from=1&offence_class=B&scenario=4
    body:
      encoding: US-ASCII
      string: ''
    headers:
      Accept:
      - application/json
      User-Agent:
      - laa-fee-calculator-client/1.2.0
      Accept-Encoding:
      - gzip;q=1.0,deflate;q=0.6,identity;q=0.3
  response:
    status:
      code: 200
      message: OK
    headers:
      Date:
      - Tue, 09 Feb 2021 18:16:48 GMT
      Content-Type:
      - application/json
      Content-Length:
      - '275'
      Connection:
      - keep-alive
      Vary:
      - Accept, Cookie
      Allow:
      - GET, HEAD, OPTIONS
      X-Frame-Options:
      - SAMEORIGIN
      Strict-Transport-Security:
      - max-age=15724800; includeSubDomains
    body:
      encoding: UTF-8
      string: '{"count":1,"next":null,"previous":null,"results":[{"id":2590,"scenario":4,"advocate_type":"JRALONE","fee_type":20,"offence_class":null,"scheme":1,"unit":"DAY","fee_per_unit":"108.00000","fixed_fee":"0.00000","limit_from":1,"limit_to":30,"modifiers":[],"strict_range":false}]}'
  recorded_at: Tue, 09 Feb 2021 18:16:48 GMT
- request:
    method: get
    uri: https://laa-fee-calculator.service.justice.gov.uk/api/v1/fee-schemes/1/scenarios/
    body:
      encoding: US-ASCII
      string: ''
    headers:
      Accept:
      - application/json
      User-Agent:
      - laa-fee-calculator-client/1.2.0
      Accept-Encoding:
      - gzip;q=1.0,deflate;q=0.6,identity;q=0.3
  response:
    status:
      code: 200
      message: OK
    headers:
      Date:
      - Tue, 09 Feb 2021 18:16:48 GMT
      Content-Type:
      - application/json
      Content-Length:
      - '702'
      Connection:
      - keep-alive
      Vary:
      - Accept, Cookie
      X-Frame-Options:
      - SAMEORIGIN
      Allow:
      - GET, HEAD, OPTIONS
      Strict-Transport-Security:
      - max-age=15724800; includeSubDomains
    body:
      encoding: UTF-8
      string: '{"count":12,"next":null,"previous":null,"results":[{"id":1,"name":"Discontinuance","code":"AS000001"},{"id":2,"name":"Guilty
        plea","code":"AS000002"},{"id":3,"name":"Cracked trial","code":"AS000003"},{"id":4,"name":"Trial","code":"AS000004"},{"id":5,"name":"Appeal
        against conviction","code":"AS000005"},{"id":6,"name":"Appeal against sentence","code":"AS000006"},{"id":7,"name":"Committal
        for sentence","code":"AS000007"},{"id":8,"name":"Contempt","code":"AS000008"},{"id":9,"name":"Breach
        of crown court order","code":"AS000009"},{"id":10,"name":"Cracked before retrial","code":"AS000010"},{"id":11,"name":"Retrial","code":"AS000011"},{"id":12,"name":"Elected
        case not proceeded","code":"AS000014"}]}'
  recorded_at: Tue, 09 Feb 2021 18:16:48 GMT
- request:
    method: get
    uri: https://laa-fee-calculator.service.justice.gov.uk/api/v1/fee-schemes/?case_date=2016-01-01&type=AGFS
    body:
      encoding: US-ASCII
      string: ''
    headers:
      Accept:
      - application/json
      User-Agent:
      - laa-fee-calculator-client/1.2.0
      Accept-Encoding:
      - gzip;q=1.0,deflate;q=0.6,identity;q=0.3
  response:
    status:
      code: 200
      message: OK
    headers:
      Date:
      - Tue, 09 Feb 2021 18:16:48 GMT
      Content-Type:
      - application/json
      Content-Length:
      - '158'
      Connection:
      - keep-alive
      Vary:
      - Accept, Cookie
      X-Frame-Options:
      - SAMEORIGIN
      Allow:
      - GET, HEAD, OPTIONS
      Strict-Transport-Security:
      - max-age=15724800; includeSubDomains
    body:
      encoding: UTF-8
      string: '{"count":1,"next":null,"previous":null,"results":[{"id":1,"start_date":"2012-04-01","end_date":"2018-03-31","type":"AGFS","description":"AGFS
        Fee Scheme 9"}]}'
  recorded_at: Tue, 09 Feb 2021 18:16:48 GMT
- request:
    method: get
    uri: https://laa-fee-calculator.service.justice.gov.uk/api/v1/fee-schemes/1/prices/?advocate_type=JRALONE&fee_type_code=AGFS_SPCL_PREP&limit_from=1&offence_class=B&scenario=4
    body:
      encoding: US-ASCII
      string: ''
    headers:
      Accept:
      - application/json
      User-Agent:
      - laa-fee-calculator-client/1.2.0
      Accept-Encoding:
      - gzip;q=1.0,deflate;q=0.6,identity;q=0.3
  response:
    status:
      code: 200
      message: OK
    headers:
      Date:
      - Tue, 09 Feb 2021 18:16:49 GMT
      Content-Type:
      - application/json
      Content-Length:
      - '276'
      Connection:
      - keep-alive
      Vary:
      - Accept, Cookie
      X-Frame-Options:
      - SAMEORIGIN
      Allow:
      - GET, HEAD, OPTIONS
      Strict-Transport-Security:
      - max-age=15724800; includeSubDomains
    body:
      encoding: UTF-8
      string: '{"count":1,"next":null,"previous":null,"results":[{"id":2968,"scenario":4,"advocate_type":"JRALONE","fee_type":29,"offence_class":null,"scheme":1,"unit":"HOUR","fee_per_unit":"39.00000","fixed_fee":"0.00000","limit_from":1,"limit_to":240,"modifiers":[],"strict_range":false}]}'
  recorded_at: Tue, 09 Feb 2021 18:16:49 GMT
- request:
    method: get
    uri: https://laa-fee-calculator.service.justice.gov.uk/api/v1/fee-schemes/1/scenarios/
    body:
      encoding: US-ASCII
      string: ''
    headers:
      Accept:
      - application/json
      User-Agent:
      - laa-fee-calculator-client/1.2.0
      Accept-Encoding:
      - gzip;q=1.0,deflate;q=0.6,identity;q=0.3
  response:
    status:
      code: 200
      message: OK
    headers:
      Date:
      - Tue, 09 Feb 2021 18:16:49 GMT
      Content-Type:
      - application/json
      Content-Length:
      - '702'
      Connection:
      - keep-alive
      Allow:
      - GET, HEAD, OPTIONS
      X-Frame-Options:
      - SAMEORIGIN
      Vary:
      - Accept, Cookie
      Strict-Transport-Security:
      - max-age=15724800; includeSubDomains
    body:
      encoding: UTF-8
      string: '{"count":12,"next":null,"previous":null,"results":[{"id":1,"name":"Discontinuance","code":"AS000001"},{"id":2,"name":"Guilty
        plea","code":"AS000002"},{"id":3,"name":"Cracked trial","code":"AS000003"},{"id":4,"name":"Trial","code":"AS000004"},{"id":5,"name":"Appeal
        against conviction","code":"AS000005"},{"id":6,"name":"Appeal against sentence","code":"AS000006"},{"id":7,"name":"Committal
        for sentence","code":"AS000007"},{"id":8,"name":"Contempt","code":"AS000008"},{"id":9,"name":"Breach
        of crown court order","code":"AS000009"},{"id":10,"name":"Cracked before retrial","code":"AS000010"},{"id":11,"name":"Retrial","code":"AS000011"},{"id":12,"name":"Elected
        case not proceeded","code":"AS000014"}]}'
  recorded_at: Tue, 09 Feb 2021 18:16:49 GMT
- request:
    method: get
    uri: https://laa-fee-calculator.service.justice.gov.uk/api/v1/fee-schemes/1/prices/?advocate_type=JRALONE&fee_type_code=AGFS_SPCL_PREP&limit_from=1&offence_class=B&scenario=4
    body:
      encoding: US-ASCII
      string: ''
    headers:
      Accept:
      - application/json
      User-Agent:
      - laa-fee-calculator-client/1.2.0
      Accept-Encoding:
      - gzip;q=1.0,deflate;q=0.6,identity;q=0.3
  response:
    status:
      code: 200
      message: OK
    headers:
      Date:
      - Tue, 09 Feb 2021 18:16:49 GMT
      Content-Type:
      - application/json
      Content-Length:
      - '276'
      Connection:
      - keep-alive
      Vary:
      - Accept, Cookie
      Allow:
      - GET, HEAD, OPTIONS
      X-Frame-Options:
      - SAMEORIGIN
      Strict-Transport-Security:
      - max-age=15724800; includeSubDomains
    body:
      encoding: UTF-8
      string: '{"count":1,"next":null,"previous":null,"results":[{"id":2968,"scenario":4,"advocate_type":"JRALONE","fee_type":29,"offence_class":null,"scheme":1,"unit":"HOUR","fee_per_unit":"39.00000","fixed_fee":"0.00000","limit_from":1,"limit_to":240,"modifiers":[],"strict_range":false}]}'
  recorded_at: Tue, 09 Feb 2021 18:16:49 GMT
- request:
    method: get
    uri: https://laa-fee-calculator.service.justice.gov.uk/api/v1/fee-schemes/?case_date=2016-01-01&type=AGFS
    body:
      encoding: US-ASCII
      string: ''
    headers:
      Accept:
      - application/json
      User-Agent:
      - laa-fee-calculator-client/1.2.0
      Accept-Encoding:
      - gzip;q=1.0,deflate;q=0.6,identity;q=0.3
  response:
    status:
      code: 200
      message: OK
    headers:
      Date:
      - Tue, 09 Feb 2021 18:16:49 GMT
      Content-Type:
      - application/json
      Content-Length:
      - '158'
      Connection:
      - keep-alive
      Vary:
      - Accept, Cookie
      Allow:
      - GET, HEAD, OPTIONS
      X-Frame-Options:
      - SAMEORIGIN
      Strict-Transport-Security:
      - max-age=15724800; includeSubDomains
    body:
      encoding: UTF-8
      string: '{"count":1,"next":null,"previous":null,"results":[{"id":1,"start_date":"2012-04-01","end_date":"2018-03-31","type":"AGFS","description":"AGFS
        Fee Scheme 9"}]}'
  recorded_at: Tue, 09 Feb 2021 18:16:49 GMT
- request:
    method: get
    uri: https://laa-fee-calculator.service.justice.gov.uk/api/v1/fee-schemes/1/scenarios/
    body:
      encoding: US-ASCII
      string: ''
    headers:
      Accept:
      - application/json
      User-Agent:
      - laa-fee-calculator-client/1.2.0
      Accept-Encoding:
      - gzip;q=1.0,deflate;q=0.6,identity;q=0.3
  response:
    status:
      code: 200
      message: OK
    headers:
      Date:
      - Tue, 09 Feb 2021 18:16:49 GMT
      Content-Type:
      - application/json
      Content-Length:
      - '702'
      Connection:
      - keep-alive
      Vary:
      - Accept, Cookie
      Allow:
      - GET, HEAD, OPTIONS
      X-Frame-Options:
      - SAMEORIGIN
      Strict-Transport-Security:
      - max-age=15724800; includeSubDomains
    body:
      encoding: UTF-8
      string: '{"count":12,"next":null,"previous":null,"results":[{"id":1,"name":"Discontinuance","code":"AS000001"},{"id":2,"name":"Guilty
        plea","code":"AS000002"},{"id":3,"name":"Cracked trial","code":"AS000003"},{"id":4,"name":"Trial","code":"AS000004"},{"id":5,"name":"Appeal
        against conviction","code":"AS000005"},{"id":6,"name":"Appeal against sentence","code":"AS000006"},{"id":7,"name":"Committal
        for sentence","code":"AS000007"},{"id":8,"name":"Contempt","code":"AS000008"},{"id":9,"name":"Breach
        of crown court order","code":"AS000009"},{"id":10,"name":"Cracked before retrial","code":"AS000010"},{"id":11,"name":"Retrial","code":"AS000011"},{"id":12,"name":"Elected
        case not proceeded","code":"AS000014"}]}'
  recorded_at: Tue, 09 Feb 2021 18:16:49 GMT
- request:
    method: get
    uri: https://laa-fee-calculator.service.justice.gov.uk/api/v1/fee-schemes/1/prices/?advocate_type=JRALONE&fee_type_code=AGFS_NOTING_BRF&limit_from=1&offence_class=B&scenario=4
    body:
      encoding: US-ASCII
      string: ''
    headers:
      Accept:
      - application/json
      User-Agent:
      - laa-fee-calculator-client/1.2.0
      Accept-Encoding:
      - gzip;q=1.0,deflate;q=0.6,identity;q=0.3
  response:
    status:
      code: 200
      message: OK
    headers:
      Date:
      - Tue, 09 Feb 2021 18:16:49 GMT
      Content-Type:
      - application/json
      Content-Length:
      - '275'
      Connection:
      - keep-alive
      Vary:
      - Accept, Cookie
      Allow:
      - GET, HEAD, OPTIONS
      X-Frame-Options:
      - SAMEORIGIN
      Strict-Transport-Security:
      - max-age=15724800; includeSubDomains
    body:
      encoding: UTF-8
      string: '{"count":1,"next":null,"previous":null,"results":[{"id":2590,"scenario":4,"advocate_type":"JRALONE","fee_type":20,"offence_class":null,"scheme":1,"unit":"DAY","fee_per_unit":"108.00000","fixed_fee":"0.00000","limit_from":1,"limit_to":30,"modifiers":[],"strict_range":false}]}'
  recorded_at: Tue, 09 Feb 2021 18:16:49 GMT
recorded_with: VCR 6.0.0
