---
http_interactions:
- request:
    method: get
    uri: https://laa-fee-calculator-production.apps.cloud-platform-live-0.k8s.integration.dsd.io/api/v1/fee-schemes/?case_date=2018-04-01&type=AGFS
    body:
      encoding: US-ASCII
      string: ''
    headers:
      Accept:
      - application/json
      User-Agent:
      - laa-fee-calculator-client/0.2.0
      Accept-Encoding:
      - gzip;q=1.0,deflate;q=0.6,identity;q=0.3
  response:
    status:
      code: 200
      message: OK
    headers:
      Allow:
      - GET, HEAD, OPTIONS
      Content-Type:
      - application/json
      Date:
      - Thu, 17 Jan 2019 12:17:17 GMT
      Server:
      - nginx/1.15.5
      Vary:
      - Accept, Cookie
      X-Frame-Options:
      - SAMEORIGIN
      Content-Length:
      - '159'
      Connection:
      - keep-alive
    body:
      encoding: UTF-8
      string: '{"count":1,"next":null,"previous":null,"results":[{"id":3,"start_date":"2018-04-01","end_date":"2018-12-30","type":"AGFS","description":"AGFS
        Fee Scheme 10"}]}'
    http_version: 
  recorded_at: Thu, 17 Jan 2019 12:17:17 GMT
- request:
    method: get
    uri: https://laa-fee-calculator-production.apps.cloud-platform-live-0.k8s.integration.dsd.io/api/v1/fee-schemes/3/scenarios/
    body:
      encoding: US-ASCII
      string: ''
    headers:
      Accept:
      - application/json
      User-Agent:
      - laa-fee-calculator-client/0.2.0
      Accept-Encoding:
      - gzip;q=1.0,deflate;q=0.6,identity;q=0.3
  response:
    status:
      code: 200
      message: OK
    headers:
      Allow:
      - GET, HEAD, OPTIONS
      Content-Type:
      - application/json
      Date:
      - Thu, 17 Jan 2019 12:17:17 GMT
      Server:
      - nginx/1.15.5
      Vary:
      - Accept, Cookie
      - Accept-Encoding
      X-Frame-Options:
      - SAMEORIGIN
      Content-Length:
      - '350'
      Connection:
      - keep-alive
    body:
      encoding: ASCII-8BIT
      string: '{"count":17,"next":null,"previous":null,"results":[{"id":1,"name":"Discontinuance","code":"AS000001"},{"id":2,"name":"Guilty
        plea","code":"AS000002"},{"id":3,"name":"Cracked trial","code":"AS000003"},{"id":4,"name":"Trial","code":"AS000004"},{"id":5,"name":"Appeal
        against conviction","code":"AS000005"},{"id":6,"name":"Appeal against sentence","code":"AS000006"},{"id":7,"name":"Committal
        for sentence","code":"AS000007"},{"id":8,"name":"Contempt","code":"AS000008"},{"id":9,"name":"Breach
        of crown court order","code":"AS000009"},{"id":10,"name":"Cracked before retrial","code":"AS000010"},{"id":11,"name":"Retrial","code":"AS000011"},{"id":12,"name":"Elected
        case not proceeded","code":"AS000014"},{"id":47,"name":"Warrant issued - trial","code":null},{"id":51,"name":"Warrant
        issued - appeal against conviction","code":null},{"id":52,"name":"Warrant
        issued - appeal against sentence","code":null},{"id":53,"name":"Warrant issued
        - committal for sentence","code":null},{"id":54,"name":"Warrant issued - breach
        of crown court order","code":null}]}'
    http_version: 
  recorded_at: Thu, 17 Jan 2019 12:17:17 GMT
- request:
    method: get
    uri: https://laa-fee-calculator-production.apps.cloud-platform-live-0.k8s.integration.dsd.io/api/v1/fee-schemes/3/calculate/?day=1&fee_type_code=AGFS_FEE&offence_class=17.1&ppe=0&scenario=4
    body:
      encoding: US-ASCII
      string: ''
    headers:
      Accept:
      - application/json
      User-Agent:
      - laa-fee-calculator-client/0.2.0
      Accept-Encoding:
      - gzip;q=1.0,deflate;q=0.6,identity;q=0.3
  response:
    status:
      code: 200
      message: OK
    headers:
      Allow:
      - GET
      Content-Type:
      - application/json
      Date:
      - Thu, 17 Jan 2019 12:17:17 GMT
      Server:
      - nginx/1.15.5
      Vary:
      - Accept, Cookie
      X-Frame-Options:
      - SAMEORIGIN
      Content-Length:
      - '14'
      Connection:
      - keep-alive
    body:
      encoding: UTF-8
      string: '{"amount":0.0}'
    http_version: 
  recorded_at: Thu, 17 Jan 2019 12:17:17 GMT
- request:
    method: get
    uri: https://laa-fee-calculator-production.apps.cloud-platform-live-0.k8s.integration.dsd.io/api/v1/fee-schemes/?case_date=2018-04-01&type=AGFS
    body:
      encoding: US-ASCII
      string: ''
    headers:
      Accept:
      - application/json
      User-Agent:
      - laa-fee-calculator-client/0.2.0
      Accept-Encoding:
      - gzip;q=1.0,deflate;q=0.6,identity;q=0.3
  response:
    status:
      code: 200
      message: OK
    headers:
      Allow:
      - GET, HEAD, OPTIONS
      Content-Type:
      - application/json
      Date:
      - Thu, 17 Jan 2019 12:17:17 GMT
      Server:
      - nginx/1.15.5
      Vary:
      - Accept, Cookie
      X-Frame-Options:
      - SAMEORIGIN
      Content-Length:
      - '159'
      Connection:
      - keep-alive
    body:
      encoding: UTF-8
      string: '{"count":1,"next":null,"previous":null,"results":[{"id":3,"start_date":"2018-04-01","end_date":"2018-12-30","type":"AGFS","description":"AGFS
        Fee Scheme 10"}]}'
    http_version: 
  recorded_at: Thu, 17 Jan 2019 12:17:17 GMT
- request:
    method: get
    uri: https://laa-fee-calculator-production.apps.cloud-platform-live-0.k8s.integration.dsd.io/api/v1/fee-schemes/3/scenarios/
    body:
      encoding: US-ASCII
      string: ''
    headers:
      Accept:
      - application/json
      User-Agent:
      - laa-fee-calculator-client/0.2.0
      Accept-Encoding:
      - gzip;q=1.0,deflate;q=0.6,identity;q=0.3
  response:
    status:
      code: 200
      message: OK
    headers:
      Allow:
      - GET, HEAD, OPTIONS
      Content-Type:
      - application/json
      Date:
      - Thu, 17 Jan 2019 12:17:17 GMT
      Server:
      - nginx/1.15.5
      Vary:
      - Accept, Cookie
      - Accept-Encoding
      X-Frame-Options:
      - SAMEORIGIN
      Content-Length:
      - '350'
      Connection:
      - keep-alive
    body:
      encoding: ASCII-8BIT
      string: '{"count":17,"next":null,"previous":null,"results":[{"id":1,"name":"Discontinuance","code":"AS000001"},{"id":2,"name":"Guilty
        plea","code":"AS000002"},{"id":3,"name":"Cracked trial","code":"AS000003"},{"id":4,"name":"Trial","code":"AS000004"},{"id":5,"name":"Appeal
        against conviction","code":"AS000005"},{"id":6,"name":"Appeal against sentence","code":"AS000006"},{"id":7,"name":"Committal
        for sentence","code":"AS000007"},{"id":8,"name":"Contempt","code":"AS000008"},{"id":9,"name":"Breach
        of crown court order","code":"AS000009"},{"id":10,"name":"Cracked before retrial","code":"AS000010"},{"id":11,"name":"Retrial","code":"AS000011"},{"id":12,"name":"Elected
        case not proceeded","code":"AS000014"},{"id":47,"name":"Warrant issued - trial","code":null},{"id":51,"name":"Warrant
        issued - appeal against conviction","code":null},{"id":52,"name":"Warrant
        issued - appeal against sentence","code":null},{"id":53,"name":"Warrant issued
        - committal for sentence","code":null},{"id":54,"name":"Warrant issued - breach
        of crown court order","code":null}]}'
    http_version: 
  recorded_at: Thu, 17 Jan 2019 12:17:17 GMT
- request:
    method: get
    uri: https://laa-fee-calculator-production.apps.cloud-platform-live-0.k8s.integration.dsd.io/api/v1/fee-schemes/3/calculate/?advocate_type=JUNIOR&day=1&fee_type_code=AGFS_FEE&offence_class=17.1&ppe=0&scenario=4
    body:
      encoding: US-ASCII
      string: ''
    headers:
      Accept:
      - application/json
      User-Agent:
      - laa-fee-calculator-client/0.2.0
      Accept-Encoding:
      - gzip;q=1.0,deflate;q=0.6,identity;q=0.3
  response:
    status:
      code: 200
      message: OK
    headers:
      Allow:
      - GET
      Content-Type:
      - application/json
      Date:
      - Thu, 17 Jan 2019 12:17:18 GMT
      Server:
      - nginx/1.15.5
      Vary:
      - Accept, Cookie
      X-Frame-Options:
      - SAMEORIGIN
      Content-Length:
      - '16'
      Connection:
      - keep-alive
    body:
      encoding: UTF-8
      string: '{"amount":550.0}'
    http_version: 
  recorded_at: Thu, 17 Jan 2019 12:17:18 GMT
- request:
    method: get
    uri: https://laa-fee-calculator-production.apps.cloud-platform-live-0.k8s.integration.dsd.io/api/v1/fee-schemes/?case_date=2018-04-01&type=AGFS
    body:
      encoding: US-ASCII
      string: ''
    headers:
      Accept:
      - application/json
      User-Agent:
      - laa-fee-calculator-client/0.2.0
      Accept-Encoding:
      - gzip;q=1.0,deflate;q=0.6,identity;q=0.3
  response:
    status:
      code: 200
      message: OK
    headers:
      Allow:
      - GET, HEAD, OPTIONS
      Content-Type:
      - application/json
      Date:
      - Thu, 17 Jan 2019 12:17:24 GMT
      Server:
      - nginx/1.15.5
      Vary:
      - Accept, Cookie
      X-Frame-Options:
      - SAMEORIGIN
      Content-Length:
      - '159'
      Connection:
      - keep-alive
    body:
      encoding: UTF-8
      string: '{"count":1,"next":null,"previous":null,"results":[{"id":3,"start_date":"2018-04-01","end_date":"2018-12-30","type":"AGFS","description":"AGFS
        Fee Scheme 10"}]}'
    http_version: 
  recorded_at: Thu, 17 Jan 2019 12:17:24 GMT
- request:
    method: get
    uri: https://laa-fee-calculator-production.apps.cloud-platform-live-0.k8s.integration.dsd.io/api/v1/fee-schemes/3/scenarios/
    body:
      encoding: US-ASCII
      string: ''
    headers:
      Accept:
      - application/json
      User-Agent:
      - laa-fee-calculator-client/0.2.0
      Accept-Encoding:
      - gzip;q=1.0,deflate;q=0.6,identity;q=0.3
  response:
    status:
      code: 200
      message: OK
    headers:
      Allow:
      - GET, HEAD, OPTIONS
      Content-Type:
      - application/json
      Date:
      - Thu, 17 Jan 2019 12:17:24 GMT
      Server:
      - nginx/1.15.5
      Vary:
      - Accept, Cookie
      - Accept-Encoding
      X-Frame-Options:
      - SAMEORIGIN
      Content-Length:
      - '350'
      Connection:
      - keep-alive
    body:
      encoding: ASCII-8BIT
      string: '{"count":17,"next":null,"previous":null,"results":[{"id":1,"name":"Discontinuance","code":"AS000001"},{"id":2,"name":"Guilty
        plea","code":"AS000002"},{"id":3,"name":"Cracked trial","code":"AS000003"},{"id":4,"name":"Trial","code":"AS000004"},{"id":5,"name":"Appeal
        against conviction","code":"AS000005"},{"id":6,"name":"Appeal against sentence","code":"AS000006"},{"id":7,"name":"Committal
        for sentence","code":"AS000007"},{"id":8,"name":"Contempt","code":"AS000008"},{"id":9,"name":"Breach
        of crown court order","code":"AS000009"},{"id":10,"name":"Cracked before retrial","code":"AS000010"},{"id":11,"name":"Retrial","code":"AS000011"},{"id":12,"name":"Elected
        case not proceeded","code":"AS000014"},{"id":47,"name":"Warrant issued - trial","code":null},{"id":51,"name":"Warrant
        issued - appeal against conviction","code":null},{"id":52,"name":"Warrant
        issued - appeal against sentence","code":null},{"id":53,"name":"Warrant issued
        - committal for sentence","code":null},{"id":54,"name":"Warrant issued - breach
        of crown court order","code":null}]}'
    http_version: 
  recorded_at: Thu, 17 Jan 2019 12:17:24 GMT
- request:
    method: get
    uri: https://laa-fee-calculator-production.apps.cloud-platform-live-0.k8s.integration.dsd.io/api/v1/fee-schemes/3/prices/?advocate_type=JUNIOR&fee_type_code=AGFS_SPCL_PREP&limit_from=1&offence_class=17.1&scenario=4
    body:
      encoding: US-ASCII
      string: ''
    headers:
      Accept:
      - application/json
      User-Agent:
      - laa-fee-calculator-client/0.2.0
      Accept-Encoding:
      - gzip;q=1.0,deflate;q=0.6,identity;q=0.3
  response:
    status:
      code: 200
      message: OK
    headers:
      Allow:
      - GET, HEAD, OPTIONS
      Content-Type:
      - application/json
      Date:
      - Thu, 17 Jan 2019 12:17:25 GMT
      Server:
      - nginx/1.15.5
      Vary:
      - Accept, Cookie
      - Accept-Encoding
      X-Frame-Options:
      - SAMEORIGIN
      Content-Length:
      - '213'
      Connection:
      - keep-alive
    body:
      encoding: ASCII-8BIT
      string: '{"count":1,"next":null,"previous":null,"results":[{"id":43580,"scenario":4,"advocate_type":"JUNIOR","fee_type":29,"offence_class":null,"scheme":3,"unit":"HOUR","fee_per_unit":"39.00000","fixed_fee":"0.00000","limit_from":1,"limit_to":240,"modifiers":[],"strict_range":false}]}'
    http_version: 
  recorded_at: Thu, 17 Jan 2019 12:17:25 GMT
- request:
    method: get
    uri: https://laa-fee-calculator-production.apps.cloud-platform-live-0.k8s.integration.dsd.io/api/v1/fee-schemes/?case_date=2018-04-01&type=AGFS
    body:
      encoding: US-ASCII
      string: ''
    headers:
      Accept:
      - application/json
      User-Agent:
      - laa-fee-calculator-client/0.2.0
      Accept-Encoding:
      - gzip;q=1.0,deflate;q=0.6,identity;q=0.3
  response:
    status:
      code: 200
      message: OK
    headers:
      Allow:
      - GET, HEAD, OPTIONS
      Content-Type:
      - application/json
      Date:
      - Thu, 17 Jan 2019 12:17:25 GMT
      Server:
      - nginx/1.15.5
      Vary:
      - Accept, Cookie
      X-Frame-Options:
      - SAMEORIGIN
      Content-Length:
      - '159'
      Connection:
      - keep-alive
    body:
      encoding: UTF-8
      string: '{"count":1,"next":null,"previous":null,"results":[{"id":3,"start_date":"2018-04-01","end_date":"2018-12-30","type":"AGFS","description":"AGFS
        Fee Scheme 10"}]}'
    http_version: 
  recorded_at: Thu, 17 Jan 2019 12:17:25 GMT
- request:
    method: get
    uri: https://laa-fee-calculator-production.apps.cloud-platform-live-0.k8s.integration.dsd.io/api/v1/fee-schemes/3/scenarios/
    body:
      encoding: US-ASCII
      string: ''
    headers:
      Accept:
      - application/json
      User-Agent:
      - laa-fee-calculator-client/0.2.0
      Accept-Encoding:
      - gzip;q=1.0,deflate;q=0.6,identity;q=0.3
  response:
    status:
      code: 200
      message: OK
    headers:
      Allow:
      - GET, HEAD, OPTIONS
      Content-Type:
      - application/json
      Date:
      - Thu, 17 Jan 2019 12:17:25 GMT
      Server:
      - nginx/1.15.5
      Vary:
      - Accept, Cookie
      - Accept-Encoding
      X-Frame-Options:
      - SAMEORIGIN
      Content-Length:
      - '350'
      Connection:
      - keep-alive
    body:
      encoding: ASCII-8BIT
      string: '{"count":17,"next":null,"previous":null,"results":[{"id":1,"name":"Discontinuance","code":"AS000001"},{"id":2,"name":"Guilty
        plea","code":"AS000002"},{"id":3,"name":"Cracked trial","code":"AS000003"},{"id":4,"name":"Trial","code":"AS000004"},{"id":5,"name":"Appeal
        against conviction","code":"AS000005"},{"id":6,"name":"Appeal against sentence","code":"AS000006"},{"id":7,"name":"Committal
        for sentence","code":"AS000007"},{"id":8,"name":"Contempt","code":"AS000008"},{"id":9,"name":"Breach
        of crown court order","code":"AS000009"},{"id":10,"name":"Cracked before retrial","code":"AS000010"},{"id":11,"name":"Retrial","code":"AS000011"},{"id":12,"name":"Elected
        case not proceeded","code":"AS000014"},{"id":47,"name":"Warrant issued - trial","code":null},{"id":51,"name":"Warrant
        issued - appeal against conviction","code":null},{"id":52,"name":"Warrant
        issued - appeal against sentence","code":null},{"id":53,"name":"Warrant issued
        - committal for sentence","code":null},{"id":54,"name":"Warrant issued - breach
        of crown court order","code":null}]}'
    http_version: 
  recorded_at: Thu, 17 Jan 2019 12:17:26 GMT
- request:
    method: get
    uri: https://laa-fee-calculator-production.apps.cloud-platform-live-0.k8s.integration.dsd.io/api/v1/fee-schemes/3/prices/?advocate_type=JUNIOR&fee_type_code=AGFS_SPCL_PREP&limit_from=1&offence_class=17.1&scenario=4
    body:
      encoding: US-ASCII
      string: ''
    headers:
      Accept:
      - application/json
      User-Agent:
      - laa-fee-calculator-client/0.2.0
      Accept-Encoding:
      - gzip;q=1.0,deflate;q=0.6,identity;q=0.3
  response:
    status:
      code: 200
      message: OK
    headers:
      Allow:
      - GET, HEAD, OPTIONS
      Content-Type:
      - application/json
      Date:
      - Thu, 17 Jan 2019 12:17:26 GMT
      Server:
      - nginx/1.15.5
      Vary:
      - Accept, Cookie
      - Accept-Encoding
      X-Frame-Options:
      - SAMEORIGIN
      Content-Length:
      - '213'
      Connection:
      - keep-alive
    body:
      encoding: ASCII-8BIT
      string: '{"count":1,"next":null,"previous":null,"results":[{"id":43580,"scenario":4,"advocate_type":"JUNIOR","fee_type":29,"offence_class":null,"scheme":3,"unit":"HOUR","fee_per_unit":"39.00000","fixed_fee":"0.00000","limit_from":1,"limit_to":240,"modifiers":[],"strict_range":false}]}'
    http_version: 
  recorded_at: Thu, 17 Jan 2019 12:17:26 GMT
- request:
    method: get
    uri: https://laa-fee-calculator-production.apps.cloud-platform-live-0.k8s.integration.dsd.io/api/v1/fee-schemes/?case_date=2018-04-01&type=AGFS
    body:
      encoding: US-ASCII
      string: ''
    headers:
      Accept:
      - application/json
      User-Agent:
      - laa-fee-calculator-client/0.2.0
      Accept-Encoding:
      - gzip;q=1.0,deflate;q=0.6,identity;q=0.3
  response:
    status:
      code: 200
      message: OK
    headers:
      Allow:
      - GET, HEAD, OPTIONS
      Content-Type:
      - application/json
      Date:
      - Thu, 17 Jan 2019 12:17:26 GMT
      Server:
      - nginx/1.15.5
      Vary:
      - Accept, Cookie
      X-Frame-Options:
      - SAMEORIGIN
      Content-Length:
      - '159'
      Connection:
      - keep-alive
    body:
      encoding: UTF-8
      string: '{"count":1,"next":null,"previous":null,"results":[{"id":3,"start_date":"2018-04-01","end_date":"2018-12-30","type":"AGFS","description":"AGFS
        Fee Scheme 10"}]}'
    http_version: 
  recorded_at: Thu, 17 Jan 2019 12:17:26 GMT
- request:
    method: get
    uri: https://laa-fee-calculator-production.apps.cloud-platform-live-0.k8s.integration.dsd.io/api/v1/fee-schemes/?case_date=2018-04-01&type=AGFS
    body:
      encoding: US-ASCII
      string: ''
    headers:
      Accept:
      - application/json
      User-Agent:
      - laa-fee-calculator-client/0.2.0
      Accept-Encoding:
      - gzip;q=1.0,deflate;q=0.6,identity;q=0.3
  response:
    status:
      code: 200
      message: OK
    headers:
      Allow:
      - GET, HEAD, OPTIONS
      Content-Type:
      - application/json
      Date:
      - Thu, 17 Jan 2019 12:17:26 GMT
      Server:
      - nginx/1.15.5
      Vary:
      - Accept, Cookie
      X-Frame-Options:
      - SAMEORIGIN
      Content-Length:
      - '159'
      Connection:
      - keep-alive
    body:
      encoding: UTF-8
      string: '{"count":1,"next":null,"previous":null,"results":[{"id":3,"start_date":"2018-04-01","end_date":"2018-12-30","type":"AGFS","description":"AGFS
        Fee Scheme 10"}]}'
    http_version: 
  recorded_at: Thu, 17 Jan 2019 12:17:26 GMT
- request:
    method: get
    uri: https://laa-fee-calculator-production.apps.cloud-platform-live-0.k8s.integration.dsd.io/api/v1/fee-schemes/?case_date=2018-04-01&type=AGFS
    body:
      encoding: US-ASCII
      string: ''
    headers:
      Accept:
      - application/json
      User-Agent:
      - laa-fee-calculator-client/0.2.0
      Accept-Encoding:
      - gzip;q=1.0,deflate;q=0.6,identity;q=0.3
  response:
    status:
      code: 200
      message: OK
    headers:
      Allow:
      - GET, HEAD, OPTIONS
      Content-Type:
      - application/json
      Date:
      - Thu, 17 Jan 2019 12:17:26 GMT
      Server:
      - nginx/1.15.5
      Vary:
      - Accept, Cookie
      X-Frame-Options:
      - SAMEORIGIN
      Content-Length:
      - '159'
      Connection:
      - keep-alive
    body:
      encoding: UTF-8
      string: '{"count":1,"next":null,"previous":null,"results":[{"id":3,"start_date":"2018-04-01","end_date":"2018-12-30","type":"AGFS","description":"AGFS
        Fee Scheme 10"}]}'
    http_version: 
  recorded_at: Thu, 17 Jan 2019 12:17:26 GMT
- request:
    method: get
    uri: https://laa-fee-calculator-production.apps.cloud-platform-live-0.k8s.integration.dsd.io/api/v1/fee-schemes/3/scenarios/
    body:
      encoding: US-ASCII
      string: ''
    headers:
      Accept:
      - application/json
      User-Agent:
      - laa-fee-calculator-client/0.2.0
      Accept-Encoding:
      - gzip;q=1.0,deflate;q=0.6,identity;q=0.3
  response:
    status:
      code: 200
      message: OK
    headers:
      Allow:
      - GET, HEAD, OPTIONS
      Content-Type:
      - application/json
      Date:
      - Thu, 17 Jan 2019 12:17:26 GMT
      Server:
      - nginx/1.15.5
      Vary:
      - Accept, Cookie
      - Accept-Encoding
      X-Frame-Options:
      - SAMEORIGIN
      Content-Length:
      - '350'
      Connection:
      - keep-alive
    body:
      encoding: ASCII-8BIT
      string: '{"count":17,"next":null,"previous":null,"results":[{"id":1,"name":"Discontinuance","code":"AS000001"},{"id":2,"name":"Guilty
        plea","code":"AS000002"},{"id":3,"name":"Cracked trial","code":"AS000003"},{"id":4,"name":"Trial","code":"AS000004"},{"id":5,"name":"Appeal
        against conviction","code":"AS000005"},{"id":6,"name":"Appeal against sentence","code":"AS000006"},{"id":7,"name":"Committal
        for sentence","code":"AS000007"},{"id":8,"name":"Contempt","code":"AS000008"},{"id":9,"name":"Breach
        of crown court order","code":"AS000009"},{"id":10,"name":"Cracked before retrial","code":"AS000010"},{"id":11,"name":"Retrial","code":"AS000011"},{"id":12,"name":"Elected
        case not proceeded","code":"AS000014"},{"id":47,"name":"Warrant issued - trial","code":null},{"id":51,"name":"Warrant
        issued - appeal against conviction","code":null},{"id":52,"name":"Warrant
        issued - appeal against sentence","code":null},{"id":53,"name":"Warrant issued
        - committal for sentence","code":null},{"id":54,"name":"Warrant issued - breach
        of crown court order","code":null}]}'
    http_version: 
  recorded_at: Thu, 17 Jan 2019 12:17:26 GMT
- request:
    method: get
    uri: https://laa-fee-calculator-production.apps.cloud-platform-live-0.k8s.integration.dsd.io/api/v1/fee-schemes/3/scenarios/
    body:
      encoding: US-ASCII
      string: ''
    headers:
      Accept:
      - application/json
      User-Agent:
      - laa-fee-calculator-client/0.2.0
      Accept-Encoding:
      - gzip;q=1.0,deflate;q=0.6,identity;q=0.3
  response:
    status:
      code: 200
      message: OK
    headers:
      Allow:
      - GET, HEAD, OPTIONS
      Content-Type:
      - application/json
      Date:
      - Thu, 17 Jan 2019 12:17:26 GMT
      Server:
      - nginx/1.15.5
      Vary:
      - Accept, Cookie
      - Accept-Encoding
      X-Frame-Options:
      - SAMEORIGIN
      Content-Length:
      - '350'
      Connection:
      - keep-alive
    body:
      encoding: ASCII-8BIT
      string: '{"count":17,"next":null,"previous":null,"results":[{"id":1,"name":"Discontinuance","code":"AS000001"},{"id":2,"name":"Guilty
        plea","code":"AS000002"},{"id":3,"name":"Cracked trial","code":"AS000003"},{"id":4,"name":"Trial","code":"AS000004"},{"id":5,"name":"Appeal
        against conviction","code":"AS000005"},{"id":6,"name":"Appeal against sentence","code":"AS000006"},{"id":7,"name":"Committal
        for sentence","code":"AS000007"},{"id":8,"name":"Contempt","code":"AS000008"},{"id":9,"name":"Breach
        of crown court order","code":"AS000009"},{"id":10,"name":"Cracked before retrial","code":"AS000010"},{"id":11,"name":"Retrial","code":"AS000011"},{"id":12,"name":"Elected
        case not proceeded","code":"AS000014"},{"id":47,"name":"Warrant issued - trial","code":null},{"id":51,"name":"Warrant
        issued - appeal against conviction","code":null},{"id":52,"name":"Warrant
        issued - appeal against sentence","code":null},{"id":53,"name":"Warrant issued
        - committal for sentence","code":null},{"id":54,"name":"Warrant issued - breach
        of crown court order","code":null}]}'
    http_version: 
  recorded_at: Thu, 17 Jan 2019 12:17:26 GMT
- request:
    method: get
    uri: https://laa-fee-calculator-production.apps.cloud-platform-live-0.k8s.integration.dsd.io/api/v1/fee-schemes/3/scenarios/
    body:
      encoding: US-ASCII
      string: ''
    headers:
      Accept:
      - application/json
      User-Agent:
      - laa-fee-calculator-client/0.2.0
      Accept-Encoding:
      - gzip;q=1.0,deflate;q=0.6,identity;q=0.3
  response:
    status:
      code: 200
      message: OK
    headers:
      Allow:
      - GET, HEAD, OPTIONS
      Content-Type:
      - application/json
      Date:
      - Thu, 17 Jan 2019 12:17:26 GMT
      Server:
      - nginx/1.15.5
      Vary:
      - Accept, Cookie
      - Accept-Encoding
      X-Frame-Options:
      - SAMEORIGIN
      Content-Length:
      - '350'
      Connection:
      - keep-alive
    body:
      encoding: ASCII-8BIT
      string: '{"count":17,"next":null,"previous":null,"results":[{"id":1,"name":"Discontinuance","code":"AS000001"},{"id":2,"name":"Guilty
        plea","code":"AS000002"},{"id":3,"name":"Cracked trial","code":"AS000003"},{"id":4,"name":"Trial","code":"AS000004"},{"id":5,"name":"Appeal
        against conviction","code":"AS000005"},{"id":6,"name":"Appeal against sentence","code":"AS000006"},{"id":7,"name":"Committal
        for sentence","code":"AS000007"},{"id":8,"name":"Contempt","code":"AS000008"},{"id":9,"name":"Breach
        of crown court order","code":"AS000009"},{"id":10,"name":"Cracked before retrial","code":"AS000010"},{"id":11,"name":"Retrial","code":"AS000011"},{"id":12,"name":"Elected
        case not proceeded","code":"AS000014"},{"id":47,"name":"Warrant issued - trial","code":null},{"id":51,"name":"Warrant
        issued - appeal against conviction","code":null},{"id":52,"name":"Warrant
        issued - appeal against sentence","code":null},{"id":53,"name":"Warrant issued
        - committal for sentence","code":null},{"id":54,"name":"Warrant issued - breach
        of crown court order","code":null}]}'
    http_version: 
  recorded_at: Thu, 17 Jan 2019 12:17:26 GMT
- request:
    method: get
    uri: https://laa-fee-calculator-production.apps.cloud-platform-live-0.k8s.integration.dsd.io/api/v1/fee-schemes/3/prices/?advocate_type=JUNIOR&fee_type_code=AGFS_SPCL_PREP&limit_from=1&offence_class=17.1&scenario=4
    body:
      encoding: US-ASCII
      string: ''
    headers:
      Accept:
      - application/json
      User-Agent:
      - laa-fee-calculator-client/0.2.0
      Accept-Encoding:
      - gzip;q=1.0,deflate;q=0.6,identity;q=0.3
  response:
    status:
      code: 200
      message: OK
    headers:
      Allow:
      - GET, HEAD, OPTIONS
      Content-Type:
      - application/json
      Date:
      - Thu, 17 Jan 2019 12:17:26 GMT
      Server:
      - nginx/1.15.5
      Vary:
      - Accept, Cookie
      - Accept-Encoding
      X-Frame-Options:
      - SAMEORIGIN
      Content-Length:
      - '213'
      Connection:
      - keep-alive
    body:
      encoding: ASCII-8BIT
      string: '{"count":1,"next":null,"previous":null,"results":[{"id":43580,"scenario":4,"advocate_type":"JUNIOR","fee_type":29,"offence_class":null,"scheme":3,"unit":"HOUR","fee_per_unit":"39.00000","fixed_fee":"0.00000","limit_from":1,"limit_to":240,"modifiers":[],"strict_range":false}]}'
    http_version: 
  recorded_at: Thu, 17 Jan 2019 12:17:26 GMT
- request:
    method: get
    uri: https://laa-fee-calculator-production.apps.cloud-platform-live-0.k8s.integration.dsd.io/api/v1/fee-schemes/3/prices/?advocate_type=JUNIOR&fee_type_code=AGFS_SPCL_PREP&limit_from=1&offence_class=17.1&scenario=4
    body:
      encoding: US-ASCII
      string: ''
    headers:
      Accept:
      - application/json
      User-Agent:
      - laa-fee-calculator-client/0.2.0
      Accept-Encoding:
      - gzip;q=1.0,deflate;q=0.6,identity;q=0.3
  response:
    status:
      code: 200
      message: OK
    headers:
      Allow:
      - GET, HEAD, OPTIONS
      Content-Type:
      - application/json
      Date:
      - Thu, 17 Jan 2019 12:17:26 GMT
      Server:
      - nginx/1.15.5
      Vary:
      - Accept, Cookie
      - Accept-Encoding
      X-Frame-Options:
      - SAMEORIGIN
      Content-Length:
      - '213'
      Connection:
      - keep-alive
    body:
      encoding: ASCII-8BIT
      string: '{"count":1,"next":null,"previous":null,"results":[{"id":43580,"scenario":4,"advocate_type":"JUNIOR","fee_type":29,"offence_class":null,"scheme":3,"unit":"HOUR","fee_per_unit":"39.00000","fixed_fee":"0.00000","limit_from":1,"limit_to":240,"modifiers":[],"strict_range":false}]}'
    http_version: 
  recorded_at: Thu, 17 Jan 2019 12:17:26 GMT
- request:
    method: get
    uri: https://laa-fee-calculator-production.apps.cloud-platform-live-0.k8s.integration.dsd.io/api/v1/fee-schemes/3/prices/?advocate_type=JUNIOR&fee_type_code=AGFS_NOTING_BRF&limit_from=1&offence_class=17.1&scenario=4
    body:
      encoding: US-ASCII
      string: ''
    headers:
      Accept:
      - application/json
      User-Agent:
      - laa-fee-calculator-client/0.2.0
      Accept-Encoding:
      - gzip;q=1.0,deflate;q=0.6,identity;q=0.3
  response:
    status:
      code: 200
      message: OK
    headers:
      Allow:
      - GET, HEAD, OPTIONS
      Content-Type:
      - application/json
      Date:
      - Thu, 17 Jan 2019 12:17:26 GMT
      Server:
      - nginx/1.15.5
      Vary:
      - Accept, Cookie
      - Accept-Encoding
      X-Frame-Options:
      - SAMEORIGIN
      Content-Length:
      - '215'
      Connection:
      - keep-alive
    body:
      encoding: ASCII-8BIT
      string: '{"count":1,"next":null,"previous":null,"results":[{"id":43565,"scenario":4,"advocate_type":"JUNIOR","fee_type":20,"offence_class":null,"scheme":3,"unit":"DAY","fee_per_unit":"108.00000","fixed_fee":"0.00000","limit_from":1,"limit_to":30,"modifiers":[],"strict_range":false}]}'
    http_version: 
  recorded_at: Thu, 17 Jan 2019 12:17:26 GMT
- request:
    method: get
    uri: https://laa-fee-calculator-production.apps.cloud-platform-live-0.k8s.integration.dsd.io/api/v1/fee-schemes/?case_date=2018-04-01&type=AGFS
    body:
      encoding: US-ASCII
      string: ''
    headers:
      Accept:
      - application/json
      User-Agent:
      - laa-fee-calculator-client/0.2.0
      Accept-Encoding:
      - gzip;q=1.0,deflate;q=0.6,identity;q=0.3
  response:
    status:
      code: 200
      message: OK
    headers:
      Allow:
      - GET, HEAD, OPTIONS
      Content-Type:
      - application/json
      Date:
      - Thu, 17 Jan 2019 12:17:27 GMT
      Server:
      - nginx/1.15.5
      Vary:
      - Accept, Cookie
      X-Frame-Options:
      - SAMEORIGIN
      Content-Length:
      - '159'
      Connection:
      - keep-alive
    body:
      encoding: UTF-8
      string: '{"count":1,"next":null,"previous":null,"results":[{"id":3,"start_date":"2018-04-01","end_date":"2018-12-30","type":"AGFS","description":"AGFS
        Fee Scheme 10"}]}'
    http_version: 
  recorded_at: Thu, 17 Jan 2019 12:17:27 GMT
- request:
    method: get
    uri: https://laa-fee-calculator-production.apps.cloud-platform-live-0.k8s.integration.dsd.io/api/v1/fee-schemes/?case_date=2018-04-01&type=AGFS
    body:
      encoding: US-ASCII
      string: ''
    headers:
      Accept:
      - application/json
      User-Agent:
      - laa-fee-calculator-client/0.2.0
      Accept-Encoding:
      - gzip;q=1.0,deflate;q=0.6,identity;q=0.3
  response:
    status:
      code: 200
      message: OK
    headers:
      Allow:
      - GET, HEAD, OPTIONS
      Content-Type:
      - application/json
      Date:
      - Thu, 17 Jan 2019 12:17:27 GMT
      Server:
      - nginx/1.15.5
      Vary:
      - Accept, Cookie
      X-Frame-Options:
      - SAMEORIGIN
      Content-Length:
      - '159'
      Connection:
      - keep-alive
    body:
      encoding: UTF-8
      string: '{"count":1,"next":null,"previous":null,"results":[{"id":3,"start_date":"2018-04-01","end_date":"2018-12-30","type":"AGFS","description":"AGFS
        Fee Scheme 10"}]}'
    http_version: 
  recorded_at: Thu, 17 Jan 2019 12:17:27 GMT
- request:
    method: get
    uri: https://laa-fee-calculator-production.apps.cloud-platform-live-0.k8s.integration.dsd.io/api/v1/fee-schemes/3/scenarios/
    body:
      encoding: US-ASCII
      string: ''
    headers:
      Accept:
      - application/json
      User-Agent:
      - laa-fee-calculator-client/0.2.0
      Accept-Encoding:
      - gzip;q=1.0,deflate;q=0.6,identity;q=0.3
  response:
    status:
      code: 200
      message: OK
    headers:
      Allow:
      - GET, HEAD, OPTIONS
      Content-Type:
      - application/json
      Date:
      - Thu, 17 Jan 2019 12:17:27 GMT
      Server:
      - nginx/1.15.5
      Vary:
      - Accept, Cookie
      - Accept-Encoding
      X-Frame-Options:
      - SAMEORIGIN
      Content-Length:
      - '350'
      Connection:
      - keep-alive
    body:
      encoding: ASCII-8BIT
      string: '{"count":17,"next":null,"previous":null,"results":[{"id":1,"name":"Discontinuance","code":"AS000001"},{"id":2,"name":"Guilty
        plea","code":"AS000002"},{"id":3,"name":"Cracked trial","code":"AS000003"},{"id":4,"name":"Trial","code":"AS000004"},{"id":5,"name":"Appeal
        against conviction","code":"AS000005"},{"id":6,"name":"Appeal against sentence","code":"AS000006"},{"id":7,"name":"Committal
        for sentence","code":"AS000007"},{"id":8,"name":"Contempt","code":"AS000008"},{"id":9,"name":"Breach
        of crown court order","code":"AS000009"},{"id":10,"name":"Cracked before retrial","code":"AS000010"},{"id":11,"name":"Retrial","code":"AS000011"},{"id":12,"name":"Elected
        case not proceeded","code":"AS000014"},{"id":47,"name":"Warrant issued - trial","code":null},{"id":51,"name":"Warrant
        issued - appeal against conviction","code":null},{"id":52,"name":"Warrant
        issued - appeal against sentence","code":null},{"id":53,"name":"Warrant issued
        - committal for sentence","code":null},{"id":54,"name":"Warrant issued - breach
        of crown court order","code":null}]}'
    http_version: 
  recorded_at: Thu, 17 Jan 2019 12:17:27 GMT
- request:
    method: get
    uri: https://laa-fee-calculator-production.apps.cloud-platform-live-0.k8s.integration.dsd.io/api/v1/fee-schemes/3/scenarios/
    body:
      encoding: US-ASCII
      string: ''
    headers:
      Accept:
      - application/json
      User-Agent:
      - laa-fee-calculator-client/0.2.0
      Accept-Encoding:
      - gzip;q=1.0,deflate;q=0.6,identity;q=0.3
  response:
    status:
      code: 200
      message: OK
    headers:
      Allow:
      - GET, HEAD, OPTIONS
      Content-Type:
      - application/json
      Date:
      - Thu, 17 Jan 2019 12:17:27 GMT
      Server:
      - nginx/1.15.5
      Vary:
      - Accept, Cookie
      - Accept-Encoding
      X-Frame-Options:
      - SAMEORIGIN
      Content-Length:
      - '350'
      Connection:
      - keep-alive
    body:
      encoding: ASCII-8BIT
      string: '{"count":17,"next":null,"previous":null,"results":[{"id":1,"name":"Discontinuance","code":"AS000001"},{"id":2,"name":"Guilty
        plea","code":"AS000002"},{"id":3,"name":"Cracked trial","code":"AS000003"},{"id":4,"name":"Trial","code":"AS000004"},{"id":5,"name":"Appeal
        against conviction","code":"AS000005"},{"id":6,"name":"Appeal against sentence","code":"AS000006"},{"id":7,"name":"Committal
        for sentence","code":"AS000007"},{"id":8,"name":"Contempt","code":"AS000008"},{"id":9,"name":"Breach
        of crown court order","code":"AS000009"},{"id":10,"name":"Cracked before retrial","code":"AS000010"},{"id":11,"name":"Retrial","code":"AS000011"},{"id":12,"name":"Elected
        case not proceeded","code":"AS000014"},{"id":47,"name":"Warrant issued - trial","code":null},{"id":51,"name":"Warrant
        issued - appeal against conviction","code":null},{"id":52,"name":"Warrant
        issued - appeal against sentence","code":null},{"id":53,"name":"Warrant issued
        - committal for sentence","code":null},{"id":54,"name":"Warrant issued - breach
        of crown court order","code":null}]}'
    http_version: 
  recorded_at: Thu, 17 Jan 2019 12:17:27 GMT
- request:
    method: get
    uri: https://laa-fee-calculator-production.apps.cloud-platform-live-0.k8s.integration.dsd.io/api/v1/fee-schemes/3/prices/?advocate_type=JUNIOR&fee_type_code=AGFS_SPCL_PREP&limit_from=1&offence_class=17.1&scenario=4
    body:
      encoding: US-ASCII
      string: ''
    headers:
      Accept:
      - application/json
      User-Agent:
      - laa-fee-calculator-client/0.2.0
      Accept-Encoding:
      - gzip;q=1.0,deflate;q=0.6,identity;q=0.3
  response:
    status:
      code: 200
      message: OK
    headers:
      Allow:
      - GET, HEAD, OPTIONS
      Content-Type:
      - application/json
      Date:
      - Thu, 17 Jan 2019 12:17:27 GMT
      Server:
      - nginx/1.15.5
      Vary:
      - Accept, Cookie
      - Accept-Encoding
      X-Frame-Options:
      - SAMEORIGIN
      Content-Length:
      - '213'
      Connection:
      - keep-alive
    body:
      encoding: ASCII-8BIT
      string: '{"count":1,"next":null,"previous":null,"results":[{"id":43580,"scenario":4,"advocate_type":"JUNIOR","fee_type":29,"offence_class":null,"scheme":3,"unit":"HOUR","fee_per_unit":"39.00000","fixed_fee":"0.00000","limit_from":1,"limit_to":240,"modifiers":[],"strict_range":false}]}'
    http_version: 
  recorded_at: Thu, 17 Jan 2019 12:17:27 GMT
- request:
    method: get
    uri: https://laa-fee-calculator-production.apps.cloud-platform-live-0.k8s.integration.dsd.io/api/v1/fee-schemes/3/prices/?advocate_type=JUNIOR&fee_type_code=AGFS_NOTING_BRF&limit_from=1&offence_class=17.1&scenario=4
    body:
      encoding: US-ASCII
      string: ''
    headers:
      Accept:
      - application/json
      User-Agent:
      - laa-fee-calculator-client/0.2.0
      Accept-Encoding:
      - gzip;q=1.0,deflate;q=0.6,identity;q=0.3
  response:
    status:
      code: 200
      message: OK
    headers:
      Allow:
      - GET, HEAD, OPTIONS
      Content-Type:
      - application/json
      Date:
      - Thu, 17 Jan 2019 12:17:27 GMT
      Server:
      - nginx/1.15.5
      Vary:
      - Accept, Cookie
      - Accept-Encoding
      X-Frame-Options:
      - SAMEORIGIN
      Content-Length:
      - '215'
      Connection:
      - keep-alive
    body:
      encoding: ASCII-8BIT
      string: '{"count":1,"next":null,"previous":null,"results":[{"id":43565,"scenario":4,"advocate_type":"JUNIOR","fee_type":20,"offence_class":null,"scheme":3,"unit":"DAY","fee_per_unit":"108.00000","fixed_fee":"0.00000","limit_from":1,"limit_to":30,"modifiers":[],"strict_range":false}]}'
    http_version: 
  recorded_at: Thu, 17 Jan 2019 12:17:27 GMT
recorded_with: VCR 3.0.3
