---
http_interactions:
- request:
    method: get
    uri: http://localhost:3001/api/case_workers/claims?api_key=4859bd0c-babb-43bf-8de7-22793b46d0db&direction=asc&limit=10&page=0&search=&sorting=last_submitted_at&status=current
    body:
      encoding: US-ASCII
      string: ''
    headers:
      Accept:
      - "*/*"
      User-Agent:
      - rest-client/2.1.0 (darwin17.7.0 x86_64) ruby/2.6.5p114
      Accept-Encoding:
      - gzip;q=1.0,deflate;q=0.6,identity;q=0.3
      Host:
      - localhost:3001
  response:
    status:
      code: 200
      message: OK
    headers:
      Cache-Control:
      - no-cache
      Content-Type:
      - application/json
      Vary:
      - Accept-Encoding
      Etag:
      - W/"b2a59eb02319aec6a5279b5d23be5c00"
      X-Meta-Request-Version:
      - 0.7.2
      X-Request-Id:
      - 547d5afa-e83b-4bc3-af59-c76213ba3fdd
      X-Runtime:
      - '0.577614'
      Transfer-Encoding:
      - chunked
    body:
      encoding: ASCII-8BIT
      string: '{"pagination":{"current_page":1,"total_pages":1,"total_count":1,"limit_value":10},"items":[{"id":1,"uuid":"c76e02f1-ee0c-49fa-aa08-06f580b73f91","case_number":"A20161234","state":"allocated","type":"Claim::AdvocateClaim","last_submitted_at":"2020-10-08T09:25:12Z","total":0.0,"vat_amount":0.0,"opened_for_redetermination":false,"written_reasons_outstanding":false,"disk_evidence":false,"prosecution_evidence":null,"messages_count":0,"unread_messages_count":0,"external_user":{"id":1,"uuid":"577b0bbf-9896-410a-abc4-06a0116e7017","first_name":"Len","last_name":"Hayes","email":"leigh.smitham@quitzon.co"},"defendants":[{"id":1,"uuid":"4e7ebf65-2cdf-4cc9-8421-9da146612ba1","first_name":"Hershel","last_name":"Breitenberg","date_of_birth":"1990-10-08","representation_orders":[{"id":1,"uuid":"e3d7c0ba-f517-45d4-bc83-ff25a76564ca","maat_reference":"9717529","date":"2016-01-01"},{"id":2,"uuid":"4ca15c1e-81d6-487a-b6b1-bdc07246db32","maat_reference":"6241201","date":"2019-09-24"}]}],"case_type":{"id":232,"name":"Case
        Type 1","is_fixed_fee":false,"requires_cracked_dates":false,"requires_trial_dates":false,"allow_pcmh_fee_type":false,"requires_maat_reference":true,"requires_retrial_dates":false,"roles":["agfs","lgfs"],"fee_type_code":null},"injection_attempts":[{"succeeded":false,"error_messages":["injection
        error 1","injection error 2"],"deleted_at":null}],"case_workers":[{"id":2,"uuid":"2df8d084-f2ba-401b-8be8-e97edb0e4005","first_name":"Cesar","last_name":"Medhurst","email":"cesar.medhurst@laa.gov.uk"},{"id":1,"uuid":"3f25c943-6bb8-4f20-b6be-f5c91be68c6f","first_name":"Jerold","last_name":"Blanda","email":"jerold.blanda@laa.gov.uk"}],"court":{"id":701,"code":"BSK-1","name":"Dach,
        Olson and Reichert-1","court_type":"crown"}}]}'
  recorded_at: Thu, 08 Oct 2020 09:25:16 GMT
- request:
    method: get
    uri: http://localhost:3001/api/case_workers/claims?api_key=4859bd0c-babb-43bf-8de7-22793b46d0db&direction=asc&limit=10&page=0&search=&sorting=last_submitted_at&status=current
    body:
      encoding: US-ASCII
      string: ''
    headers:
      Accept:
      - "*/*"
      User-Agent:
      - rest-client/2.1.0 (darwin17.7.0 x86_64) ruby/2.6.5p114
      Accept-Encoding:
      - gzip;q=1.0,deflate;q=0.6,identity;q=0.3
      Host:
      - localhost:3001
  response:
    status:
      code: 200
      message: OK
    headers:
      Cache-Control:
      - no-cache
      Content-Type:
      - application/json
      Vary:
      - Accept-Encoding
      Etag:
      - W/"b2a59eb02319aec6a5279b5d23be5c00"
      X-Meta-Request-Version:
      - 0.7.2
      X-Request-Id:
      - 6220cb17-20b2-48be-b6bb-638727a67e26
      X-Runtime:
      - '0.049009'
      Transfer-Encoding:
      - chunked
    body:
      encoding: ASCII-8BIT
      string: '{"pagination":{"current_page":1,"total_pages":1,"total_count":1,"limit_value":10},"items":[{"id":1,"uuid":"c76e02f1-ee0c-49fa-aa08-06f580b73f91","case_number":"A20161234","state":"allocated","type":"Claim::AdvocateClaim","last_submitted_at":"2020-10-08T09:25:12Z","total":0.0,"vat_amount":0.0,"opened_for_redetermination":false,"written_reasons_outstanding":false,"disk_evidence":false,"prosecution_evidence":null,"messages_count":0,"unread_messages_count":0,"external_user":{"id":1,"uuid":"577b0bbf-9896-410a-abc4-06a0116e7017","first_name":"Len","last_name":"Hayes","email":"leigh.smitham@quitzon.co"},"defendants":[{"id":1,"uuid":"4e7ebf65-2cdf-4cc9-8421-9da146612ba1","first_name":"Hershel","last_name":"Breitenberg","date_of_birth":"1990-10-08","representation_orders":[{"id":1,"uuid":"e3d7c0ba-f517-45d4-bc83-ff25a76564ca","maat_reference":"9717529","date":"2016-01-01"},{"id":2,"uuid":"4ca15c1e-81d6-487a-b6b1-bdc07246db32","maat_reference":"6241201","date":"2019-09-24"}]}],"case_type":{"id":232,"name":"Case
        Type 1","is_fixed_fee":false,"requires_cracked_dates":false,"requires_trial_dates":false,"allow_pcmh_fee_type":false,"requires_maat_reference":true,"requires_retrial_dates":false,"roles":["agfs","lgfs"],"fee_type_code":null},"injection_attempts":[{"succeeded":false,"error_messages":["injection
        error 1","injection error 2"],"deleted_at":null}],"case_workers":[{"id":2,"uuid":"2df8d084-f2ba-401b-8be8-e97edb0e4005","first_name":"Cesar","last_name":"Medhurst","email":"cesar.medhurst@laa.gov.uk"},{"id":1,"uuid":"3f25c943-6bb8-4f20-b6be-f5c91be68c6f","first_name":"Jerold","last_name":"Blanda","email":"jerold.blanda@laa.gov.uk"}],"court":{"id":701,"code":"BSK-1","name":"Dach,
        Olson and Reichert-1","court_type":"crown"}}]}'
  recorded_at: Thu, 08 Oct 2020 09:25:16 GMT
- request:
    method: get
    uri: http://localhost:3001/api/case_workers/claims?api_key=4859bd0c-babb-43bf-8de7-22793b46d0db&direction=asc&limit=10&page=0&search=&sorting=last_submitted_at&status=current
    body:
      encoding: US-ASCII
      string: ''
    headers:
      Accept:
      - "*/*"
      User-Agent:
      - rest-client/2.1.0 (darwin17.7.0 x86_64) ruby/2.6.5p114
      Accept-Encoding:
      - gzip;q=1.0,deflate;q=0.6,identity;q=0.3
      Host:
      - localhost:3001
  response:
    status:
      code: 200
      message: OK
    headers:
      Cache-Control:
      - no-cache
      Content-Type:
      - application/json
      Vary:
      - Accept-Encoding
      Etag:
      - W/"157f91dc7f685618e4d270f6ecccf5b2"
      X-Meta-Request-Version:
      - 0.7.2
      X-Request-Id:
      - c6e8a95c-57de-4ad1-8a57-02e00cc7fbf9
      X-Runtime:
      - '0.071217'
      Transfer-Encoding:
      - chunked
    body:
      encoding: ASCII-8BIT
      string: '{"pagination":{"current_page":1,"total_pages":1,"total_count":1,"limit_value":10},"items":[{"id":1,"uuid":"c76e02f1-ee0c-49fa-aa08-06f580b73f91","case_number":"A20161234","state":"allocated","type":"Claim::AdvocateClaim","last_submitted_at":"2020-10-08T09:25:12Z","total":0.0,"vat_amount":0.0,"opened_for_redetermination":false,"written_reasons_outstanding":false,"disk_evidence":false,"prosecution_evidence":null,"messages_count":0,"unread_messages_count":0,"external_user":{"id":1,"uuid":"577b0bbf-9896-410a-abc4-06a0116e7017","first_name":"Len","last_name":"Hayes","email":"leigh.smitham@quitzon.co"},"defendants":[{"id":1,"uuid":"4e7ebf65-2cdf-4cc9-8421-9da146612ba1","first_name":"Hershel","last_name":"Breitenberg","date_of_birth":"1990-10-08","representation_orders":[{"id":1,"uuid":"e3d7c0ba-f517-45d4-bc83-ff25a76564ca","maat_reference":"9717529","date":"2016-01-01"},{"id":2,"uuid":"4ca15c1e-81d6-487a-b6b1-bdc07246db32","maat_reference":"6241201","date":"2019-09-24"}]}],"case_type":{"id":232,"name":"Case
        Type 1","is_fixed_fee":false,"requires_cracked_dates":false,"requires_trial_dates":false,"allow_pcmh_fee_type":false,"requires_maat_reference":true,"requires_retrial_dates":false,"roles":["agfs","lgfs"],"fee_type_code":null},"injection_attempts":[{"succeeded":false,"error_messages":["injection
        error 1","injection error 2"],"deleted_at":"2020-10-08T10:25:28+01:00"}],"case_workers":[{"id":2,"uuid":"2df8d084-f2ba-401b-8be8-e97edb0e4005","first_name":"Cesar","last_name":"Medhurst","email":"cesar.medhurst@laa.gov.uk"},{"id":1,"uuid":"3f25c943-6bb8-4f20-b6be-f5c91be68c6f","first_name":"Jerold","last_name":"Blanda","email":"jerold.blanda@laa.gov.uk"}],"court":{"id":701,"code":"BSK-1","name":"Dach,
        Olson and Reichert-1","court_type":"crown"}}]}'
  recorded_at: Thu, 08 Oct 2020 09:25:29 GMT
recorded_with: VCR 6.0.0
