---
http_interactions:
- request:
    method: get
    uri: http://127.0.0.1:51706/__identify__
    body:
      encoding: US-ASCII
      string: ''
    headers:
      Accept-Encoding:
      - gzip;q=1.0,deflate;q=0.6,identity;q=0.3
      Accept:
      - "*/*"
      User-Agent:
      - Ruby
  response:
    status:
      code: 200
      message: 'OK '
    headers:
      Server:
      - WEBrick/1.3.1 (Ruby/2.2.3/2015-08-18)
      Date:
      - Tue, 01 Sep 2015 08:38:27 GMT
      Content-Length:
      - '14'
      Connection:
      - Keep-Alive
    body:
      encoding: UTF-8
      string: '70127126558560'
    http_version: 
  recorded_at: Tue, 01 Sep 2015 08:38:27 GMT
- request:
    method: get
    uri: http://127.0.0.1:51743/__identify__
    body:
      encoding: US-ASCII
      string: ''
    headers:
      Accept-Encoding:
      - gzip;q=1.0,deflate;q=0.6,identity;q=0.3
      Accept:
      - "*/*"
      User-Agent:
      - Ruby
  response:
    status:
      code: 200
      message: 'OK '
    headers:
      Server:
      - WEBrick/1.3.1 (Ruby/2.2.3/2015-08-18)
      Date:
      - Tue, 01 Sep 2015 08:42:22 GMT
      Content-Length:
      - '14'
      Connection:
      - Keep-Alive
    body:
      encoding: UTF-8
      string: '70204111611800'
    http_version: 
  recorded_at: Tue, 01 Sep 2015 08:42:22 GMT
- request:
    method: get
    uri: http://127.0.0.1:51771/__identify__
    body:
      encoding: US-ASCII
      string: ''
    headers:
      Accept-Encoding:
      - gzip;q=1.0,deflate;q=0.6,identity;q=0.3
      Accept:
      - "*/*"
      User-Agent:
      - Ruby
  response:
    status:
      code: 200
      message: 'OK '
    headers:
      Server:
      - WEBrick/1.3.1 (Ruby/2.2.3/2015-08-18)
      Date:
      - Tue, 01 Sep 2015 08:46:47 GMT
      Content-Length:
      - '14'
      Connection:
      - Keep-Alive
    body:
      encoding: UTF-8
      string: '70208142294720'
    http_version: 
  recorded_at: Tue, 01 Sep 2015 08:46:47 GMT
- request:
    method: get
    uri: http://127.0.0.1:51834/__identify__
    body:
      encoding: US-ASCII
      string: ''
    headers:
      Accept-Encoding:
      - gzip;q=1.0,deflate;q=0.6,identity;q=0.3
      Accept:
      - "*/*"
      User-Agent:
      - Ruby
  response:
    status:
      code: 200
      message: 'OK '
    headers:
      Server:
      - WEBrick/1.3.1 (Ruby/2.2.3/2015-08-18)
      Date:
      - Tue, 01 Sep 2015 09:00:05 GMT
      Content-Length:
      - '14'
      Connection:
      - Keep-Alive
    body:
      encoding: UTF-8
      string: '70132738352400'
    http_version: 
  recorded_at: Tue, 01 Sep 2015 09:00:05 GMT
- request:
    method: get
    uri: http://127.0.0.1:51849/__identify__
    body:
      encoding: US-ASCII
      string: ''
    headers:
      Accept-Encoding:
      - gzip;q=1.0,deflate;q=0.6,identity;q=0.3
      Accept:
      - "*/*"
      User-Agent:
      - Ruby
  response:
    status:
      code: 200
      message: 'OK '
    headers:
      Server:
      - WEBrick/1.3.1 (Ruby/2.2.3/2015-08-18)
      Date:
      - Tue, 01 Sep 2015 09:01:15 GMT
      Content-Length:
      - '14'
      Connection:
      - Keep-Alive
    body:
      encoding: UTF-8
      string: '70135512544620'
    http_version: 
  recorded_at: Tue, 01 Sep 2015 09:01:15 GMT
recorded_with: VCR 2.9.3
